Archive member included to satisfy reference by file (symbol)

.\CortexM3\ARM_GCC_541\Debug\ElectronicClock.a(ErikaOS_1_ee_activate.o)
                              .\CortexM3\ARM_GCC_541\Debug\main.o (EE_oo_ActivateTask)
.\CortexM3\ARM_GCC_541\Debug\ElectronicClock.a(ErikaOS_1_ee_alsetrel.o)
                              .\CortexM3\ARM_GCC_541\Debug\main.o (EE_oo_SetRelAlarm)
.\CortexM3\ARM_GCC_541\Debug\ElectronicClock.a(ErikaOS_1_ee_altick.o)
                              .\CortexM3\ARM_GCC_541\Debug\ElectronicClock.a(ErikaOS_1_ee_alsetrel.o) (EE_oo_counter_object_insert)
.\CortexM3\ARM_GCC_541\Debug\ElectronicClock.a(ErikaOS_1_ee_evclear.o)
                              .\CortexM3\ARM_GCC_541\Debug\tsk_control.o (EE_oo_ClearEvent)
.\CortexM3\ARM_GCC_541\Debug\ElectronicClock.a(ErikaOS_1_ee_evget.o)
                              .\CortexM3\ARM_GCC_541\Debug\tsk_control.o (EE_oo_GetEvent)
.\CortexM3\ARM_GCC_541\Debug\ElectronicClock.a(ErikaOS_1_ee_evset.o)
                              .\CortexM3\ARM_GCC_541\Debug\main.o (EE_oo_SetEvent)
.\CortexM3\ARM_GCC_541\Debug\ElectronicClock.a(ErikaOS_1_ee_evwait.o)
                              .\CortexM3\ARM_GCC_541\Debug\tsk_control.o (EE_oo_WaitEvent)
.\CortexM3\ARM_GCC_541\Debug\ElectronicClock.a(ErikaOS_1_ee_irqendin.o)
                              .\CortexM3\ARM_GCC_541\Debug\main.o (EE_IRQ_end_post_stub)
.\CortexM3\ARM_GCC_541\Debug\ElectronicClock.a(ErikaOS_1_ee_lockres.o)
                              .\CortexM3\ARM_GCC_541\Debug\main.o (EE_oo_GetResource)
.\CortexM3\ARM_GCC_541\Debug\ElectronicClock.a(ErikaOS_1_ee_lookup.o)
                              .\CortexM3\ARM_GCC_541\Debug\ElectronicClock.a(ErikaOS_1_ee_irqendin.o) (EE_oo_IRQ_disable_count)
.\CortexM3\ARM_GCC_541\Debug\ElectronicClock.a(ErikaOS_1_ee_rq_exchg.o)
                              .\CortexM3\ARM_GCC_541\Debug\ElectronicClock.a(ErikaOS_1_ee_activate.o) (EE_rq2stk_exchange)
.\CortexM3\ARM_GCC_541\Debug\ElectronicClock.a(ErikaOS_1_ee_rq_first.o)
                              .\CortexM3\ARM_GCC_541\Debug\ElectronicClock.a(ErikaOS_1_ee_activate.o) (EE_rq_queryfirst)
.\CortexM3\ARM_GCC_541\Debug\ElectronicClock.a(ErikaOS_1_ee_rq_inser.o)
                              .\CortexM3\ARM_GCC_541\Debug\ElectronicClock.a(ErikaOS_1_ee_activate.o) (EE_rq_insert)
.\CortexM3\ARM_GCC_541\Debug\ElectronicClock.a(ErikaOS_1_ee_startos.o)
                              .\CortexM3\ARM_GCC_541\Debug\main.o (EE_oo_StartOS)
.\CortexM3\ARM_GCC_541\Debug\ElectronicClock.a(ErikaOS_1_ee_terminat.o)
                              .\CortexM3\ARM_GCC_541\Debug\main.o (EE_oo_TerminateTask)
.\CortexM3\ARM_GCC_541\Debug\ElectronicClock.a(ErikaOS_1_ee_ulockres.o)
                              .\CortexM3\ARM_GCC_541\Debug\main.o (EE_oo_ReleaseResource)
.\CortexM3\ARM_GCC_541\Debug\ElectronicClock.a(ErikaOS_1_cortex_mx_ee_utils.o)
                              .\CortexM3\ARM_GCC_541\Debug\main.o (EE_system_init)
.\CortexM3\ARM_GCC_541\Debug\ElectronicClock.a(ErikaOS_1_common_ee_hal_structs.o)
                              .\CortexM3\ARM_GCC_541\Debug\ElectronicClock.a(ErikaOS_1_ee_irqendin.o) (EE_std_endcycle_next_tid)
.\CortexM3\ARM_GCC_541\Debug\ElectronicClock.a(ErikaOS_1_eecfg.o)
                              .\CortexM3\ARM_GCC_541\Debug\ElectronicClock.a(ErikaOS_1_ee_startos.o) (EE_oo_autostart_task_data)
.\CortexM3\ARM_GCC_541\Debug\ElectronicClock.a(SEVEN_reg.o)
                              .\CortexM3\ARM_GCC_541\Debug\seven.o (SEVEN_reg_Write)
.\CortexM3\ARM_GCC_541\Debug\ElectronicClock.a(UART_LOG.o)
                              .\CortexM3\ARM_GCC_541\Debug\main.o (UART_LOG_Start)
.\CortexM3\ARM_GCC_541\Debug\ElectronicClock.a(RGB_PWM_blue.o)
                              .\CortexM3\ARM_GCC_541\Debug\led.o (RGB_PWM_blue_WriteCompare1)
.\CortexM3\ARM_GCC_541\Debug\ElectronicClock.a(RGB_PWM_green.o)
                              .\CortexM3\ARM_GCC_541\Debug\led.o (RGB_PWM_green_WriteCompare1)
.\CortexM3\ARM_GCC_541\Debug\ElectronicClock.a(RGB_PWM_red.o)
                              .\CortexM3\ARM_GCC_541\Debug\led.o (RGB_PWM_red_WriteCompare1)
.\CortexM3\ARM_GCC_541\Debug\ElectronicClock.a(LED_yellow.o)
                              .\CortexM3\ARM_GCC_541\Debug\led.o (LED_yellow_Write)
.\CortexM3\ARM_GCC_541\Debug\ElectronicClock.a(LED_green.o)
                              .\CortexM3\ARM_GCC_541\Debug\led.o (LED_green_Write)
.\CortexM3\ARM_GCC_541\Debug\ElectronicClock.a(LED_red.o)
                              .\CortexM3\ARM_GCC_541\Debug\led.o (LED_red_Write)
.\CortexM3\ARM_GCC_541\Debug\ElectronicClock.a(SEVEN_SELECT.o)
                              .\CortexM3\ARM_GCC_541\Debug\seven.o (SEVEN_SELECT_Write)
.\CortexM3\ARM_GCC_541\Debug\ElectronicClock.a(BUTTON_1.o)
                              .\CortexM3\ARM_GCC_541\Debug\button.o (BUTTON_1_Read)
.\CortexM3\ARM_GCC_541\Debug\ElectronicClock.a(BUTTON_2.o)
                              .\CortexM3\ARM_GCC_541\Debug\button.o (BUTTON_2_Read)
[...]
Memory Configuration

Name             Origin             Length             Attributes
rom              0x00000000         0x00040000         xr
ram              0x1fff8000         0x00010000         xrw
*default*        0x00000000         0xffffffff

Linker script and memory map

LOAD c:/program files (x86)/cypress/psoc creator/4.4/psoc creator/import/gnu/arm/5.4.1/bin/../lib/gcc/arm-none-eabi/5.4.1/armv7-m/crti.o
LOAD c:/program files (x86)/cypress/psoc creator/4.4/psoc creator/import/gnu/arm/5.4.1/bin/../lib/gcc/arm-none-eabi/5.4.1/armv7-m/crtbegin.o
LOAD c:/program files (x86)/cypress/psoc creator/4.4/psoc creator/import/gnu/arm/5.4.1/bin/../lib/gcc/arm-none-eabi/5.4.1/../../../../arm-none-eabi/lib/armv7-m/crt0.o
START GROUP
LOAD .\CortexM3\ARM_GCC_541\Debug\main.o
LOAD .\CortexM3\ARM_GCC_541\Debug\swc_clock.o
LOAD .\CortexM3\ARM_GCC_541\Debug\tsk_control.o
LOAD .\CortexM3\ARM_GCC_541\Debug\tsk_hmi.o
LOAD .\CortexM3\ARM_GCC_541\Debug\tsk_io.o
LOAD .\CortexM3\ARM_GCC_541\Debug\tsk_system.o
LOAD .\CortexM3\ARM_GCC_541\Debug\statemachine.o
LOAD .\CortexM3\ARM_GCC_541\Debug\button.o
LOAD .\CortexM3\ARM_GCC_541\Debug\joystick.o
LOAD .\CortexM3\ARM_GCC_541\Debug\led.o
LOAD .\CortexM3\ARM_GCC_541\Debug\seven.o
LOAD .\CortexM3\ARM_GCC_541\Debug\watchdog.o
LOAD .\CortexM3\ARM_GCC_541\Debug\logging.o
LOAD .\CortexM3\ARM_GCC_541\Debug\tft.o
LOAD .\CortexM3\ARM_GCC_541\Debug\rte.o
LOAD .\CortexM3\ARM_GCC_541\Debug\sc_clock.o
LOAD .\CortexM3\ARM_GCC_541\Debug\sc_clock_type.o
LOAD .\CortexM3\ARM_GCC_541\Debug\sc_event.o
LOAD .\CortexM3\ARM_GCC_541\Debug\sp_common.o
LOAD .\CortexM3\ARM_GCC_541\Debug\cyfitter_cfg.o
LOAD .\CortexM3\ARM_GCC_541\Debug\cymetadata.o
LOAD .\CortexM3\ARM_GCC_541\Debug\Cm3Start.o
LOAD .\CortexM3\ARM_GCC_541\Debug\ElectronicClock.a
LOAD C:\Program Files (x86)\Cypress\PSoC Creator\4.4\PSoC Creator\psoc\content\cycomponentlibrary\CyComponentLibrary.cylib\CortexM3\ARM_GCC_541\Debug\CyComponentLibrary.a
END GROUP
START GROUP
LOAD c:/program files (x86)/cypress/psoc creator/4.4/psoc creator/import/gnu/arm/5.4.1/bin/../lib/gcc/arm-none-eabi/5.4.1/armv7-m\libgcc.a
LOAD c:/program files (x86)/cypress/psoc creator/4.4/psoc creator/import/gnu/arm/5.4.1/bin/../lib/gcc/arm-none-eabi/5.4.1/../../../../arm-none-eabi/lib/armv7-m\libg_nano.a
LOAD c:/program files (x86)/cypress/psoc creator/4.4/psoc creator/import/gnu/arm/5.4.1/bin/../lib/gcc/arm-none-eabi/5.4.1/../../../../arm-none-eabi/lib/armv7-m\libc_nano.a
END GROUP
START GROUP
LOAD c:/program files (x86)/cypress/psoc creator/4.4/psoc creator/import/gnu/arm/5.4.1/bin/../lib/gcc/arm-none-eabi/5.4.1/armv7-m\libgcc.a
LOAD c:/program files (x86)/cypress/psoc creator/4.4/psoc creator/import/gnu/arm/5.4.1/bin/../lib/gcc/arm-none-eabi/5.4.1/../../../../arm-none-eabi/lib/armv7-m\libc_nano.a
END GROUP
LOAD c:/program files (x86)/cypress/psoc creator/4.4/psoc creator/import/gnu/arm/5.4.1/bin/../lib/gcc/arm-none-eabi/5.4.1/armv7-m/crtend.o
LOAD c:/program files (x86)/cypress/psoc creator/4.4/psoc creator/import/gnu/arm/5.4.1/bin/../lib/gcc/arm-none-eabi/5.4.1/armv7-m/crtn.o
START GROUP
LOAD c:/program files (x86)/cypress/psoc creator/4.4/psoc creator/import/gnu/arm/5.4.1/bin/../lib/gcc/arm-none-eabi/5.4.1/armv7-m\libgcc.a
LOAD c:/program files (x86)/cypress/psoc creator/4.4/psoc creator/import/gnu/arm/5.4.1/bin/../lib/gcc/arm-none-eabi/5.4.1/../../../../arm-none-eabi/lib/armv7-m\libc.a
LOAD c:/program files (x86)/cypress/psoc creator/4.4/psoc creator/import/gnu/arm/5.4.1/bin/../lib/gcc/arm-none-eabi/5.4.1/../../../../arm-none-eabi/lib/armv7-m\libnosys.a
END GROUP
                0x00000000                CY_APPL_ORIGIN = 0x0
                0x00000100                CY_FLASH_ROW_SIZE = 0x100
                0x00000020                CY_ECC_ROW_SIZE = 0x20
                0x00000000                CY_EE_IN_BTLDR = 0x0
                0x00000000                CY_APPL_LOADABLE = 0x0
                0x00000800                CY_EE_SIZE = 0x800
                0x00000001                CY_APPL_NUM = 0x1
                0x00000001                CY_APPL_MAX = 0x1
                0x00000040                CY_METADATA_SIZE = 0x40
                0x00000000                CY_APPL_LOADABLE = 0x0
                0x00000000                CY_CHECKSUM_EXCLUDE_SIZE = ALIGN (0x0, CY_FLASH_ROW_SIZE)
                [!provide]                PROVIDE (__cy_heap_start, _end)
                0x00000001                PROVIDE (__cy_region_num, ((__cy_regions_end - __cy_regions) / 0x10))
                0x20008000                PROVIDE (__cy_stack, (ORIGIN (ram) + LENGTH (ram)))
                [!provide]                PROVIDE (__cy_heap_end, (__cy_stack - 0x800))

.cybootloader   0x00000000        0x0
 *(.cybootloader)
                0x00000000                appl1_start = CY_APPL_ORIGIN?CY_APPL_ORIGIN:ALIGN (CY_FLASH_ROW_SIZE)
                0x0001ff00                appl2_start = (appl1_start + ALIGN ((((LENGTH (rom) - appl1_start) - (0x2 * CY_FLASH_ROW_SIZE)) / 0x2), CY_FLASH_ROW_SIZE))
                0x00000000                appl_start = (CY_APPL_NUM == 0x1)?appl1_start:appl2_start
                0x00000000                ecc_offset = ((appl_start / CY_FLASH_ROW_SIZE) * CY_ECC_ROW_SIZE)
                0x00000000                ee_offset = (CY_APPL_LOADABLE && ! (CY_EE_IN_BTLDR))?((CY_EE_SIZE / CY_APPL_MAX) * (CY_APPL_NUM - 0x1)):0x0
                0x00000800                ee_size = (CY_APPL_LOADABLE && ! (CY_EE_IN_BTLDR))?(CY_EE_SIZE / CY_APPL_MAX):CY_EE_SIZE
                [!provide]                PROVIDE (CY_ECC_OFFSET, ecc_offset)

.text           0x00000000     0x41f0
 CREATE_OBJECT_SYMBOLS
                0x00000000                PROVIDE (__cy_interrupt_vector, RomVectors)
 *(.romvectors)
 .romvectors    0x00000000       0x10 .\CortexM3\ARM_GCC_541\Debug\Cm3Start.o
                0x00000000                RomVectors
                0x00000001                ASSERT ((. != __cy_interrupt_vector), No interrupt vector)
                0x00000001                ASSERT (CY_APPL_ORIGIN?(SIZEOF (.cybootloader) <= CY_APPL_ORIGIN):0x1, Wrong image location)
                0x00000010                PROVIDE (__cy_reset, Reset)
 *(.text.Reset)
 .text.Reset    0x00000010       0x18 .\CortexM3\ARM_GCC_541\Debug\Cm3Start.o
                0x00000010                Reset
                0x00000001                ASSERT ((. != __cy_reset), No reset code)
 *(.dma_init)
                0x00000001                ASSERT ((((appl_start + .) <= 0x10000) || 0x1), DMA Init must be within the first 64k of flash)
 *(.text .text.* .gnu.linkonce.t.*)
 .text          0x00000028       0x5c c:/program files (x86)/cypress/psoc creator/4.4/psoc creator/import/gnu/arm/5.4.1/bin/../lib/gcc/arm-none-eabi/5.4.1/armv7-m/crtbegin.o
 .text.ISR2_systick_handler
                0x00000084        0xc .\CortexM3\ARM_GCC_541\Debug\main.o
                0x00000084                ISR2_systick_handler
 .text.systick_handler
                0x00000090       0x98 .\CortexM3\ARM_GCC_541\Debug\main.o
                0x00000090                systick_handler
 .text.main     0x00000128       0x28 .\CortexM3\ARM_GCC_541\Debug\main.o
                0x00000128                main
 .text.hardware_init
                0x00000150       0x44 .\CortexM3\ARM_GCC_541\Debug\main.o
                0x00000150                hardware_init
 .text.Functsk_init
                0x00000194       0xf4 .\CortexM3\ARM_GCC_541\Debug\main.o
                0x00000194                Functsk_init
 .text.cb_1ms   0x00000288       0x18 .\CortexM3\ARM_GCC_541\Debug\main.o
                0x00000288                cb_1ms
 .text.Functsk_background
                0x000002a0        0x4 .\CortexM3\ARM_GCC_541\Debug\main.o
                0x000002a0                Functsk_background
 .text.CLOCK_input_run
                0x000002a4      0x2c8 .\CortexM3\ARM_GCC_541\Debug\swc_clock.o
                0x000002a4                CLOCK_input_run
 .text.CLOCK_control_run
                0x0000056c      0x140 .\CortexM3\ARM_GCC_541\Debug\swc_clock.o
                0x0000056c                CLOCK_control_run
 .text.CLOCK_display_run
                0x000006ac       0xd8 .\CortexM3\ARM_GCC_541\Debug\swc_clock.o
                0x000006ac                CLOCK_display_run
 .text.Functsk_control
                0x00000784       0x2c .\CortexM3\ARM_GCC_541\Debug\tsk_control.o
                0x00000784                Functsk_control
 .text.Functsk_hmi
                0x000007b0       0x2c .\CortexM3\ARM_GCC_541\Debug\tsk_hmi.o
                0x000007b0                Functsk_hmi
 .text.Functsk_io
                0x000007dc       0x2c .\CortexM3\ARM_GCC_541\Debug\tsk_io.o
                0x000007dc                Functsk_io
 .text.Functsk_system
                0x00000808       0x10 .\CortexM3\ARM_GCC_541\Debug\tsk_system.o
                0x00000808                Functsk_system
 .text.STATE__getIndexCurrentState
                0x00000818       0x2c .\CortexM3\ARM_GCC_541\Debug\statemachine.o
                0x00000818                STATE__getIndexCurrentState
 .text.STATE_initState
                0x00000844       0x3c .\CortexM3\ARM_GCC_541\Debug\statemachine.o
                0x00000844                STATE_initState
 .text.STATE_processEvent
                0x00000880      0x110 .\CortexM3\ARM_GCC_541\Debug\statemachine.o
                0x00000880                STATE_processEvent
 .text.LED_Set  0x00000990       0x60 .\CortexM3\ARM_GCC_541\Debug\led.o
                0x00000990                LED_Set
 .text.LED_Init
                0x000009f0       0x34 .\CortexM3\ARM_GCC_541\Debug\led.o
                0x000009f0                LED_Init
 .text.LOG_send
                0x00000a24       0x2c .\CortexM3\ARM_GCC_541\Debug\logging.o
                0x00000a24                LOG_send
 .text.__TFT_SPI_TX_ISR
                0x00000a50       0x58 .\CortexM3\ARM_GCC_541\Debug\tft.o
                0x00000a50                __TFT_SPI_TX_ISR
 .text.TFT_send
                0x00000aa8       0x84 .\CortexM3\ARM_GCC_541\Debug\tft.o
 .text.setAddrWindow
                0x00000b2c       0x88 .\CortexM3\ARM_GCC_541\Debug\tft.o
 .text.TFT_setRotation
                0x00000bb4       0xc0 .\CortexM3\ARM_GCC_541\Debug\tft.o
                0x00000bb4                TFT_setRotation
 .text.TFT_setCursor
                0x00000c74       0x10 .\CortexM3\ARM_GCC_541\Debug\tft.o
                0x00000c74                TFT_setCursor
 .text.TFT_setColors
                0x00000c84       0x10 .\CortexM3\ARM_GCC_541\Debug\tft.o
                0x00000c84                TFT_setColors
 .text.TFT_getBGcolor
                0x00000c94        0xc .\CortexM3\ARM_GCC_541\Debug\tft.o
                0x00000c94                TFT_getBGcolor
 .text.TFT_setTextSize
                0x00000ca0       0x10 .\CortexM3\ARM_GCC_541\Debug\tft.o
                0x00000ca0                TFT_setTextSize
 .text.TFT_fillRect
                0x00000cb0       0x8c .\CortexM3\ARM_GCC_541\Debug\tft.o
                0x00000cb0                TFT_fillRect
 .text.TFT_fillScreen
                0x00000d3c       0x24 .\CortexM3\ARM_GCC_541\Debug\tft.o
                0x00000d3c                TFT_fillScreen
 .text.TFT_init
                0x00000d60       0xe4 .\CortexM3\ARM_GCC_541\Debug\tft.o
                0x00000d60                TFT_init
 .text.TFT_clearScreen
                0x00000e44        0xc .\CortexM3\ARM_GCC_541\Debug\tft.o
                0x00000e44                TFT_clearScreen
 .text.TFT_drawPixel
                0x00000e50       0x50 .\CortexM3\ARM_GCC_541\Debug\tft.o
                0x00000e50                TFT_drawPixel
 .text.TFT_fastVLine
                0x00000ea0       0x64 .\CortexM3\ARM_GCC_541\Debug\tft.o
                0x00000ea0                TFT_fastVLine
 .text.TFT_drawChar
                0x00000f04      0x21c .\CortexM3\ARM_GCC_541\Debug\tft.o
                0x00000f04                TFT_drawChar
 .text.TFT_write
                0x00001120      0x144 .\CortexM3\ARM_GCC_541\Debug\tft.o
                0x00001120                TFT_write
 .text.TFT_print
                0x00001264       0x14 .\CortexM3\ARM_GCC_541\Debug\tft.o
                0x00001264                TFT_print
 .text.RTE_ProcessCyclicTable
                0x00001278       0x30 .\CortexM3\ARM_GCC_541\Debug\rte.o
                0x00001278                RTE_ProcessCyclicTable
 .text.RTE_ProcessEventTable
                0x000012a8       0x28 .\CortexM3\ARM_GCC_541\Debug\rte.o
                0x000012a8                RTE_ProcessEventTable
 .text.CLOCK_setDisplayFonts
                0x000012d0       0xb4 .\CortexM3\ARM_GCC_541\Debug\sc_clock_type.o
 .text.CLOCK_setEditFonts
                0x00001384       0xf4 .\CortexM3\ARM_GCC_541\Debug\sc_clock_type.o
 .text.CLOCK_updateDisplay
                0x00001478      0x138 .\CortexM3\ARM_GCC_541\Debug\sc_clock_type.o
 .text.CLOCK_increment1Min
                0x000015b0      0x108 .\CortexM3\ARM_GCC_541\Debug\sc_clock_type.o
 .text.CLOCK_autoIncrementOneUnit
                0x000016b8      0x158 .\CortexM3\ARM_GCC_541\Debug\sc_clock_type.o
 .text.CLOCK_dispatch250MSToWdMin
                0x00001810       0xac .\CortexM3\ARM_GCC_541\Debug\sc_clock_type.o
 .text.CLOCK_disptachKeyRightLongToWdMin
                0x000018bc       0xac .\CortexM3\ARM_GCC_541\Debug\sc_clock_type.o
 .text.CLOCK_dispatchKeyRightToWdMin
                0x00001968       0xac .\CortexM3\ARM_GCC_541\Debug\sc_clock_type.o
 .text.CLOCK_dispatchKeyLeftToWdMin
                0x00001a14       0xac .\CortexM3\ARM_GCC_541\Debug\sc_clock_type.o
 .text.CLOCK_dispatch250MSToWdHour
                0x00001ac0       0xac .\CortexM3\ARM_GCC_541\Debug\sc_clock_type.o
 .text.CLOCK_disptachKeyRightLongToWdHour
                0x00001b6c       0xac .\CortexM3\ARM_GCC_541\Debug\sc_clock_type.o
 .text.CLOCK_dispatchKeyRightToWdHour
                0x00001c18       0xac .\CortexM3\ARM_GCC_541\Debug\sc_clock_type.o
 .text.CLOCK_dispatchKeyLeftToWdHour
                0x00001cc4       0xac .\CortexM3\ARM_GCC_541\Debug\sc_clock_type.o
 .text.SC_CLOCK_driverOut
                0x00001d70       0xb4 .\CortexM3\ARM_GCC_541\Debug\sc_clock_type.o
                0x00001d70                SC_CLOCK_driverOut
 .text.RTE_timertick_sp_common_tick
                0x00001e24       0x38 .\CortexM3\ARM_GCC_541\Debug\sp_common.o
                0x00001e24                RTE_timertick_sp_common_tick
 .text.CyClockStartupError
                0x00001e5c        0x4 .\CortexM3\ARM_GCC_541\Debug\cyfitter_cfg.o
 .text.cfg_write_bytes32
                0x00001e60       0x34 .\CortexM3\ARM_GCC_541\Debug\cyfitter_cfg.o
 .text.CYMEMZERO
                0x00001e94        0xc .\CortexM3\ARM_GCC_541\Debug\cyfitter_cfg.o
 .text.ClockSetup
                0x00001ea0       0xe4 .\CortexM3\ARM_GCC_541\Debug\cyfitter_cfg.o
 .text.AnalogSetDefault
                0x00001f84       0x7c .\CortexM3\ARM_GCC_541\Debug\cyfitter_cfg.o
 .text.CYCONFIGCPY
                0x00002000        0x8 .\CortexM3\ARM_GCC_541\Debug\cyfitter_cfg.o
 .text.cyfitter_cfg
                0x00002008      0x144 .\CortexM3\ARM_GCC_541\Debug\cyfitter_cfg.o
                0x00002008                cyfitter_cfg
 .text.IntDefaultHandler
                0x0000214c       0x10 .\CortexM3\ARM_GCC_541\Debug\Cm3Start.o
                0x0000214c                IntDefaultHandler
 .text._sbrk    0x0000215c       0x30 .\CortexM3\ARM_GCC_541\Debug\Cm3Start.o
                0x0000215c                _sbrk
 .text.Start_c  0x0000218c       0x4c .\CortexM3\ARM_GCC_541\Debug\Cm3Start.o
                0x0000218c                Start_c
 .text.initialize_psoc
                0x000021d8       0x6c .\CortexM3\ARM_GCC_541\Debug\Cm3Start.o
                0x000021d8                initialize_psoc
 .text.EE_oo_ActivateTask
                0x00002244       0xe8 .\CortexM3\ARM_GCC_541\Debug\ElectronicClock.a(ErikaOS_1_ee_activate.o)
                0x00002244                EE_oo_ActivateTask
 .text.EE_oo_SetRelAlarm
                0x0000232c       0x80 .\CortexM3\ARM_GCC_541\Debug\ElectronicClock.a(ErikaOS_1_ee_alsetrel.o)
                0x0000232c                EE_oo_SetRelAlarm
 .text.EE_oo_handle_action_callback
                0x000023ac        0xc .\CortexM3\ARM_GCC_541\Debug\ElectronicClock.a(ErikaOS_1_ee_altick.o)
 .text.EE_oo_handle_action_task
                0x000023b8       0x4c .\CortexM3\ARM_GCC_541\Debug\ElectronicClock.a(ErikaOS_1_ee_altick.o)
 .text.EE_oo_handle_action_event
                0x00002404       0x60 .\CortexM3\ARM_GCC_541\Debug\ElectronicClock.a(ErikaOS_1_ee_altick.o)
 .text.EE_oo_handle_action
                0x00002464       0x28 .\CortexM3\ARM_GCC_541\Debug\ElectronicClock.a(ErikaOS_1_ee_altick.o)
 .text.EE_oo_counter_object_insert
                0x0000248c       0x9c .\CortexM3\ARM_GCC_541\Debug\ElectronicClock.a(ErikaOS_1_ee_altick.o)
                0x0000248c                EE_oo_counter_object_insert
 .text.EE_oo_IncrementCounterImplementation
                0x00002528      0x100 .\CortexM3\ARM_GCC_541\Debug\ElectronicClock.a(ErikaOS_1_ee_altick.o)
                0x00002528                EE_oo_IncrementCounterImplementation
 .text.EE_oo_IncrementCounter
                0x00002628       0xb0 .\CortexM3\ARM_GCC_541\Debug\ElectronicClock.a(ErikaOS_1_ee_altick.o)
                0x00002628                EE_oo_IncrementCounter
 .text.EE_oo_ClearEvent
                0x000026d8       0x5c .\CortexM3\ARM_GCC_541\Debug\ElectronicClock.a(ErikaOS_1_ee_evclear.o)
                0x000026d8                EE_oo_ClearEvent
 .text.EE_oo_GetEvent
                0x00002734       0x40 .\CortexM3\ARM_GCC_541\Debug\ElectronicClock.a(ErikaOS_1_ee_evget.o)
                0x00002734                EE_oo_GetEvent
 .text.EE_oo_SetEvent
                0x00002774      0x100 .\CortexM3\ARM_GCC_541\Debug\ElectronicClock.a(ErikaOS_1_ee_evset.o)
                0x00002774                EE_oo_SetEvent
 .text.EE_oo_WaitEvent
                0x00002874      0x124 .\CortexM3\ARM_GCC_541\Debug\ElectronicClock.a(ErikaOS_1_ee_evwait.o)
                0x00002874                EE_oo_WaitEvent
 .text.EE_IRQ_run_next_task
                0x00002998       0x30 .\CortexM3\ARM_GCC_541\Debug\ElectronicClock.a(ErikaOS_1_ee_irqendin.o)
 .text.EE_IRQ_end_instance
                0x000029c8       0x68 .\CortexM3\ARM_GCC_541\Debug\ElectronicClock.a(ErikaOS_1_ee_irqendin.o)
                0x000029c8                EE_IRQ_end_instance
 .text.EE_IRQ_end_post_stub
                0x00002a30       0x14 .\CortexM3\ARM_GCC_541\Debug\ElectronicClock.a(ErikaOS_1_ee_irqendin.o)
                0x00002a30                EE_IRQ_end_post_stub
 .text.EE_oo_GetResource
                0x00002a44       0xa8 .\CortexM3\ARM_GCC_541\Debug\ElectronicClock.a(ErikaOS_1_ee_lockres.o)
                0x00002a44                EE_oo_GetResource
 .text.EE_rq2stk_exchange
                0x00002aec       0x88 .\CortexM3\ARM_GCC_541\Debug\ElectronicClock.a(ErikaOS_1_ee_rq_exchg.o)
                0x00002aec                EE_rq2stk_exchange
 .text.EE_rq_queryfirst
                0x00002b74       0x44 .\CortexM3\ARM_GCC_541\Debug\ElectronicClock.a(ErikaOS_1_ee_rq_first.o)
                0x00002b74                EE_rq_queryfirst
 .text.EE_rq_insert
                0x00002bb8       0x74 .\CortexM3\ARM_GCC_541\Debug\ElectronicClock.a(ErikaOS_1_ee_rq_inser.o)
                0x00002bb8                EE_rq_insert
 .text.compute_task_tid
                0x00002c2c       0x10 .\CortexM3\ARM_GCC_541\Debug\ElectronicClock.a(ErikaOS_1_ee_startos.o)
 .text.EE_oo_start_os
                0x00002c3c        0xc .\CortexM3\ARM_GCC_541\Debug\ElectronicClock.a(ErikaOS_1_ee_startos.o)
 .text.EE_oo_autostart_tasks
                0x00002c48       0x60 .\CortexM3\ARM_GCC_541\Debug\ElectronicClock.a(ErikaOS_1_ee_startos.o)
 .text.EE_oo_autostart_os
                0x00002ca8        0xc .\CortexM3\ARM_GCC_541\Debug\ElectronicClock.a(ErikaOS_1_ee_startos.o)
 .text.EE_oo_StartOS
                0x00002cb4       0x8c .\CortexM3\ARM_GCC_541\Debug\ElectronicClock.a(ErikaOS_1_ee_startos.o)
                0x00002cb4                EE_oo_StartOS
 .text.EE_oo_TerminateTask
                0x00002d40       0x50 .\CortexM3\ARM_GCC_541\Debug\ElectronicClock.a(ErikaOS_1_ee_terminat.o)
                0x00002d40                EE_oo_TerminateTask
 .text.EE_oo_ReleaseResource
                0x00002d90      0x124 .\CortexM3\ARM_GCC_541\Debug\ElectronicClock.a(ErikaOS_1_ee_ulockres.o)
                0x00002d90                EE_oo_ReleaseResource
 .text.EE_system_init
                0x00002eb4       0x20 .\CortexM3\ARM_GCC_541\Debug\ElectronicClock.a(ErikaOS_1_cortex_mx_ee_utils.o)
                0x00002eb4                EE_system_init
 .text.UART_LOG_Init
                0x00002ed4       0x24 .\CortexM3\ARM_GCC_541\Debug\ElectronicClock.a(UART_LOG.o)
                0x00002ed4                UART_LOG_Init
 .text.UART_LOG_Enable
                0x00002ef8       0x38 .\CortexM3\ARM_GCC_541\Debug\ElectronicClock.a(UART_LOG.o)
                0x00002ef8                UART_LOG_Enable
 .text.UART_LOG_Start
                0x00002f30       0x1c .\CortexM3\ARM_GCC_541\Debug\ElectronicClock.a(UART_LOG.o)
                0x00002f30                UART_LOG_Start
 .text.UART_LOG_PutChar
                0x00002f4c       0x18 .\CortexM3\ARM_GCC_541\Debug\ElectronicClock.a(UART_LOG.o)
                0x00002f4c                UART_LOG_PutChar
 .text.UART_LOG_PutString
                0x00002f64       0x24 .\CortexM3\ARM_GCC_541\Debug\ElectronicClock.a(UART_LOG.o)
                0x00002f64                UART_LOG_PutString
 .text.RGB_PWM_blue_Enable
                0x00002f88       0x10 .\CortexM3\ARM_GCC_541\Debug\ElectronicClock.a(RGB_PWM_blue.o)
                0x00002f88                RGB_PWM_blue_Enable
 .text.RGB_PWM_blue_WriteCounter
                0x00002f98        0xc .\CortexM3\ARM_GCC_541\Debug\ElectronicClock.a(RGB_PWM_blue.o)
                0x00002f98                RGB_PWM_blue_WriteCounter
 .text.RGB_PWM_blue_WritePeriod
                0x00002fa4        0xc .\CortexM3\ARM_GCC_541\Debug\ElectronicClock.a(RGB_PWM_blue.o)
                0x00002fa4                RGB_PWM_blue_WritePeriod
 .text.RGB_PWM_blue_WriteCompare1
                0x00002fb0        0xc .\CortexM3\ARM_GCC_541\Debug\ElectronicClock.a(RGB_PWM_blue.o)
                0x00002fb0                RGB_PWM_blue_WriteCompare1
 .text.RGB_PWM_blue_WriteCompare2
                0x00002fbc        0xc .\CortexM3\ARM_GCC_541\Debug\ElectronicClock.a(RGB_PWM_blue.o)
                0x00002fbc                RGB_PWM_blue_WriteCompare2
 .text.RGB_PWM_blue_SetInterruptMode
                0x00002fc8        0xc .\CortexM3\ARM_GCC_541\Debug\ElectronicClock.a(RGB_PWM_blue.o)
                0x00002fc8                RGB_PWM_blue_SetInterruptMode
 .text.RGB_PWM_blue_ReadStatusRegister
                0x00002fd4        0xc .\CortexM3\ARM_GCC_541\Debug\ElectronicClock.a(RGB_PWM_blue.o)
                0x00002fd4                RGB_PWM_blue_ReadStatusRegister
 .text.RGB_PWM_blue_ReadCapture
                0x00002fe0        0xc .\CortexM3\ARM_GCC_541\Debug\ElectronicClock.a(RGB_PWM_blue.o)
                0x00002fe0                RGB_PWM_blue_ReadCapture
 .text.RGB_PWM_blue_ClearFIFO
                0x00002fec       0x14 .\CortexM3\ARM_GCC_541\Debug\ElectronicClock.a(RGB_PWM_blue.o)
                0x00002fec                RGB_PWM_blue_ClearFIFO
 .text.RGB_PWM_blue_Init
                0x00003000       0x60 .\CortexM3\ARM_GCC_541\Debug\ElectronicClock.a(RGB_PWM_blue.o)
                0x00003000                RGB_PWM_blue_Init
 .text.RGB_PWM_blue_Start
                0x00003060       0x1c .\CortexM3\ARM_GCC_541\Debug\ElectronicClock.a(RGB_PWM_blue.o)
                0x00003060                RGB_PWM_blue_Start
 .text.RGB_PWM_green_Enable
                0x0000307c       0x10 .\CortexM3\ARM_GCC_541\Debug\ElectronicClock.a(RGB_PWM_green.o)
                0x0000307c                RGB_PWM_green_Enable
 .text.RGB_PWM_green_WriteCounter
                0x0000308c        0xc .\CortexM3\ARM_GCC_541\Debug\ElectronicClock.a(RGB_PWM_green.o)
                0x0000308c                RGB_PWM_green_WriteCounter
 .text.RGB_PWM_green_WritePeriod
                0x00003098        0xc .\CortexM3\ARM_GCC_541\Debug\ElectronicClock.a(RGB_PWM_green.o)
                0x00003098                RGB_PWM_green_WritePeriod
 .text.RGB_PWM_green_WriteCompare1
                0x000030a4        0xc .\CortexM3\ARM_GCC_541\Debug\ElectronicClock.a(RGB_PWM_green.o)
                0x000030a4                RGB_PWM_green_WriteCompare1
 .text.RGB_PWM_green_WriteCompare2
                0x000030b0        0xc .\CortexM3\ARM_GCC_541\Debug\ElectronicClock.a(RGB_PWM_green.o)
                0x000030b0                RGB_PWM_green_WriteCompare2
 .text.RGB_PWM_green_SetInterruptMode
                0x000030bc        0xc .\CortexM3\ARM_GCC_541\Debug\ElectronicClock.a(RGB_PWM_green.o)
                0x000030bc                RGB_PWM_green_SetInterruptMode
 .text.RGB_PWM_green_ReadStatusRegister
                0x000030c8        0xc .\CortexM3\ARM_GCC_541\Debug\ElectronicClock.a(RGB_PWM_green.o)
                0x000030c8                RGB_PWM_green_ReadStatusRegister
 .text.RGB_PWM_green_ReadCapture
                0x000030d4        0xc .\CortexM3\ARM_GCC_541\Debug\ElectronicClock.a(RGB_PWM_green.o)
                0x000030d4                RGB_PWM_green_ReadCapture
 .text.RGB_PWM_green_ClearFIFO
                0x000030e0       0x14 .\CortexM3\ARM_GCC_541\Debug\ElectronicClock.a(RGB_PWM_green.o)
                0x000030e0                RGB_PWM_green_ClearFIFO
 .text.RGB_PWM_green_Init
                0x000030f4       0x60 .\CortexM3\ARM_GCC_541\Debug\ElectronicClock.a(RGB_PWM_green.o)
                0x000030f4                RGB_PWM_green_Init
 .text.RGB_PWM_green_Start
                0x00003154       0x1c .\CortexM3\ARM_GCC_541\Debug\ElectronicClock.a(RGB_PWM_green.o)
                0x00003154                RGB_PWM_green_Start
 .text.RGB_PWM_red_Enable
                0x00003170       0x10 .\CortexM3\ARM_GCC_541\Debug\ElectronicClock.a(RGB_PWM_red.o)
                0x00003170                RGB_PWM_red_Enable
 .text.RGB_PWM_red_WriteCounter
                0x00003180        0xc .\CortexM3\ARM_GCC_541\Debug\ElectronicClock.a(RGB_PWM_red.o)
                0x00003180                RGB_PWM_red_WriteCounter
 .text.RGB_PWM_red_WritePeriod
                0x0000318c        0xc .\CortexM3\ARM_GCC_541\Debug\ElectronicClock.a(RGB_PWM_red.o)
                0x0000318c                RGB_PWM_red_WritePeriod
 .text.RGB_PWM_red_WriteCompare1
                0x00003198        0xc .\CortexM3\ARM_GCC_541\Debug\ElectronicClock.a(RGB_PWM_red.o)
                0x00003198                RGB_PWM_red_WriteCompare1
 .text.RGB_PWM_red_WriteCompare2
                0x000031a4        0xc .\CortexM3\ARM_GCC_541\Debug\ElectronicClock.a(RGB_PWM_red.o)
                0x000031a4                RGB_PWM_red_WriteCompare2
 .text.RGB_PWM_red_SetInterruptMode
                0x000031b0        0xc .\CortexM3\ARM_GCC_541\Debug\ElectronicClock.a(RGB_PWM_red.o)
                0x000031b0                RGB_PWM_red_SetInterruptMode
 .text.RGB_PWM_red_ReadStatusRegister
                0x000031bc        0xc .\CortexM3\ARM_GCC_541\Debug\ElectronicClock.a(RGB_PWM_red.o)
                0x000031bc                RGB_PWM_red_ReadStatusRegister
 .text.RGB_PWM_red_ReadCapture
                0x000031c8        0xc .\CortexM3\ARM_GCC_541\Debug\ElectronicClock.a(RGB_PWM_red.o)
                0x000031c8                RGB_PWM_red_ReadCapture
 .text.RGB_PWM_red_ClearFIFO
                0x000031d4       0x14 .\CortexM3\ARM_GCC_541\Debug\ElectronicClock.a(RGB_PWM_red.o)
                0x000031d4                RGB_PWM_red_ClearFIFO
 .text.RGB_PWM_red_Init
                0x000031e8       0x60 .\CortexM3\ARM_GCC_541\Debug\ElectronicClock.a(RGB_PWM_red.o)
                0x000031e8                RGB_PWM_red_Init
 .text.RGB_PWM_red_Start
                0x00003248       0x1c .\CortexM3\ARM_GCC_541\Debug\ElectronicClock.a(RGB_PWM_red.o)
                0x00003248                RGB_PWM_red_Start
 .text.LED_yellow_Write
                0x00003264       0x18 .\CortexM3\ARM_GCC_541\Debug\ElectronicClock.a(LED_yellow.o)
                0x00003264                LED_yellow_Write
 .text.LED_green_Write
                0x0000327c       0x18 .\CortexM3\ARM_GCC_541\Debug\ElectronicClock.a(LED_green.o)
                0x0000327c                LED_green_Write
 .text.LED_red_Write
                0x00003294       0x18 .\CortexM3\ARM_GCC_541\Debug\ElectronicClock.a(LED_red.o)
                0x00003294                LED_red_Write
 .text.BUTTON_3_Read
                0x000032ac       0x10 .\CortexM3\ARM_GCC_541\Debug\ElectronicClock.a(BUTTON_3.o)
                0x000032ac                BUTTON_3_Read
 .text.BUTTON_4_Read
                0x000032bc       0x10 .\CortexM3\ARM_GCC_541\Debug\ElectronicClock.a(BUTTON_4.o)
                0x000032bc                BUTTON_4_Read
 .text.TFT_RES_Write
                0x000032cc       0x18 .\CortexM3\ARM_GCC_541\Debug\ElectronicClock.a(TFT_RES.o)
                0x000032cc                TFT_RES_Write
 .text.TFT_DC_Write
                0x000032e4       0x18 .\CortexM3\ARM_GCC_541\Debug\ElectronicClock.a(TFT_DC.o)
                0x000032e4                TFT_DC_Write
 .text.TFT_SPI_Enable
                0x000032fc       0x34 .\CortexM3\ARM_GCC_541\Debug\ElectronicClock.a(TFT_SPI.o)
                0x000032fc                TFT_SPI_Enable
 .text.TFT_SPI_ReadTxStatus
                0x00003330        0xc .\CortexM3\ARM_GCC_541\Debug\ElectronicClock.a(TFT_SPI.o)
                0x00003330                TFT_SPI_ReadTxStatus
 .text.TFT_SPI_ReadRxStatus
                0x0000333c        0xc .\CortexM3\ARM_GCC_541\Debug\ElectronicClock.a(TFT_SPI.o)
                0x0000333c                TFT_SPI_ReadRxStatus
 .text.TFT_SPI_WriteTxData
                0x00003348       0x18 .\CortexM3\ARM_GCC_541\Debug\ElectronicClock.a(TFT_SPI.o)
                0x00003348                TFT_SPI_WriteTxData
 .text.TFT_SPI_ClearFIFO
                0x00003360       0x3c .\CortexM3\ARM_GCC_541\Debug\ElectronicClock.a(TFT_SPI.o)
                0x00003360                TFT_SPI_ClearFIFO
 .text.TFT_SPI_Init
                0x0000339c       0x28 .\CortexM3\ARM_GCC_541\Debug\ElectronicClock.a(TFT_SPI.o)
                0x0000339c                TFT_SPI_Init
 .text.TFT_SPI_Start
                0x000033c4       0x1c .\CortexM3\ARM_GCC_541\Debug\ElectronicClock.a(TFT_SPI.o)
                0x000033c4                TFT_SPI_Start
 .text.TFT_BackLight_Enable
                0x000033e0       0x28 .\CortexM3\ARM_GCC_541\Debug\ElectronicClock.a(TFT_BackLight.o)
                0x000033e0                TFT_BackLight_Enable
 .text.TFT_BackLight_WritePeriod
                0x00003408        0xc .\CortexM3\ARM_GCC_541\Debug\ElectronicClock.a(TFT_BackLight.o)
                0x00003408                TFT_BackLight_WritePeriod
 .text.TFT_BackLight_WriteCompare
                0x00003414        0xc .\CortexM3\ARM_GCC_541\Debug\ElectronicClock.a(TFT_BackLight.o)
                0x00003414                TFT_BackLight_WriteCompare
 .text.TFT_BackLight_SetInterruptMode
                0x00003420        0xc .\CortexM3\ARM_GCC_541\Debug\ElectronicClock.a(TFT_BackLight.o)
                0x00003420                TFT_BackLight_SetInterruptMode
 .text.TFT_BackLight_Init
                0x0000342c       0x74 .\CortexM3\ARM_GCC_541\Debug\ElectronicClock.a(TFT_BackLight.o)
                0x0000342c                TFT_BackLight_Init
 .text.TFT_BackLight_Start
                0x000034a0       0x1c .\CortexM3\ARM_GCC_541\Debug\ElectronicClock.a(TFT_BackLight.o)
                0x000034a0                TFT_BackLight_Start
 .text.UART_LOG_IntClock_Start
                0x000034bc       0x1c .\CortexM3\ARM_GCC_541\Debug\ElectronicClock.a(UART_LOG_IntClock.o)
                0x000034bc                UART_LOG_IntClock_Start
 .text.TFT_SPI_IntClock_Start
                0x000034d8       0x1c .\CortexM3\ARM_GCC_541\Debug\ElectronicClock.a(TFT_SPI_IntClock.o)
                0x000034d8                TFT_SPI_IntClock_Start
 .text.CyDmacConfigure
                0x000034f4       0x34 .\CortexM3\ARM_GCC_541\Debug\ElectronicClock.a(CyDmac.o)
                0x000034f4                CyDmacConfigure
 .text.CyDelay  0x00003528       0x2c .\CortexM3\ARM_GCC_541\Debug\ElectronicClock.a(CyLib.o)
                0x00003528                CyDelay
 .text.CyDelayUs
                0x00003554       0x14 .\CortexM3\ARM_GCC_541\Debug\ElectronicClock.a(CyLib.o)
                0x00003554                CyDelayUs
 .text          0x00003568       0x7c .\CortexM3\ARM_GCC_541\Debug\ElectronicClock.a(ErikaOS_1_ee_gnu_change_context_isr.o)
                0x00003568                EE_set_switch_context_pri
                0x00003582                EE_switch_context
                0x0000358c                EE_cortex_mx_pendsv_ISR
                0x000035c8                EE_cortex_mx_svc_ISR
 .text          0x000035e4       0x24 .\CortexM3\ARM_GCC_541\Debug\ElectronicClock.a(ErikaOS_1_ee_gnu_irq_stack.o)
                0x000035e4                EE_cortex_mx_change_IRQ_stack
                0x000035f6                EE_cortex_mx_change_IRQ_stack_back
 .text          0x00003608       0x68 .\CortexM3\ARM_GCC_541\Debug\ElectronicClock.a(ErikaOS_1_ee_gnu_multi_context.o)
                0x00003608                EE_cortex_mx_change_context
 .text          0x00003670       0x80 .\CortexM3\ARM_GCC_541\Debug\ElectronicClock.a(ErikaOS_1_ee_gnu_oo.o)
                0x00003670                EE_hal_terminate_savestk
                0x000036ba                EE_hal_terminate_task
 .text          0x000036f0       0x20 .\CortexM3\ARM_GCC_541\Debug\ElectronicClock.a(CyBootAsmGnu.o)
                0x000036f0                CyDelayCycles
                0x00003700                CyEnterCriticalSection
                0x00003708                CyExitCriticalSection
 .text.EE_thread_not_terminated
                0x00003710       0x18 .\CortexM3\ARM_GCC_541\Debug\ElectronicClock.a(ErikaOS_1_ee_tnterm.o)
                0x00003710                EE_thread_not_terminated
 .text.EE_oo_thread_stub
                0x00003728       0x10 .\CortexM3\ARM_GCC_541\Debug\ElectronicClock.a(ErikaOS_1_ee_tstub.o)
                0x00003728                EE_oo_thread_stub
 .text.EE_oo_release_all_resources
                0x00003738       0x58 .\CortexM3\ARM_GCC_541\Debug\ElectronicClock.a(ErikaOS_1_ee_ulockallres.o)
                0x00003738                EE_oo_release_all_resources
 .text.EE_std_run_task_code
                0x00003790       0x18 .\CortexM3\ARM_GCC_541\Debug\ElectronicClock.a(ErikaOS_1_cortex_mx_ee_context.o)
                0x00003790                EE_std_run_task_code
 .text.EE_std_need_context_change
                0x000037a8       0x28 .\CortexM3\ARM_GCC_541\Debug\ElectronicClock.a(ErikaOS_1_cortex_mx_ee_context.o)
                0x000037a8                EE_std_need_context_change
 .text.EE_thread_rnact_max
                0x000037d0       0x20 .\CortexM3\ARM_GCC_541\Debug\ElectronicClock.a(ErikaOS_1_ee_thendin.o)
 .text.EE_thread_endcycle_next
                0x000037f0       0x30 .\CortexM3\ARM_GCC_541\Debug\ElectronicClock.a(ErikaOS_1_ee_thendin.o)
 .text.EE_thread_end_instance
                0x00003820      0x108 .\CortexM3\ARM_GCC_541\Debug\ElectronicClock.a(ErikaOS_1_ee_thendin.o)
                0x00003820                EE_thread_end_instance
 .text.__errno  0x00003928        0xc c:/program files (x86)/cypress/psoc creator/4.4/psoc creator/import/gnu/arm/5.4.1/bin/../lib/gcc/arm-none-eabi/5.4.1/../../../../arm-none-eabi/lib/armv7-m\libg_nano.a(lib_a-errno.o)
                0x00003928                __errno
 .text.__libc_init_array
                0x00003934       0x4c c:/program files (x86)/cypress/psoc creator/4.4/psoc creator/import/gnu/arm/5.4.1/bin/../lib/gcc/arm-none-eabi/5.4.1/../../../../arm-none-eabi/lib/armv7-m\libg_nano.a(lib_a-init.o)
                0x00003934                __libc_init_array
 .text.memcpy   0x00003980       0x16 c:/program files (x86)/cypress/psoc creator/4.4/psoc creator/import/gnu/arm/5.4.1/bin/../lib/gcc/arm-none-eabi/5.4.1/../../../../arm-none-eabi/lib/armv7-m\libg_nano.a(lib_a-memcpy-stub.o)
                0x00003980                memcpy
 .text.memset   0x00003996       0x10 c:/program files (x86)/cypress/psoc creator/4.4/psoc creator/import/gnu/arm/5.4.1/bin/../lib/gcc/arm-none-eabi/5.4.1/../../../../arm-none-eabi/lib/armv7-m\libg_nano.a(lib_a-memset.o)
                0x00003996                memset
 *fill*         0x000039a6        0x2 
 .text.sprintf  0x000039a8       0x48 c:/program files (x86)/cypress/psoc creator/4.4/psoc creator/import/gnu/arm/5.4.1/bin/../lib/gcc/arm-none-eabi/5.4.1/../../../../arm-none-eabi/lib/armv7-m\libg_nano.a(lib_a-sprintf.o)
                0x000039a8                siprintf
                0x000039a8                sprintf
 .text.__ssputs_r
                0x000039f0       0xb2 c:/program files (x86)/cypress/psoc creator/4.4/psoc creator/import/gnu/arm/5.4.1/bin/../lib/gcc/arm-none-eabi/5.4.1/../../../../arm-none-eabi/lib/armv7-m\libg_nano.a(lib_a-nano-svfprintf.o)
                0x000039f0                __ssputs_r
 *fill*         0x00003aa2        0x2 
 .text._svfprintf_r
                0x00003aa4      0x1e8 c:/program files (x86)/cypress/psoc creator/4.4/psoc creator/import/gnu/arm/5.4.1/bin/../lib/gcc/arm-none-eabi/5.4.1/../../../../arm-none-eabi/lib/armv7-m\libg_nano.a(lib_a-nano-svfprintf.o)
                0x00003aa4                _svfiprintf_r
                0x00003aa4                _svfprintf_r
 .text._printf_common
                0x00003c8c       0xec c:/program files (x86)/cypress/psoc creator/4.4/psoc creator/import/gnu/arm/5.4.1/bin/../lib/gcc/arm-none-eabi/5.4.1/../../../../arm-none-eabi/lib/armv7-m\libg_nano.a(lib_a-nano-vfprintf_i.o)
                0x00003c8c                _printf_common
 .text._printf_i
                0x00003d78      0x24c c:/program files (x86)/cypress/psoc creator/4.4/psoc creator/import/gnu/arm/5.4.1/bin/../lib/gcc/arm-none-eabi/5.4.1/../../../../arm-none-eabi/lib/armv7-m\libg_nano.a(lib_a-nano-vfprintf_i.o)
                0x00003d78                _printf_i
 .text.memchr   0x00003fc4       0x1c c:/program files (x86)/cypress/psoc creator/4.4/psoc creator/import/gnu/arm/5.4.1/bin/../lib/gcc/arm-none-eabi/5.4.1/../../../../arm-none-eabi/lib/armv7-m\libg_nano.a(lib_a-memchr-stub.o)
                0x00003fc4                memchr
 .text.memmove  0x00003fe0       0x36 c:/program files (x86)/cypress/psoc creator/4.4/psoc creator/import/gnu/arm/5.4.1/bin/../lib/gcc/arm-none-eabi/5.4.1/../../../../arm-none-eabi/lib/armv7-m\libg_nano.a(lib_a-memmove.o)
                0x00003fe0                memmove
 *fill*         0x00004016        0x2 
 .text._free_r  0x00004018       0x98 c:/program files (x86)/cypress/psoc creator/4.4/psoc creator/import/gnu/arm/5.4.1/bin/../lib/gcc/arm-none-eabi/5.4.1/../../../../arm-none-eabi/lib/armv7-m\libg_nano.a(lib_a-nano-freer.o)
                0x00004018                _free_r
 .text._malloc_r
                0x000040b0       0xbc c:/program files (x86)/cypress/psoc creator/4.4/psoc creator/import/gnu/arm/5.4.1/bin/../lib/gcc/arm-none-eabi/5.4.1/../../../../arm-none-eabi/lib/armv7-m\libg_nano.a(lib_a-nano-mallocr.o)
                0x000040b0                _malloc_r
 .text._realloc_r
                0x0000416c       0x4c c:/program files (x86)/cypress/psoc creator/4.4/psoc creator/import/gnu/arm/5.4.1/bin/../lib/gcc/arm-none-eabi/5.4.1/../../../../arm-none-eabi/lib/armv7-m\libg_nano.a(lib_a-nano-reallocr.o)
                0x0000416c                _realloc_r
 .text._sbrk_r  0x000041b8       0x20 c:/program files (x86)/cypress/psoc creator/4.4/psoc creator/import/gnu/arm/5.4.1/bin/../lib/gcc/arm-none-eabi/5.4.1/../../../../arm-none-eabi/lib/armv7-m\libg_nano.a(lib_a-sbrkr.o)
                0x000041b8                _sbrk_r
 .text.__malloc_lock
                0x000041d8        0x2 c:/program files (x86)/cypress/psoc creator/4.4/psoc creator/import/gnu/arm/5.4.1/bin/../lib/gcc/arm-none-eabi/5.4.1/../../../../arm-none-eabi/lib/armv7-m\libg_nano.a(lib_a-mlock.o)
                0x000041d8                __malloc_lock
 .text.__malloc_unlock
                0x000041da        0x2 c:/program files (x86)/cypress/psoc creator/4.4/psoc creator/import/gnu/arm/5.4.1/bin/../lib/gcc/arm-none-eabi/5.4.1/../../../../arm-none-eabi/lib/armv7-m\libg_nano.a(lib_a-mlock.o)
                0x000041da                __malloc_unlock
 .text._malloc_usable_size_r
                0x000041dc       0x14 c:/program files (x86)/cypress/psoc creator/4.4/psoc creator/import/gnu/arm/5.4.1/bin/../lib/gcc/arm-none-eabi/5.4.1/../../../../arm-none-eabi/lib/armv7-m\libg_nano.a(lib_a-nano-msizer.o)
                0x000041dc                _malloc_usable_size_r
 *(.plt)
 *(.gnu.warning)
 *(.glue_7t)
 .glue_7t       0x000041f0        0x0 linker stubs
 *(.glue_7)
 .glue_7        0x000041f0        0x0 linker stubs
 *(.vfp11_veneer)
 .vfp11_veneer  0x000041f0        0x0 linker stubs
 *(.bootloader)
 *(.ARM.extab* .gnu.linkonce.armextab.*)
 *(.gcc_except_table)

.v4_bx          0x000041f0        0x0
 .v4_bx         0x000041f0        0x0 linker stubs

.iplt           0x000041f0        0x0
 .iplt          0x000041f0        0x0 c:/program files (x86)/cypress/psoc creator/4.4/psoc creator/import/gnu/arm/5.4.1/bin/../lib/gcc/arm-none-eabi/5.4.1/armv7-m/crtbegin.o

.eh_frame_hdr
 *(.eh_frame_hdr)

.eh_frame       0x000041f0        0x4
 *(.eh_frame)
 .eh_frame      0x000041f0        0x0 c:/program files (x86)/cypress/psoc creator/4.4/psoc creator/import/gnu/arm/5.4.1/bin/../lib/gcc/arm-none-eabi/5.4.1/armv7-m/crtbegin.o
 .eh_frame      0x000041f0        0x4 c:/program files (x86)/cypress/psoc creator/4.4/psoc creator/import/gnu/arm/5.4.1/bin/../lib/gcc/arm-none-eabi/5.4.1/armv7-m/crtend.o
                [!provide]                PROVIDE (__exidx_start, .)

.ARM.exidx
 *(.ARM.exidx* .gnu.linkonce.armexidx.*)
                0x000041f4                __exidx_end = .

.rodata         0x000041f4      0xb9c
 *(.rodata .rodata.* .gnu.linkonce.r.*)
 .rodata        0x000041f4       0x28 .\CortexM3\ARM_GCC_541\Debug\main.o
 .rodata.str1.4
                0x0000421c       0x17 .\CortexM3\ARM_GCC_541\Debug\main.o
 *fill*         0x00004233        0x1 
 .rodata.str1.4
                0x00004234       0x38 .\CortexM3\ARM_GCC_541\Debug\swc_clock.o
 .rodata        0x0000426c        0xa .\CortexM3\ARM_GCC_541\Debug\tsk_control.o
                0x0000426c                RTE_eventActivationTable_tsk_control
                0x00004274                RTE_eventActivation_tsk_control_size
 *fill*         0x00004276        0x2 
 .rodata        0x00004278        0xa .\CortexM3\ARM_GCC_541\Debug\tsk_hmi.o
                0x00004278                RTE_cyclicActivationTable_tsk_hmi
                0x00004280                RTE_cyclicActivation_tsk_hmi_size
 *fill*         0x00004282        0x2 
 .rodata        0x00004284        0xa .\CortexM3\ARM_GCC_541\Debug\tsk_io.o
                0x00004284                RTE_cyclicActivationTable_tsk_io
                0x0000428c                RTE_cyclicActivation_tsk_io_size
 *fill*         0x0000428e        0x2 
 .rodata.str1.4
                0x00004290       0x18 .\CortexM3\ARM_GCC_541\Debug\logging.o
 .rodata        0x000042a8      0x558 .\CortexM3\ARM_GCC_541\Debug\tft.o
 .rodata.str1.4
                0x00004800       0x14 .\CortexM3\ARM_GCC_541\Debug\tft.o
 .rodata        0x00004814      0x144 .\CortexM3\ARM_GCC_541\Debug\sc_clock_type.o
 .rodata.str1.4
                0x00004958       0x56 .\CortexM3\ARM_GCC_541\Debug\sc_clock_type.o
 *fill*         0x000049ae        0x2 
 .rodata        0x000049b0       0xa4 .\CortexM3\ARM_GCC_541\Debug\sp_common.o
                0x00004a50                so_event_updTasks
 .rodata        0x00004a54       0x3a .\CortexM3\ARM_GCC_541\Debug\cyfitter_cfg.o
 *fill*         0x00004a8e        0x2 
 .rodata        0x00004a90      0x100 .\CortexM3\ARM_GCC_541\Debug\ElectronicClock.a(ErikaOS_1_ee_lookup.o)
                0x00004a90                EE_rq_lookup
 .rodata        0x00004b90      0x120 .\CortexM3\ARM_GCC_541\Debug\ElectronicClock.a(ErikaOS_1_eecfg.o)
                0x00004b90                EE_oo_autostart_task_data
                0x00004b9c                EE_oo_action_ROM
                0x00004bc4                EE_oo_counter_object_ROM
                0x00004bdc                EE_ALARM_ID
                0x00004be4                EE_alarm_ROM
                0x00004bec                EE_counter_ROM
                0x00004bf8                EE_resource_ceiling
                0x00004bfc                EE_th_is_extended
                0x00004c14                EE_th_rnact_max
                0x00004c2c                EE_th_dispatch_prio
                0x00004c44                EE_EVENT_ID
                0x00004c48                EE_RESOURCE_ID
                0x00004c4c                EE_th_ready_prio
                0x00004c64                EE_terminate_real_th_body
                0x00004c7c                EE_hal_thread_body
                0x00004c94                EE_std_thread_tos
 .rodata.str1.4
                0x00004cb0       0x74 .\CortexM3\ARM_GCC_541\Debug\ElectronicClock.a(ErikaOS_1_eecfg.o)
 .rodata.str1.1
                0x00004d24        0x2 c:/program files (x86)/cypress/psoc creator/4.4/psoc creator/import/gnu/arm/5.4.1/bin/../lib/gcc/arm-none-eabi/5.4.1/../../../../arm-none-eabi/lib/armv7-m\libg_nano.a(lib_a-impure.o)
 .rodata.str1.1
                0x00004d26       0x11 c:/program files (x86)/cypress/psoc creator/4.4/psoc creator/import/gnu/arm/5.4.1/bin/../lib/gcc/arm-none-eabi/5.4.1/../../../../arm-none-eabi/lib/armv7-m\libg_nano.a(lib_a-nano-svfprintf.o)
 .rodata.str1.1
                0x00004d37       0x22 c:/program files (x86)/cypress/psoc creator/4.4/psoc creator/import/gnu/arm/5.4.1/bin/../lib/gcc/arm-none-eabi/5.4.1/../../../../arm-none-eabi/lib/armv7-m\libg_nano.a(lib_a-nano-vfprintf_i.o)
                0x00004d5c                . = ALIGN (0x4)
 *fill*         0x00004d59        0x3 
 *(.init)
 .init          0x00004d5c        0x4 c:/program files (x86)/cypress/psoc creator/4.4/psoc creator/import/gnu/arm/5.4.1/bin/../lib/gcc/arm-none-eabi/5.4.1/armv7-m/crti.o
                0x00004d5c                _init
 .init          0x00004d60        0x8 c:/program files (x86)/cypress/psoc creator/4.4/psoc creator/import/gnu/arm/5.4.1/bin/../lib/gcc/arm-none-eabi/5.4.1/armv7-m/crtn.o
                0x00004d68                . = ALIGN (0x4)
                0x00004d68                __preinit_array_start = .
 *(.preinit_array)
                0x00004d68                __preinit_array_end = .
                0x00004d68                . = ALIGN (0x4)
                0x00004d68                __init_array_start = .
 *(SORT(.init_array.*))
 *(.init_array)
 .init_array    0x00004d68        0x4 c:/program files (x86)/cypress/psoc creator/4.4/psoc creator/import/gnu/arm/5.4.1/bin/../lib/gcc/arm-none-eabi/5.4.1/armv7-m/crtbegin.o
 .init_array    0x00004d6c        0x4 .\CortexM3\ARM_GCC_541\Debug\Cm3Start.o
                0x00004d70                __init_array_end = .
                0x00004d70                . = ALIGN (0x4)
 *(.fini)
 .fini          0x00004d70        0x4 c:/program files (x86)/cypress/psoc creator/4.4/psoc creator/import/gnu/arm/5.4.1/bin/../lib/gcc/arm-none-eabi/5.4.1/armv7-m/crti.o
                0x00004d70                _fini
 .fini          0x00004d74        0x8 c:/program files (x86)/cypress/psoc creator/4.4/psoc creator/import/gnu/arm/5.4.1/bin/../lib/gcc/arm-none-eabi/5.4.1/armv7-m/crtn.o
                0x00004d7c                . = ALIGN (0x4)
                0x00004d7c                __fini_array_start = .
 *(.fini_array)
 .fini_array    0x00004d7c        0x4 c:/program files (x86)/cypress/psoc creator/4.4/psoc creator/import/gnu/arm/5.4.1/bin/../lib/gcc/arm-none-eabi/5.4.1/armv7-m/crtbegin.o
 *(SORT(.fini_array.*))
                0x00004d80                __fini_array_end = .
                0x00004d80                . = ALIGN (0x4)
 *crtbegin.o(.ctors)
 *(EXCLUDE_FILE(*crtend.o) .ctors)
 *(SORT(.ctors.*))
 *crtend.o(.ctors)
                0x00004d80                . = ALIGN (0x4)
 *crtbegin.o(.dtors)
 *(EXCLUDE_FILE(*crtend.o) .dtors)
 *(SORT(.dtors.*))
 *crtend.o(.dtors)
                0x00004d80                . = ALIGN (0x4)
                0x00004d80                __cy_regions = .
                0x00004d80        0x4 LONG 0x4d90 __cy_region_init_ram
                0x00004d84        0x4 LONG 0x1fff80c8 __cy_region_start_data
                0x00004d88        0x4 LONG 0x288 __cy_region_init_size_ram
                0x00004d8c        0x4 LONG 0x1780 __cy_region_zero_size_ram
                0x00004d90                __cy_regions_end = .
                0x00004d90                . = ALIGN (0x8)
                0x00004d90                _etext = .

.cy_checksum_exclude
                0x00004d90        0x0
 *(.cy_checksum_exclude)

.ramvectors     0x1fff8000       0xc0
                0x1fff8000                __cy_region_start_ram = .
 *(.ramvectors)
 .ramvectors    0x1fff8000       0xc0 .\CortexM3\ARM_GCC_541\Debug\Cm3Start.o
                0x1fff8000                CyRamVectors

.noinit         0x1fff80c0        0x1
 *(.noinit)
 .noinit        0x1fff80c0        0x1 .\CortexM3\ARM_GCC_541\Debug\ElectronicClock.a(CyLib.o)
                0x1fff80c0                CyResetStatus

.data           0x1fff80c8      0x288 load address 0x00004d90
                0x1fff80c8                __cy_region_start_data = .
 *(.jcr)
 .jcr           0x1fff80c8        0x0 c:/program files (x86)/cypress/psoc creator/4.4/psoc creator/import/gnu/arm/5.4.1/bin/../lib/gcc/arm-none-eabi/5.4.1/armv7-m/crtbegin.o
 .jcr           0x1fff80c8        0x4 c:/program files (x86)/cypress/psoc creator/4.4/psoc creator/import/gnu/arm/5.4.1/bin/../lib/gcc/arm-none-eabi/5.4.1/armv7-m/crtend.o
 *(.got.plt)
 *(.got)
 *(.shdata)
 *(.data .data.* .gnu.linkonce.d.*)
 .data          0x1fff80cc       0x20 .\CortexM3\ARM_GCC_541\Debug\sc_clock_type.o
                0x1fff80cc                CLOCK_WidgetStateMachine
                0x1fff80dc                CLOCK_StateMachine
 .data          0x1fff80ec       0x74 .\CortexM3\ARM_GCC_541\Debug\sp_common.o
                0x1fff80ec                SO_EVENT_signal
                0x1fff80f8                SO_CLOCK_signal
                0x1fff812c                SO_DISPLAY_signal
 .data          0x1fff8160        0x4 .\CortexM3\ARM_GCC_541\Debug\Cm3Start.o
 .data          0x1fff8164      0x16c .\CortexM3\ARM_GCC_541\Debug\ElectronicClock.a(ErikaOS_1_eecfg.o)
                0x1fff8164                EE_ALARM_NAME
                0x1fff816c                EE_counter_RAM
                0x1fff8174                EE_resource_stack
                0x1fff8178                EE_th_resource_last
                0x1fff8190                EE_th_terminate_nextask
                0x1fff81a8                EE_rq_pairs_next
                0x1fff81c0                EE_rq_link
                0x1fff81d8                EE_th_rnact
                0x1fff81f0                EE_rq_queues_tail
                0x1fff8230                EE_rq_queues_head
                0x1fff8270                EE_stkfirst
                0x1fff8274                EE_th_next
                0x1fff828c                EE_th_status
                0x1fff82a4                EE_EVENT_NAME
                0x1fff82a8                EE_RESOURCE_NAME
                0x1fff82ac                EE_TASK_NAME
                0x1fff82c4                EE_cortex_mx_IRQ_tos
                0x1fff82c8                EE_cortex_mx_system_tos
 .data          0x1fff82d0        0x8 .\CortexM3\ARM_GCC_541\Debug\ElectronicClock.a(CyDmac.o)
 .data          0x1fff82d8       0x10 .\CortexM3\ARM_GCC_541\Debug\ElectronicClock.a(CyLib.o)
                0x1fff82d8                cydelay_32k_ms
                0x1fff82dc                cydelay_freq_khz
                0x1fff82e0                cydelay_freq_mhz
                0x1fff82e4                cydelay_freq_hz
 .data          0x1fff82e8        0x4 .\CortexM3\ARM_GCC_541\Debug\ElectronicClock.a(ErikaOS_1_ee_gnu_irq_stack.o)
 .data.impure_data
                0x1fff82ec       0x60 c:/program files (x86)/cypress/psoc creator/4.4/psoc creator/import/gnu/arm/5.4.1/bin/../lib/gcc/arm-none-eabi/5.4.1/../../../../arm-none-eabi/lib/armv7-m\libg_nano.a(lib_a-impure.o)
 .data._impure_ptr
                0x1fff834c        0x4 c:/program files (x86)/cypress/psoc creator/4.4/psoc creator/import/gnu/arm/5.4.1/bin/../lib/gcc/arm-none-eabi/5.4.1/../../../../arm-none-eabi/lib/armv7-m\libg_nano.a(lib_a-impure.o)
                0x1fff834c                _impure_ptr
                0x1fff8350                . = ALIGN (0x8)
 *(.ram)
                0x1fff8350                _edata = .

.igot.plt       0x1fff8350        0x0 load address 0x00005018
 .igot.plt      0x1fff8350        0x0 c:/program files (x86)/cypress/psoc creator/4.4/psoc creator/import/gnu/arm/5.4.1/bin/../lib/gcc/arm-none-eabi/5.4.1/armv7-m/crtbegin.o

.bss            0x1fff8350     0x1780 load address 0x00005018
                0x1fff8350                PROVIDE (__bss_start__, .)
 *(.shbss)
 *(.bss .bss.* .gnu.linkonce.b.*)
 .bss           0x1fff8350       0x1c c:/program files (x86)/cypress/psoc creator/4.4/psoc creator/import/gnu/arm/5.4.1/bin/../lib/gcc/arm-none-eabi/5.4.1/armv7-m/crtbegin.o
 .bss           0x1fff836c        0x8 .\CortexM3\ARM_GCC_541\Debug\swc_clock.o
 .bss           0x1fff8374        0x4 .\CortexM3\ARM_GCC_541\Debug\tsk_hmi.o
 .bss           0x1fff8378        0x4 .\CortexM3\ARM_GCC_541\Debug\tsk_io.o
 .bss           0x1fff837c        0x3 .\CortexM3\ARM_GCC_541\Debug\led.o
 *fill*         0x1fff837f        0x1 
 .bss           0x1fff8380       0xe6 .\CortexM3\ARM_GCC_541\Debug\tft.o
 .bss           0x1fff8466        0x1 .\CortexM3\ARM_GCC_541\Debug\sc_clock_type.o
 *fill*         0x1fff8467        0x1 
 .bss           0x1fff8468       0x5c .\CortexM3\ARM_GCC_541\Debug\ElectronicClock.a(ErikaOS_1_eecfg.o)
                0x1fff8468                EE_resource_locked
                0x1fff846c                EE_th_waswaiting
                0x1fff8484                EE_th_event_waitmask
                0x1fff849c                EE_th_event_active
                0x1fff84b4                EE_rq_free
                0x1fff84b8                EE_rq_bitmask
                0x1fff84bc                EE_sys_ceiling
                0x1fff84c0                EE_cortex_mx_active_tos
 .bss           0x1fff84c4        0x2 .\CortexM3\ARM_GCC_541\Debug\ElectronicClock.a(UART_LOG.o)
                0x1fff84c4                UART_LOG_initVar
 .bss           0x1fff84c6        0x1 .\CortexM3\ARM_GCC_541\Debug\ElectronicClock.a(RGB_PWM_blue.o)
                0x1fff84c6                RGB_PWM_blue_initVar
 .bss           0x1fff84c7        0x1 .\CortexM3\ARM_GCC_541\Debug\ElectronicClock.a(RGB_PWM_green.o)
                0x1fff84c7                RGB_PWM_green_initVar
 .bss           0x1fff84c8        0x1 .\CortexM3\ARM_GCC_541\Debug\ElectronicClock.a(RGB_PWM_red.o)
                0x1fff84c8                RGB_PWM_red_initVar
 .bss           0x1fff84c9        0x1 .\CortexM3\ARM_GCC_541\Debug\ElectronicClock.a(TFT_SPI.o)
                0x1fff84c9                TFT_SPI_initVar
 .bss           0x1fff84ca        0x1 .\CortexM3\ARM_GCC_541\Debug\ElectronicClock.a(TFT_BackLight.o)
                0x1fff84ca                TFT_BackLight_initVar
 *fill*         0x1fff84cb        0x1 
 .bss.__malloc_sbrk_start
                0x1fff84cc        0x4 c:/program files (x86)/cypress/psoc creator/4.4/psoc creator/import/gnu/arm/5.4.1/bin/../lib/gcc/arm-none-eabi/5.4.1/../../../../arm-none-eabi/lib/armv7-m\libg_nano.a(lib_a-nano-mallocr.o)
                0x1fff84cc                __malloc_sbrk_start
 .bss.__malloc_free_list
                0x1fff84d0        0x4 c:/program files (x86)/cypress/psoc creator/4.4/psoc creator/import/gnu/arm/5.4.1/bin/../lib/gcc/arm-none-eabi/5.4.1/../../../../arm-none-eabi/lib/armv7-m\libg_nano.a(lib_a-nano-mallocr.o)
                0x1fff84d0                __malloc_free_list
 *(COMMON)
 COMMON         0x1fff84d4        0x8 .\CortexM3\ARM_GCC_541\Debug\ElectronicClock.a(ErikaOS_1_ee_lookup.o)
                0x1fff84d4                EE_oo_IRQ_disable_count
                0x1fff84d8                EE_oo_IRQ_suspend_status
 COMMON         0x1fff84dc        0x4 .\CortexM3\ARM_GCC_541\Debug\ElectronicClock.a(ErikaOS_1_ee_startos.o)
                0x1fff84dc                EE_oo_started
 COMMON         0x1fff84e0        0x8 .\CortexM3\ARM_GCC_541\Debug\ElectronicClock.a(ErikaOS_1_common_ee_hal_structs.o)
                0x1fff84e0                EE_IRQ_nesting_level
                0x1fff84e4                EE_std_endcycle_next_tid
 COMMON         0x1fff84e8     0x15e0 .\CortexM3\ARM_GCC_541\Debug\ElectronicClock.a(ErikaOS_1_eecfg.o)
                0x1fff84e8                EE_rq_pairs_tid
                0x1fff8500                EE_terminate_data
                0x1fff8518                EE_oo_counter_object_RAM
                0x1fff8538                EE_resource_oldceiling
                0x1fff853c                EE_ApplicationMode
                0x1fff8540                EE_cortex_mx_stack_4
                0x1fff98c8                EE_cortex_mx_stack_9
 COMMON         0x1fff9ac8        0x4 c:/program files (x86)/cypress/psoc creator/4.4/psoc creator/import/gnu/arm/5.4.1/bin/../lib/gcc/arm-none-eabi/5.4.1/../../../../arm-none-eabi/lib/armv7-m\libg_nano.a(lib_a-reent.o)
                0x1fff9ac8                errno
                0x1fff9ad0                . = ALIGN (0x8)
 *fill*         0x1fff9acc        0x4 
 *(.ram.b)
                0x1fff9ad0                _end = .
                0x1fff9ad0                __end = .
                0x1fff9ad0                PROVIDE (end, .)
                0x1fff9ad0                PROVIDE (__bss_end__, .)
                0x00004d90                __cy_region_init_ram = LOADADDR (.data)
                0x00000288                __cy_region_init_size_ram = (_edata - ADDR (.data))
                0x00001780                __cy_region_zero_size_ram = (_end - _edata)

.heap           0x1fff9ad0       0x80 load address 0x00005018
                0x1fff9ad0                . = _end
                0x1fff9b50                . = (. + 0x80)
 *fill*         0x1fff9ad0       0x80 
                0x1fff9b50                __cy_heap_limit = .

.stack          0x20007800      0x800
                0x20007800                __cy_stack_limit = .
                0x20008000                . = (. + 0x800)
 *fill*         0x20007800      0x800 
                0x00000001                ASSERT ((__cy_stack_limit >= __cy_heap_limit), region RAM overflowed with stack)
                0x00000000                cy_checksum_exclude_size = (CY_APPL_LOADABLE == 0x1)?SIZEOF (.cy_checksum_exclude):0x0
                0x00000001                ASSERT ((cy_checksum_exclude_size <= CY_CHECKSUM_EXCLUDE_SIZE), CY_BOOT: Section .cy_checksum_exclude size exceedes specified limit.)

.cyloadermeta
 *(.cyloadermeta)

.cyloadablemeta
 *(.cyloadablemeta)

.cyconfigecc    0x80000000      0xe58
 *(.cyconfigecc)
 .cyconfigecc   0x80000000      0xe58 .\CortexM3\ARM_GCC_541\Debug\cymetadata.o
                0x80000000                cy_meta_configecc

.cycustnvl      0x90000000        0x4
 *(.cycustnvl)
 .cycustnvl     0x90000000        0x4 .\CortexM3\ARM_GCC_541\Debug\cymetadata.o
                0x90000000                cy_meta_custnvl

.cywolatch      0x90100000        0x4
 *(.cywolatch)
 .cywolatch     0x90100000        0x4 .\CortexM3\ARM_GCC_541\Debug\cymetadata.o
                0x90100000                cy_meta_wonvl

.cyeeprom       0x90200000        0x0
 *(.cyeeprom)
                0x00000001                ASSERT ((. <= ((0x90200000 + ee_offset) + ee_size)), .cyeeprom data will not fit in EEPROM)

.cyflashprotect
                0x90400000      0x100
 *(.cyflashprotect)
 .cyflashprotect
                0x90400000      0x100 .\CortexM3\ARM_GCC_541\Debug\cymetadata.o
                0x90400000                cy_meta_flashprotect

.cymeta         0x90500000        0xc
 *(.cymeta)
 .cymeta        0x90500000        0xc .\CortexM3\ARM_GCC_541\Debug\cymetadata.o
                0x90500000                cy_metadata

.rel.dyn        0x00005018        0x0 load address 0x9050000c
 .rel.iplt      0x00005018        0x0 c:/program files (x86)/cypress/psoc creator/4.4/psoc creator/import/gnu/arm/5.4.1/bin/../lib/gcc/arm-none-eabi/5.4.1/armv7-m/crtbegin.o

.stab
 *(.stab)

.stabstr
 *(.stabstr)

.debug
 *(.debug)

.line
 *(.line)

.debug_srcinfo
 *(.debug_srcinfo)

.debug_sfnames
 *(.debug_sfnames)

.debug_aranges  0x00000000     0x18c8
 *(.debug_aranges)
 .debug_aranges
                0x00000000       0x58 .\CortexM3\ARM_GCC_541\Debug\main.o
 .debug_aranges
                0x00000058       0x30 .\CortexM3\ARM_GCC_541\Debug\swc_clock.o
 .debug_aranges
                0x00000088       0x20 .\CortexM3\ARM_GCC_541\Debug\tsk_control.o
 .debug_aranges
                0x000000a8       0x20 .\CortexM3\ARM_GCC_541\Debug\tsk_hmi.o
 .debug_aranges
                0x000000c8       0x20 .\CortexM3\ARM_GCC_541\Debug\tsk_io.o
 .debug_aranges
                0x000000e8       0x20 .\CortexM3\ARM_GCC_541\Debug\tsk_system.o
 .debug_aranges
                0x00000108       0x38 .\CortexM3\ARM_GCC_541\Debug\statemachine.o
 .debug_aranges
                0x00000140       0x28 .\CortexM3\ARM_GCC_541\Debug\button.o
 .debug_aranges
                0x00000168       0x28 .\CortexM3\ARM_GCC_541\Debug\joystick.o
 .debug_aranges
                0x00000190       0x38 .\CortexM3\ARM_GCC_541\Debug\led.o
 .debug_aranges
                0x000001c8       0x50 .\CortexM3\ARM_GCC_541\Debug\seven.o
 .debug_aranges
                0x00000218       0x38 .\CortexM3\ARM_GCC_541\Debug\watchdog.o
 .debug_aranges
                0x00000250       0x28 .\CortexM3\ARM_GCC_541\Debug\logging.o
 .debug_aranges
                0x00000278      0x178 .\CortexM3\ARM_GCC_541\Debug\tft.o
 .debug_aranges
                0x000003f0       0x28 .\CortexM3\ARM_GCC_541\Debug\rte.o
 .debug_aranges
                0x00000418       0x88 .\CortexM3\ARM_GCC_541\Debug\sc_clock_type.o
 .debug_aranges
                0x000004a0       0x28 .\CortexM3\ARM_GCC_541\Debug\sp_common.o
 .debug_aranges
                0x000004c8       0x58 .\CortexM3\ARM_GCC_541\Debug\cyfitter_cfg.o
 .debug_aranges
                0x00000520       0x18 .\CortexM3\ARM_GCC_541\Debug\cymetadata.o
 .debug_aranges
                0x00000538       0x48 .\CortexM3\ARM_GCC_541\Debug\Cm3Start.o
 .debug_aranges
                0x00000580       0x20 .\CortexM3\ARM_GCC_541\Debug\ElectronicClock.a(ErikaOS_1_ee_activate.o)
 .debug_aranges
                0x000005a0       0x20 .\CortexM3\ARM_GCC_541\Debug\ElectronicClock.a(ErikaOS_1_ee_alsetrel.o)
 .debug_aranges
                0x000005c0       0x58 .\CortexM3\ARM_GCC_541\Debug\ElectronicClock.a(ErikaOS_1_ee_altick.o)
 .debug_aranges
                0x00000618       0x20 .\CortexM3\ARM_GCC_541\Debug\ElectronicClock.a(ErikaOS_1_ee_evclear.o)
 .debug_aranges
                0x00000638       0x20 .\CortexM3\ARM_GCC_541\Debug\ElectronicClock.a(ErikaOS_1_ee_evget.o)
 .debug_aranges
                0x00000658       0x20 .\CortexM3\ARM_GCC_541\Debug\ElectronicClock.a(ErikaOS_1_ee_evset.o)
 .debug_aranges
                0x00000678       0x20 .\CortexM3\ARM_GCC_541\Debug\ElectronicClock.a(ErikaOS_1_ee_evwait.o)
 .debug_aranges
                0x00000698       0x30 .\CortexM3\ARM_GCC_541\Debug\ElectronicClock.a(ErikaOS_1_ee_irqendin.o)
 .debug_aranges
                0x000006c8       0x20 .\CortexM3\ARM_GCC_541\Debug\ElectronicClock.a(ErikaOS_1_ee_lockres.o)
 .debug_aranges
                0x000006e8       0x18 .\CortexM3\ARM_GCC_541\Debug\ElectronicClock.a(ErikaOS_1_ee_lookup.o)
 .debug_aranges
                0x00000700       0x20 .\CortexM3\ARM_GCC_541\Debug\ElectronicClock.a(ErikaOS_1_ee_rq_exchg.o)
 .debug_aranges
                0x00000720       0x20 .\CortexM3\ARM_GCC_541\Debug\ElectronicClock.a(ErikaOS_1_ee_rq_first.o)
 .debug_aranges
                0x00000740       0x20 .\CortexM3\ARM_GCC_541\Debug\ElectronicClock.a(ErikaOS_1_ee_rq_inser.o)
 .debug_aranges
                0x00000760       0x40 .\CortexM3\ARM_GCC_541\Debug\ElectronicClock.a(ErikaOS_1_ee_startos.o)
 .debug_aranges
                0x000007a0       0x20 .\CortexM3\ARM_GCC_541\Debug\ElectronicClock.a(ErikaOS_1_ee_terminat.o)
 .debug_aranges
                0x000007c0       0x20 .\CortexM3\ARM_GCC_541\Debug\ElectronicClock.a(ErikaOS_1_ee_ulockres.o)
 .debug_aranges
                0x000007e0       0x20 .\CortexM3\ARM_GCC_541\Debug\ElectronicClock.a(ErikaOS_1_cortex_mx_ee_utils.o)
 .debug_aranges
                0x00000800       0x18 .\CortexM3\ARM_GCC_541\Debug\ElectronicClock.a(ErikaOS_1_common_ee_hal_structs.o)
 .debug_aranges
                0x00000818       0x18 .\CortexM3\ARM_GCC_541\Debug\ElectronicClock.a(ErikaOS_1_eecfg.o)
 .debug_aranges
                0x00000830       0x28 .\CortexM3\ARM_GCC_541\Debug\ElectronicClock.a(SEVEN_reg.o)
 .debug_aranges
                0x00000858       0xf0 .\CortexM3\ARM_GCC_541\Debug\ElectronicClock.a(UART_LOG.o)
 .debug_aranges
                0x00000948       0xa8 .\CortexM3\ARM_GCC_541\Debug\ElectronicClock.a(RGB_PWM_blue.o)
 .debug_aranges
                0x000009f0       0xa8 .\CortexM3\ARM_GCC_541\Debug\ElectronicClock.a(RGB_PWM_green.o)
 .debug_aranges
                0x00000a98       0xa8 .\CortexM3\ARM_GCC_541\Debug\ElectronicClock.a(RGB_PWM_red.o)
 .debug_aranges
                0x00000b40       0x38 .\CortexM3\ARM_GCC_541\Debug\ElectronicClock.a(LED_yellow.o)
 .debug_aranges
                0x00000b78       0x38 .\CortexM3\ARM_GCC_541\Debug\ElectronicClock.a(LED_green.o)
 .debug_aranges
                0x00000bb0       0x38 .\CortexM3\ARM_GCC_541\Debug\ElectronicClock.a(LED_red.o)
 .debug_aranges
                0x00000be8       0x38 .\CortexM3\ARM_GCC_541\Debug\ElectronicClock.a(SEVEN_SELECT.o)
 .debug_aranges
                0x00000c20       0x38 .\CortexM3\ARM_GCC_541\Debug\ElectronicClock.a(BUTTON_1.o)
 .debug_aranges
                0x00000c58       0x38 .\CortexM3\ARM_GCC_541\Debug\ElectronicClock.a(BUTTON_2.o)
 .debug_aranges
                0x00000c90       0x38 .\CortexM3\ARM_GCC_541\Debug\ElectronicClock.a(BUTTON_3.o)
 .debug_aranges
                0x00000cc8       0x38 .\CortexM3\ARM_GCC_541\Debug\ElectronicClock.a(BUTTON_4.o)
 .debug_aranges
                0x00000d00       0x80 .\CortexM3\ARM_GCC_541\Debug\ElectronicClock.a(isr_Button.o)
 .debug_aranges
                0x00000d80       0xa0 .\CortexM3\ARM_GCC_541\Debug\ElectronicClock.a(JOYSTICK_ADC_XY.o)
 .debug_aranges
                0x00000e20       0x20 .\CortexM3\ARM_GCC_541\Debug\ElectronicClock.a(JOYSTICK_ADC_XY_INT.o)
 .debug_aranges
                0x00000e40       0x38 .\CortexM3\ARM_GCC_541\Debug\ElectronicClock.a(TFT_RES.o)
 .debug_aranges
                0x00000e78       0x38 .\CortexM3\ARM_GCC_541\Debug\ElectronicClock.a(TFT_DC.o)
 .debug_aranges
                0x00000eb0       0xd8 .\CortexM3\ARM_GCC_541\Debug\ElectronicClock.a(TFT_SPI.o)
 .debug_aranges
                0x00000f88       0x78 .\CortexM3\ARM_GCC_541\Debug\ElectronicClock.a(TFT_BackLight.o)
 .debug_aranges
                0x00001000       0x70 .\CortexM3\ARM_GCC_541\Debug\ElectronicClock.a(UART_LOG_IntClock.o)
 .debug_aranges
                0x00001070       0xa8 .\CortexM3\ARM_GCC_541\Debug\ElectronicClock.a(JOYSTICK_ADC_XY_SAR.o)
 .debug_aranges
                0x00001118       0x28 .\CortexM3\ARM_GCC_541\Debug\ElectronicClock.a(JOYSTICK_ADC_XY_TempBuf_dma.o)
 .debug_aranges
                0x00001140       0x28 .\CortexM3\ARM_GCC_541\Debug\ElectronicClock.a(JOYSTICK_ADC_XY_FinalBuf_dma.o)
 .debug_aranges
                0x00001168       0x80 .\CortexM3\ARM_GCC_541\Debug\ElectronicClock.a(JOYSTICK_ADC_XY_IRQ.o)
 .debug_aranges
                0x000011e8       0x70 .\CortexM3\ARM_GCC_541\Debug\ElectronicClock.a(TFT_SPI_IntClock.o)
 .debug_aranges
                0x00001258       0xd8 .\CortexM3\ARM_GCC_541\Debug\ElectronicClock.a(CyDmac.o)
 .debug_aranges
                0x00001330      0x2a0 .\CortexM3\ARM_GCC_541\Debug\ElectronicClock.a(CyLib.o)
 .debug_aranges
                0x000015d0       0x98 .\CortexM3\ARM_GCC_541\Debug\ElectronicClock.a(cyPm.o)
 .debug_aranges
                0x00001668       0x20 .\CortexM3\ARM_GCC_541\Debug\ElectronicClock.a(ErikaOS_1_ee_gnu_change_context_isr.o)
 .debug_aranges
                0x00001688       0x20 .\CortexM3\ARM_GCC_541\Debug\ElectronicClock.a(ErikaOS_1_ee_gnu_irq_stack.o)
 .debug_aranges
                0x000016a8       0x20 .\CortexM3\ARM_GCC_541\Debug\ElectronicClock.a(ErikaOS_1_ee_gnu_multi_context.o)
 .debug_aranges
                0x000016c8       0x20 .\CortexM3\ARM_GCC_541\Debug\ElectronicClock.a(ErikaOS_1_ee_gnu_oo.o)
 .debug_aranges
                0x000016e8       0x20 .\CortexM3\ARM_GCC_541\Debug\ElectronicClock.a(CyBootAsmGnu.o)
 .debug_aranges
                0x00001708       0x20 .\CortexM3\ARM_GCC_541\Debug\ElectronicClock.a(ErikaOS_1_ee_tnterm.o)
 .debug_aranges
                0x00001728       0x20 .\CortexM3\ARM_GCC_541\Debug\ElectronicClock.a(ErikaOS_1_ee_tstub.o)
 .debug_aranges
                0x00001748       0x20 .\CortexM3\ARM_GCC_541\Debug\ElectronicClock.a(ErikaOS_1_ee_ulockallres.o)
 .debug_aranges
                0x00001768       0x28 .\CortexM3\ARM_GCC_541\Debug\ElectronicClock.a(ErikaOS_1_cortex_mx_ee_context.o)
 .debug_aranges
                0x00001790       0x88 .\CortexM3\ARM_GCC_541\Debug\ElectronicClock.a(CyFlash.o)
 .debug_aranges
                0x00001818       0x80 .\CortexM3\ARM_GCC_541\Debug\ElectronicClock.a(CySpc.o)
 .debug_aranges
                0x00001898       0x30 .\CortexM3\ARM_GCC_541\Debug\ElectronicClock.a(ErikaOS_1_ee_thendin.o)

.debug_pubnames
 *(.debug_pubnames)

.debug_info     0x00000000    0x1bcb2
 *(.debug_info .gnu.linkonce.wi.*)
 .debug_info    0x00000000      0xd6f .\CortexM3\ARM_GCC_541\Debug\main.o
 .debug_info    0x00000d6f     0x1195 .\CortexM3\ARM_GCC_541\Debug\swc_clock.o
 .debug_info    0x00001f04      0x279 .\CortexM3\ARM_GCC_541\Debug\tsk_control.o
 .debug_info    0x0000217d      0x252 .\CortexM3\ARM_GCC_541\Debug\tsk_hmi.o
 .debug_info    0x000023cf      0x252 .\CortexM3\ARM_GCC_541\Debug\tsk_io.o
 .debug_info    0x00002621      0x17d .\CortexM3\ARM_GCC_541\Debug\tsk_system.o
 .debug_info    0x0000279e      0x542 .\CortexM3\ARM_GCC_541\Debug\statemachine.o
 .debug_info    0x00002ce0      0x2f7 .\CortexM3\ARM_GCC_541\Debug\button.o
 .debug_info    0x00002fd7      0x2de .\CortexM3\ARM_GCC_541\Debug\joystick.o
 .debug_info    0x000032b5      0x58b .\CortexM3\ARM_GCC_541\Debug\led.o
 .debug_info    0x00003840      0x550 .\CortexM3\ARM_GCC_541\Debug\seven.o
 .debug_info    0x00003d90      0x30b .\CortexM3\ARM_GCC_541\Debug\watchdog.o
 .debug_info    0x0000409b      0x3b5 .\CortexM3\ARM_GCC_541\Debug\logging.o
 .debug_info    0x00004450     0x2733 .\CortexM3\ARM_GCC_541\Debug\tft.o
 .debug_info    0x00006b83      0x375 .\CortexM3\ARM_GCC_541\Debug\rte.o
 .debug_info    0x00006ef8     0x17ec .\CortexM3\ARM_GCC_541\Debug\sc_clock_type.o
 .debug_info    0x000086e4      0xb2f .\CortexM3\ARM_GCC_541\Debug\sp_common.o
 .debug_info    0x00009213      0x659 .\CortexM3\ARM_GCC_541\Debug\cyfitter_cfg.o
 .debug_info    0x0000986c      0x139 .\CortexM3\ARM_GCC_541\Debug\cymetadata.o
 .debug_info    0x000099a5      0x3cf .\CortexM3\ARM_GCC_541\Debug\Cm3Start.o
 .debug_info    0x00009d74      0x80d .\CortexM3\ARM_GCC_541\Debug\ElectronicClock.a(ErikaOS_1_ee_activate.o)
 .debug_info    0x0000a581      0x5e5 .\CortexM3\ARM_GCC_541\Debug\ElectronicClock.a(ErikaOS_1_ee_alsetrel.o)
 .debug_info    0x0000ab66      0xc3b .\CortexM3\ARM_GCC_541\Debug\ElectronicClock.a(ErikaOS_1_ee_altick.o)
 .debug_info    0x0000b7a1      0x5a7 .\CortexM3\ARM_GCC_541\Debug\ElectronicClock.a(ErikaOS_1_ee_evclear.o)
 .debug_info    0x0000bd48      0x4ca .\CortexM3\ARM_GCC_541\Debug\ElectronicClock.a(ErikaOS_1_ee_evget.o)
 .debug_info    0x0000c212      0x7c3 .\CortexM3\ARM_GCC_541\Debug\ElectronicClock.a(ErikaOS_1_ee_evset.o)
 .debug_info    0x0000c9d5      0x85a .\CortexM3\ARM_GCC_541\Debug\ElectronicClock.a(ErikaOS_1_ee_evwait.o)
 .debug_info    0x0000d22f      0x5cb .\CortexM3\ARM_GCC_541\Debug\ElectronicClock.a(ErikaOS_1_ee_irqendin.o)
 .debug_info    0x0000d7fa      0x60d .\CortexM3\ARM_GCC_541\Debug\ElectronicClock.a(ErikaOS_1_ee_lockres.o)
 .debug_info    0x0000de07      0x3d0 .\CortexM3\ARM_GCC_541\Debug\ElectronicClock.a(ErikaOS_1_ee_lookup.o)
 .debug_info    0x0000e1d7      0x46f .\CortexM3\ARM_GCC_541\Debug\ElectronicClock.a(ErikaOS_1_ee_rq_exchg.o)
 .debug_info    0x0000e646      0x421 .\CortexM3\ARM_GCC_541\Debug\ElectronicClock.a(ErikaOS_1_ee_rq_first.o)
 .debug_info    0x0000ea67      0x475 .\CortexM3\ARM_GCC_541\Debug\ElectronicClock.a(ErikaOS_1_ee_rq_inser.o)
 .debug_info    0x0000eedc     0x2040 .\CortexM3\ARM_GCC_541\Debug\ElectronicClock.a(ErikaOS_1_ee_startos.o)
 .debug_info    0x00010f1c      0x595 .\CortexM3\ARM_GCC_541\Debug\ElectronicClock.a(ErikaOS_1_ee_terminat.o)
 .debug_info    0x000114b1      0x7fb .\CortexM3\ARM_GCC_541\Debug\ElectronicClock.a(ErikaOS_1_ee_ulockres.o)
 .debug_info    0x00011cac      0x4cc .\CortexM3\ARM_GCC_541\Debug\ElectronicClock.a(ErikaOS_1_cortex_mx_ee_utils.o)
 .debug_info    0x00012178      0x3cb .\CortexM3\ARM_GCC_541\Debug\ElectronicClock.a(ErikaOS_1_common_ee_hal_structs.o)
 .debug_info    0x00012543      0x96f .\CortexM3\ARM_GCC_541\Debug\ElectronicClock.a(ErikaOS_1_eecfg.o)
 .debug_info    0x00012eb2       0xd6 .\CortexM3\ARM_GCC_541\Debug\ElectronicClock.a(SEVEN_reg.o)
 .debug_info    0x00012f88      0x60c .\CortexM3\ARM_GCC_541\Debug\ElectronicClock.a(UART_LOG.o)
 .debug_info    0x00013594      0x3a0 .\CortexM3\ARM_GCC_541\Debug\ElectronicClock.a(RGB_PWM_blue.o)
 .debug_info    0x00013934      0x3a0 .\CortexM3\ARM_GCC_541\Debug\ElectronicClock.a(RGB_PWM_green.o)
 .debug_info    0x00013cd4      0x3a0 .\CortexM3\ARM_GCC_541\Debug\ElectronicClock.a(RGB_PWM_red.o)
 .debug_info    0x00014074      0x11f .\CortexM3\ARM_GCC_541\Debug\ElectronicClock.a(LED_yellow.o)
 .debug_info    0x00014193      0x11f .\CortexM3\ARM_GCC_541\Debug\ElectronicClock.a(LED_green.o)
 .debug_info    0x000142b2      0x11f .\CortexM3\ARM_GCC_541\Debug\ElectronicClock.a(LED_red.o)
 .debug_info    0x000143d1      0x11f .\CortexM3\ARM_GCC_541\Debug\ElectronicClock.a(SEVEN_SELECT.o)
 .debug_info    0x000144f0      0x11f .\CortexM3\ARM_GCC_541\Debug\ElectronicClock.a(BUTTON_1.o)
 .debug_info    0x0001460f      0x11f .\CortexM3\ARM_GCC_541\Debug\ElectronicClock.a(BUTTON_2.o)
 .debug_info    0x0001472e      0x11f .\CortexM3\ARM_GCC_541\Debug\ElectronicClock.a(BUTTON_3.o)
 .debug_info    0x0001484d      0x11f .\CortexM3\ARM_GCC_541\Debug\ElectronicClock.a(BUTTON_4.o)
 .debug_info    0x0001496c      0x2d2 .\CortexM3\ARM_GCC_541\Debug\ElectronicClock.a(isr_Button.o)
 .debug_info    0x00014c3e      0x6f2 .\CortexM3\ARM_GCC_541\Debug\ElectronicClock.a(JOYSTICK_ADC_XY.o)
 .debug_info    0x00015330       0xa0 .\CortexM3\ARM_GCC_541\Debug\ElectronicClock.a(JOYSTICK_ADC_XY_INT.o)
 .debug_info    0x000153d0      0x11f .\CortexM3\ARM_GCC_541\Debug\ElectronicClock.a(TFT_RES.o)
 .debug_info    0x000154ef      0x11f .\CortexM3\ARM_GCC_541\Debug\ElectronicClock.a(TFT_DC.o)
 .debug_info    0x0001560e      0x4bb .\CortexM3\ARM_GCC_541\Debug\ElectronicClock.a(TFT_SPI.o)
 .debug_info    0x00015ac9      0x27e .\CortexM3\ARM_GCC_541\Debug\ElectronicClock.a(TFT_BackLight.o)
 .debug_info    0x00015d47      0x283 .\CortexM3\ARM_GCC_541\Debug\ElectronicClock.a(UART_LOG_IntClock.o)
 .debug_info    0x00015fca      0x544 .\CortexM3\ARM_GCC_541\Debug\ElectronicClock.a(JOYSTICK_ADC_XY_SAR.o)
 .debug_info    0x0001650e      0x1a8 .\CortexM3\ARM_GCC_541\Debug\ElectronicClock.a(JOYSTICK_ADC_XY_TempBuf_dma.o)
 .debug_info    0x000166b6      0x1aa .\CortexM3\ARM_GCC_541\Debug\ElectronicClock.a(JOYSTICK_ADC_XY_FinalBuf_dma.o)
 .debug_info    0x00016860      0x2d2 .\CortexM3\ARM_GCC_541\Debug\ElectronicClock.a(JOYSTICK_ADC_XY_IRQ.o)
 .debug_info    0x00016b32      0x283 .\CortexM3\ARM_GCC_541\Debug\ElectronicClock.a(TFT_SPI_IntClock.o)
 .debug_info    0x00016db5      0x94e .\CortexM3\ARM_GCC_541\Debug\ElectronicClock.a(CyDmac.o)
 .debug_info    0x00017703     0x1374 .\CortexM3\ARM_GCC_541\Debug\ElectronicClock.a(CyLib.o)
 .debug_info    0x00018a77      0xa2a .\CortexM3\ARM_GCC_541\Debug\ElectronicClock.a(cyPm.o)
 .debug_info    0x000194a1       0xab .\CortexM3\ARM_GCC_541\Debug\ElectronicClock.a(ErikaOS_1_ee_gnu_change_context_isr.o)
 .debug_info    0x0001954c       0xa2 .\CortexM3\ARM_GCC_541\Debug\ElectronicClock.a(ErikaOS_1_ee_gnu_irq_stack.o)
 .debug_info    0x000195ee       0xa6 .\CortexM3\ARM_GCC_541\Debug\ElectronicClock.a(ErikaOS_1_ee_gnu_multi_context.o)
 .debug_info    0x00019694       0x9b .\CortexM3\ARM_GCC_541\Debug\ElectronicClock.a(ErikaOS_1_ee_gnu_oo.o)
 .debug_info    0x0001972f       0x94 .\CortexM3\ARM_GCC_541\Debug\ElectronicClock.a(CyBootAsmGnu.o)
 .debug_info    0x000197c3      0x473 .\CortexM3\ARM_GCC_541\Debug\ElectronicClock.a(ErikaOS_1_ee_tnterm.o)
 .debug_info    0x00019c36      0x487 .\CortexM3\ARM_GCC_541\Debug\ElectronicClock.a(ErikaOS_1_ee_tstub.o)
 .debug_info    0x0001a0bd      0x45e .\CortexM3\ARM_GCC_541\Debug\ElectronicClock.a(ErikaOS_1_ee_ulockallres.o)
 .debug_info    0x0001a51b      0x501 .\CortexM3\ARM_GCC_541\Debug\ElectronicClock.a(ErikaOS_1_cortex_mx_ee_context.o)
 .debug_info    0x0001aa1c      0x64d .\CortexM3\ARM_GCC_541\Debug\ElectronicClock.a(CyFlash.o)
 .debug_info    0x0001b069      0x550 .\CortexM3\ARM_GCC_541\Debug\ElectronicClock.a(CySpc.o)
 .debug_info    0x0001b5b9      0x6f9 .\CortexM3\ARM_GCC_541\Debug\ElectronicClock.a(ErikaOS_1_ee_thendin.o)

.debug_abbrev   0x00000000     0x6d97
 *(.debug_abbrev)
 .debug_abbrev  0x00000000      0x32f .\CortexM3\ARM_GCC_541\Debug\main.o
 .debug_abbrev  0x0000032f      0x292 .\CortexM3\ARM_GCC_541\Debug\swc_clock.o
 .debug_abbrev  0x000005c1      0x158 .\CortexM3\ARM_GCC_541\Debug\tsk_control.o
 .debug_abbrev  0x00000719      0x139 .\CortexM3\ARM_GCC_541\Debug\tsk_hmi.o
 .debug_abbrev  0x00000852      0x139 .\CortexM3\ARM_GCC_541\Debug\tsk_io.o
 .debug_abbrev  0x0000098b       0xc7 .\CortexM3\ARM_GCC_541\Debug\tsk_system.o
 .debug_abbrev  0x00000a52      0x183 .\CortexM3\ARM_GCC_541\Debug\statemachine.o
 .debug_abbrev  0x00000bd5      0x11c .\CortexM3\ARM_GCC_541\Debug\button.o
 .debug_abbrev  0x00000cf1      0x11e .\CortexM3\ARM_GCC_541\Debug\joystick.o
 .debug_abbrev  0x00000e0f      0x1c5 .\CortexM3\ARM_GCC_541\Debug\led.o
 .debug_abbrev  0x00000fd4      0x17a .\CortexM3\ARM_GCC_541\Debug\seven.o
 .debug_abbrev  0x0000114e      0x12d .\CortexM3\ARM_GCC_541\Debug\watchdog.o
 .debug_abbrev  0x0000127b      0x14a .\CortexM3\ARM_GCC_541\Debug\logging.o
 .debug_abbrev  0x000013c5      0x2bf .\CortexM3\ARM_GCC_541\Debug\tft.o
 .debug_abbrev  0x00001684      0x16b .\CortexM3\ARM_GCC_541\Debug\rte.o
 .debug_abbrev  0x000017ef      0x2bd .\CortexM3\ARM_GCC_541\Debug\sc_clock_type.o
 .debug_abbrev  0x00001aac      0x206 .\CortexM3\ARM_GCC_541\Debug\sp_common.o
 .debug_abbrev  0x00001cb2      0x20d .\CortexM3\ARM_GCC_541\Debug\cyfitter_cfg.o
 .debug_abbrev  0x00001ebf       0x77 .\CortexM3\ARM_GCC_541\Debug\cymetadata.o
 .debug_abbrev  0x00001f36      0x1e8 .\CortexM3\ARM_GCC_541\Debug\Cm3Start.o
 .debug_abbrev  0x0000211e      0x284 .\CortexM3\ARM_GCC_541\Debug\ElectronicClock.a(ErikaOS_1_ee_activate.o)
 .debug_abbrev  0x000023a2      0x1f7 .\CortexM3\ARM_GCC_541\Debug\ElectronicClock.a(ErikaOS_1_ee_alsetrel.o)
 .debug_abbrev  0x00002599      0x362 .\CortexM3\ARM_GCC_541\Debug\ElectronicClock.a(ErikaOS_1_ee_altick.o)
 .debug_abbrev  0x000028fb      0x1e0 .\CortexM3\ARM_GCC_541\Debug\ElectronicClock.a(ErikaOS_1_ee_evclear.o)
 .debug_abbrev  0x00002adb      0x150 .\CortexM3\ARM_GCC_541\Debug\ElectronicClock.a(ErikaOS_1_ee_evget.o)
 .debug_abbrev  0x00002c2b      0x27f .\CortexM3\ARM_GCC_541\Debug\ElectronicClock.a(ErikaOS_1_ee_evset.o)
 .debug_abbrev  0x00002eaa      0x25d .\CortexM3\ARM_GCC_541\Debug\ElectronicClock.a(ErikaOS_1_ee_evwait.o)
 .debug_abbrev  0x00003107      0x1da .\CortexM3\ARM_GCC_541\Debug\ElectronicClock.a(ErikaOS_1_ee_irqendin.o)
 .debug_abbrev  0x000032e1      0x1ef .\CortexM3\ARM_GCC_541\Debug\ElectronicClock.a(ErikaOS_1_ee_lockres.o)
 .debug_abbrev  0x000034d0       0xcf .\CortexM3\ARM_GCC_541\Debug\ElectronicClock.a(ErikaOS_1_ee_lookup.o)
 .debug_abbrev  0x0000359f       0xfc .\CortexM3\ARM_GCC_541\Debug\ElectronicClock.a(ErikaOS_1_ee_rq_exchg.o)
 .debug_abbrev  0x0000369b       0xed .\CortexM3\ARM_GCC_541\Debug\ElectronicClock.a(ErikaOS_1_ee_rq_first.o)
 .debug_abbrev  0x00003788      0x109 .\CortexM3\ARM_GCC_541\Debug\ElectronicClock.a(ErikaOS_1_ee_rq_inser.o)
 .debug_abbrev  0x00003891      0x4a7 .\CortexM3\ARM_GCC_541\Debug\ElectronicClock.a(ErikaOS_1_ee_startos.o)
 .debug_abbrev  0x00003d38      0x1de .\CortexM3\ARM_GCC_541\Debug\ElectronicClock.a(ErikaOS_1_ee_terminat.o)
 .debug_abbrev  0x00003f16      0x277 .\CortexM3\ARM_GCC_541\Debug\ElectronicClock.a(ErikaOS_1_ee_ulockres.o)
 .debug_abbrev  0x0000418d      0x1ad .\CortexM3\ARM_GCC_541\Debug\ElectronicClock.a(ErikaOS_1_cortex_mx_ee_utils.o)
 .debug_abbrev  0x0000433a       0xcf .\CortexM3\ARM_GCC_541\Debug\ElectronicClock.a(ErikaOS_1_common_ee_hal_structs.o)
 .debug_abbrev  0x00004409      0x130 .\CortexM3\ARM_GCC_541\Debug\ElectronicClock.a(ErikaOS_1_eecfg.o)
 .debug_abbrev  0x00004539       0x81 .\CortexM3\ARM_GCC_541\Debug\ElectronicClock.a(SEVEN_reg.o)
 .debug_abbrev  0x000045ba      0x175 .\CortexM3\ARM_GCC_541\Debug\ElectronicClock.a(UART_LOG.o)
 .debug_abbrev  0x0000472f      0x133 .\CortexM3\ARM_GCC_541\Debug\ElectronicClock.a(RGB_PWM_blue.o)
 .debug_abbrev  0x00004862      0x133 .\CortexM3\ARM_GCC_541\Debug\ElectronicClock.a(RGB_PWM_green.o)
 .debug_abbrev  0x00004995      0x133 .\CortexM3\ARM_GCC_541\Debug\ElectronicClock.a(RGB_PWM_red.o)
 .debug_abbrev  0x00004ac8       0x90 .\CortexM3\ARM_GCC_541\Debug\ElectronicClock.a(LED_yellow.o)
 .debug_abbrev  0x00004b58       0x90 .\CortexM3\ARM_GCC_541\Debug\ElectronicClock.a(LED_green.o)
 .debug_abbrev  0x00004be8       0x90 .\CortexM3\ARM_GCC_541\Debug\ElectronicClock.a(LED_red.o)
 .debug_abbrev  0x00004c78       0x90 .\CortexM3\ARM_GCC_541\Debug\ElectronicClock.a(SEVEN_SELECT.o)
 .debug_abbrev  0x00004d08       0x90 .\CortexM3\ARM_GCC_541\Debug\ElectronicClock.a(BUTTON_1.o)
 .debug_abbrev  0x00004d98       0x90 .\CortexM3\ARM_GCC_541\Debug\ElectronicClock.a(BUTTON_2.o)
 .debug_abbrev  0x00004e28       0x90 .\CortexM3\ARM_GCC_541\Debug\ElectronicClock.a(BUTTON_3.o)
 .debug_abbrev  0x00004eb8       0x90 .\CortexM3\ARM_GCC_541\Debug\ElectronicClock.a(BUTTON_4.o)
 .debug_abbrev  0x00004f48      0x173 .\CortexM3\ARM_GCC_541\Debug\ElectronicClock.a(isr_Button.o)
 .debug_abbrev  0x000050bb      0x13e .\CortexM3\ARM_GCC_541\Debug\ElectronicClock.a(JOYSTICK_ADC_XY.o)
 .debug_abbrev  0x000051f9       0x42 .\CortexM3\ARM_GCC_541\Debug\ElectronicClock.a(JOYSTICK_ADC_XY_INT.o)
 .debug_abbrev  0x0000523b       0x90 .\CortexM3\ARM_GCC_541\Debug\ElectronicClock.a(TFT_RES.o)
 .debug_abbrev  0x000052cb       0x90 .\CortexM3\ARM_GCC_541\Debug\ElectronicClock.a(TFT_DC.o)
 .debug_abbrev  0x0000535b      0x146 .\CortexM3\ARM_GCC_541\Debug\ElectronicClock.a(TFT_SPI.o)
 .debug_abbrev  0x000054a1      0x12d .\CortexM3\ARM_GCC_541\Debug\ElectronicClock.a(TFT_BackLight.o)
 .debug_abbrev  0x000055ce      0x139 .\CortexM3\ARM_GCC_541\Debug\ElectronicClock.a(UART_LOG_IntClock.o)
 .debug_abbrev  0x00005707      0x1ac .\CortexM3\ARM_GCC_541\Debug\ElectronicClock.a(JOYSTICK_ADC_XY_SAR.o)
 .debug_abbrev  0x000058b3       0xcd .\CortexM3\ARM_GCC_541\Debug\ElectronicClock.a(JOYSTICK_ADC_XY_TempBuf_dma.o)
 .debug_abbrev  0x00005980       0xcd .\CortexM3\ARM_GCC_541\Debug\ElectronicClock.a(JOYSTICK_ADC_XY_FinalBuf_dma.o)
 .debug_abbrev  0x00005a4d      0x173 .\CortexM3\ARM_GCC_541\Debug\ElectronicClock.a(JOYSTICK_ADC_XY_IRQ.o)
 .debug_abbrev  0x00005bc0      0x139 .\CortexM3\ARM_GCC_541\Debug\ElectronicClock.a(TFT_SPI_IntClock.o)
 .debug_abbrev  0x00005cf9      0x1b2 .\CortexM3\ARM_GCC_541\Debug\ElectronicClock.a(CyDmac.o)
 .debug_abbrev  0x00005eab      0x254 .\CortexM3\ARM_GCC_541\Debug\ElectronicClock.a(CyLib.o)
 .debug_abbrev  0x000060ff      0x1ab .\CortexM3\ARM_GCC_541\Debug\ElectronicClock.a(cyPm.o)
 .debug_abbrev  0x000062aa       0x14 .\CortexM3\ARM_GCC_541\Debug\ElectronicClock.a(ErikaOS_1_ee_gnu_change_context_isr.o)
 .debug_abbrev  0x000062be       0x14 .\CortexM3\ARM_GCC_541\Debug\ElectronicClock.a(ErikaOS_1_ee_gnu_irq_stack.o)
 .debug_abbrev  0x000062d2       0x14 .\CortexM3\ARM_GCC_541\Debug\ElectronicClock.a(ErikaOS_1_ee_gnu_multi_context.o)
 .debug_abbrev  0x000062e6       0x14 .\CortexM3\ARM_GCC_541\Debug\ElectronicClock.a(ErikaOS_1_ee_gnu_oo.o)
 .debug_abbrev  0x000062fa       0x14 .\CortexM3\ARM_GCC_541\Debug\ElectronicClock.a(CyBootAsmGnu.o)
 .debug_abbrev  0x0000630e      0x190 .\CortexM3\ARM_GCC_541\Debug\ElectronicClock.a(ErikaOS_1_ee_tnterm.o)
 .debug_abbrev  0x0000649e      0x143 .\CortexM3\ARM_GCC_541\Debug\ElectronicClock.a(ErikaOS_1_ee_tstub.o)
 .debug_abbrev  0x000065e1       0xfc .\CortexM3\ARM_GCC_541\Debug\ElectronicClock.a(ErikaOS_1_ee_ulockallres.o)
 .debug_abbrev  0x000066dd      0x156 .\CortexM3\ARM_GCC_541\Debug\ElectronicClock.a(ErikaOS_1_cortex_mx_ee_context.o)
 .debug_abbrev  0x00006833      0x1a7 .\CortexM3\ARM_GCC_541\Debug\ElectronicClock.a(CyFlash.o)
 .debug_abbrev  0x000069da      0x194 .\CortexM3\ARM_GCC_541\Debug\ElectronicClock.a(CySpc.o)
 .debug_abbrev  0x00006b6e      0x229 .\CortexM3\ARM_GCC_541\Debug\ElectronicClock.a(ErikaOS_1_ee_thendin.o)

.debug_line     0x00000000     0x9f0b
 *(.debug_line)
 .debug_line    0x00000000      0x576 .\CortexM3\ARM_GCC_541\Debug\main.o
 .debug_line    0x00000576      0x530 .\CortexM3\ARM_GCC_541\Debug\swc_clock.o
 .debug_line    0x00000aa6      0x287 .\CortexM3\ARM_GCC_541\Debug\tsk_control.o
 .debug_line    0x00000d2d      0x279 .\CortexM3\ARM_GCC_541\Debug\tsk_hmi.o
 .debug_line    0x00000fa6      0x278 .\CortexM3\ARM_GCC_541\Debug\tsk_io.o
 .debug_line    0x0000121e      0x232 .\CortexM3\ARM_GCC_541\Debug\tsk_system.o
 .debug_line    0x00001450      0x30c .\CortexM3\ARM_GCC_541\Debug\statemachine.o
 .debug_line    0x0000175c      0x2ae .\CortexM3\ARM_GCC_541\Debug\button.o
 .debug_line    0x00001a0a      0x257 .\CortexM3\ARM_GCC_541\Debug\joystick.o
 .debug_line    0x00001c61      0x364 .\CortexM3\ARM_GCC_541\Debug\led.o
 .debug_line    0x00001fc5      0x2fe .\CortexM3\ARM_GCC_541\Debug\seven.o
 .debug_line    0x000022c3      0x28b .\CortexM3\ARM_GCC_541\Debug\watchdog.o
 .debug_line    0x0000254e      0x25d .\CortexM3\ARM_GCC_541\Debug\logging.o
 .debug_line    0x000027ab      0x8ab .\CortexM3\ARM_GCC_541\Debug\tft.o
 .debug_line    0x00003056      0x289 .\CortexM3\ARM_GCC_541\Debug\rte.o
 .debug_line    0x000032df        0x0 .\CortexM3\ARM_GCC_541\Debug\sc_clock.o
 .debug_line    0x000032df      0x6be .\CortexM3\ARM_GCC_541\Debug\sc_clock_type.o
 .debug_line    0x0000399d        0x0 .\CortexM3\ARM_GCC_541\Debug\sc_event.o
 .debug_line    0x0000399d      0x377 .\CortexM3\ARM_GCC_541\Debug\sp_common.o
 .debug_line    0x00003d14      0x20a .\CortexM3\ARM_GCC_541\Debug\cyfitter_cfg.o
 .debug_line    0x00003f1e      0x141 .\CortexM3\ARM_GCC_541\Debug\cymetadata.o
 .debug_line    0x0000405f      0x241 .\CortexM3\ARM_GCC_541\Debug\Cm3Start.o
 .debug_line    0x000042a0      0x1fa .\CortexM3\ARM_GCC_541\Debug\ElectronicClock.a(ErikaOS_1_ee_activate.o)
 .debug_line    0x0000449a      0x1d1 .\CortexM3\ARM_GCC_541\Debug\ElectronicClock.a(ErikaOS_1_ee_alsetrel.o)
 .debug_line    0x0000466b      0x305 .\CortexM3\ARM_GCC_541\Debug\ElectronicClock.a(ErikaOS_1_ee_altick.o)
 .debug_line    0x00004970      0x1d5 .\CortexM3\ARM_GCC_541\Debug\ElectronicClock.a(ErikaOS_1_ee_evclear.o)
 .debug_line    0x00004b45      0x15b .\CortexM3\ARM_GCC_541\Debug\ElectronicClock.a(ErikaOS_1_ee_evget.o)
 .debug_line    0x00004ca0      0x1f7 .\CortexM3\ARM_GCC_541\Debug\ElectronicClock.a(ErikaOS_1_ee_evset.o)
 .debug_line    0x00004e97      0x205 .\CortexM3\ARM_GCC_541\Debug\ElectronicClock.a(ErikaOS_1_ee_evwait.o)
 .debug_line    0x0000509c      0x1a0 .\CortexM3\ARM_GCC_541\Debug\ElectronicClock.a(ErikaOS_1_ee_irqendin.o)
 .debug_line    0x0000523c      0x1f1 .\CortexM3\ARM_GCC_541\Debug\ElectronicClock.a(ErikaOS_1_ee_lockres.o)
 .debug_line    0x0000542d      0x119 .\CortexM3\ARM_GCC_541\Debug\ElectronicClock.a(ErikaOS_1_ee_lookup.o)
 .debug_line    0x00005546      0x15b .\CortexM3\ARM_GCC_541\Debug\ElectronicClock.a(ErikaOS_1_ee_rq_exchg.o)
 .debug_line    0x000056a1      0x152 .\CortexM3\ARM_GCC_541\Debug\ElectronicClock.a(ErikaOS_1_ee_rq_first.o)
 .debug_line    0x000057f3      0x156 .\CortexM3\ARM_GCC_541\Debug\ElectronicClock.a(ErikaOS_1_ee_rq_inser.o)
 .debug_line    0x00005949      0x3fa .\CortexM3\ARM_GCC_541\Debug\ElectronicClock.a(ErikaOS_1_ee_startos.o)
 .debug_line    0x00005d43      0x1c4 .\CortexM3\ARM_GCC_541\Debug\ElectronicClock.a(ErikaOS_1_ee_terminat.o)
 .debug_line    0x00005f07      0x215 .\CortexM3\ARM_GCC_541\Debug\ElectronicClock.a(ErikaOS_1_ee_ulockres.o)
 .debug_line    0x0000611c      0x166 .\CortexM3\ARM_GCC_541\Debug\ElectronicClock.a(ErikaOS_1_cortex_mx_ee_utils.o)
 .debug_line    0x00006282       0xf9 .\CortexM3\ARM_GCC_541\Debug\ElectronicClock.a(ErikaOS_1_common_ee_hal_structs.o)
 .debug_line    0x0000637b      0x13c .\CortexM3\ARM_GCC_541\Debug\ElectronicClock.a(ErikaOS_1_eecfg.o)
 .debug_line    0x000064b7       0x71 .\CortexM3\ARM_GCC_541\Debug\ElectronicClock.a(SEVEN_reg.o)
 .debug_line    0x00006528      0x2c4 .\CortexM3\ARM_GCC_541\Debug\ElectronicClock.a(UART_LOG.o)
 .debug_line    0x000067ec      0x1b3 .\CortexM3\ARM_GCC_541\Debug\ElectronicClock.a(RGB_PWM_blue.o)
 .debug_line    0x0000699f      0x1b4 .\CortexM3\ARM_GCC_541\Debug\ElectronicClock.a(RGB_PWM_green.o)
 .debug_line    0x00006b53      0x1b2 .\CortexM3\ARM_GCC_541\Debug\ElectronicClock.a(RGB_PWM_red.o)
 .debug_line    0x00006d05       0x97 .\CortexM3\ARM_GCC_541\Debug\ElectronicClock.a(LED_yellow.o)
 .debug_line    0x00006d9c       0x96 .\CortexM3\ARM_GCC_541\Debug\ElectronicClock.a(LED_green.o)
 .debug_line    0x00006e32       0x94 .\CortexM3\ARM_GCC_541\Debug\ElectronicClock.a(LED_red.o)
 .debug_line    0x00006ec6       0x99 .\CortexM3\ARM_GCC_541\Debug\ElectronicClock.a(SEVEN_SELECT.o)
 .debug_line    0x00006f5f       0x95 .\CortexM3\ARM_GCC_541\Debug\ElectronicClock.a(BUTTON_1.o)
 .debug_line    0x00006ff4       0x95 .\CortexM3\ARM_GCC_541\Debug\ElectronicClock.a(BUTTON_2.o)
 .debug_line    0x00007089       0x95 .\CortexM3\ARM_GCC_541\Debug\ElectronicClock.a(BUTTON_3.o)
 .debug_line    0x0000711e       0x95 .\CortexM3\ARM_GCC_541\Debug\ElectronicClock.a(BUTTON_4.o)
 .debug_line    0x000071b3      0x137 .\CortexM3\ARM_GCC_541\Debug\ElectronicClock.a(isr_Button.o)
 .debug_line    0x000072ea      0x23e .\CortexM3\ARM_GCC_541\Debug\ElectronicClock.a(JOYSTICK_ADC_XY.o)
 .debug_line    0x00007528       0x5c .\CortexM3\ARM_GCC_541\Debug\ElectronicClock.a(JOYSTICK_ADC_XY_INT.o)
 .debug_line    0x00007584       0x94 .\CortexM3\ARM_GCC_541\Debug\ElectronicClock.a(TFT_RES.o)
 .debug_line    0x00007618       0x93 .\CortexM3\ARM_GCC_541\Debug\ElectronicClock.a(TFT_DC.o)
 .debug_line    0x000076ab      0x249 .\CortexM3\ARM_GCC_541\Debug\ElectronicClock.a(TFT_SPI.o)
 .debug_line    0x000078f4      0x13b .\CortexM3\ARM_GCC_541\Debug\ElectronicClock.a(TFT_BackLight.o)
 .debug_line    0x00007a2f      0x180 .\CortexM3\ARM_GCC_541\Debug\ElectronicClock.a(UART_LOG_IntClock.o)
 .debug_line    0x00007baf      0x20f .\CortexM3\ARM_GCC_541\Debug\ElectronicClock.a(JOYSTICK_ADC_XY_SAR.o)
 .debug_line    0x00007dbe       0x94 .\CortexM3\ARM_GCC_541\Debug\ElectronicClock.a(JOYSTICK_ADC_XY_TempBuf_dma.o)
 .debug_line    0x00007e52       0x95 .\CortexM3\ARM_GCC_541\Debug\ElectronicClock.a(JOYSTICK_ADC_XY_FinalBuf_dma.o)
 .debug_line    0x00007ee7      0x140 .\CortexM3\ARM_GCC_541\Debug\ElectronicClock.a(JOYSTICK_ADC_XY_IRQ.o)
 .debug_line    0x00008027      0x17f .\CortexM3\ARM_GCC_541\Debug\ElectronicClock.a(TFT_SPI_IntClock.o)
 .debug_line    0x000081a6      0x2e4 .\CortexM3\ARM_GCC_541\Debug\ElectronicClock.a(CyDmac.o)
 .debug_line    0x0000848a      0x816 .\CortexM3\ARM_GCC_541\Debug\ElectronicClock.a(CyLib.o)
 .debug_line    0x00008ca0      0x367 .\CortexM3\ARM_GCC_541\Debug\ElectronicClock.a(cyPm.o)
 .debug_line    0x00009007       0xae .\CortexM3\ARM_GCC_541\Debug\ElectronicClock.a(ErikaOS_1_ee_gnu_change_context_isr.o)
 .debug_line    0x000090b5       0x74 .\CortexM3\ARM_GCC_541\Debug\ElectronicClock.a(ErikaOS_1_ee_gnu_irq_stack.o)
 .debug_line    0x00009129       0x9d .\CortexM3\ARM_GCC_541\Debug\ElectronicClock.a(ErikaOS_1_ee_gnu_multi_context.o)
 .debug_line    0x000091c6       0x99 .\CortexM3\ARM_GCC_541\Debug\ElectronicClock.a(ErikaOS_1_ee_gnu_oo.o)
 .debug_line    0x0000925f       0x66 .\CortexM3\ARM_GCC_541\Debug\ElectronicClock.a(CyBootAsmGnu.o)
 .debug_line    0x000092c5      0x183 .\CortexM3\ARM_GCC_541\Debug\ElectronicClock.a(ErikaOS_1_ee_tnterm.o)
 .debug_line    0x00009448      0x172 .\CortexM3\ARM_GCC_541\Debug\ElectronicClock.a(ErikaOS_1_ee_tstub.o)
 .debug_line    0x000095ba      0x164 .\CortexM3\ARM_GCC_541\Debug\ElectronicClock.a(ErikaOS_1_ee_ulockallres.o)
 .debug_line    0x0000971e      0x1ac .\CortexM3\ARM_GCC_541\Debug\ElectronicClock.a(ErikaOS_1_cortex_mx_ee_context.o)
 .debug_line    0x000098ca      0x21a .\CortexM3\ARM_GCC_541\Debug\ElectronicClock.a(CyFlash.o)
 .debug_line    0x00009ae4      0x260 .\CortexM3\ARM_GCC_541\Debug\ElectronicClock.a(CySpc.o)
 .debug_line    0x00009d44      0x1c7 .\CortexM3\ARM_GCC_541\Debug\ElectronicClock.a(ErikaOS_1_ee_thendin.o)

.debug_frame    0x00000000     0x3c88
 *(.debug_frame)
 .debug_frame   0x00000000      0x100 .\CortexM3\ARM_GCC_541\Debug\main.o
 .debug_frame   0x00000100       0x88 .\CortexM3\ARM_GCC_541\Debug\swc_clock.o
 .debug_frame   0x00000188       0x2c .\CortexM3\ARM_GCC_541\Debug\tsk_control.o
 .debug_frame   0x000001b4       0x2c .\CortexM3\ARM_GCC_541\Debug\tsk_hmi.o
 .debug_frame   0x000001e0       0x2c .\CortexM3\ARM_GCC_541\Debug\tsk_io.o
 .debug_frame   0x0000020c       0x2c .\CortexM3\ARM_GCC_541\Debug\tsk_system.o