Archive member included to satisfy reference by file (symbol)

.\CortexM3\ARM_GCC_541\Debug\GasPedal.a(ErikaOS_1_ee_activate.o)
                              .\CortexM3\ARM_GCC_541\Debug\main.o (EE_oo_ActivateTask)
.\CortexM3\ARM_GCC_541\Debug\GasPedal.a(ErikaOS_1_ee_alsetrel.o)
                              .\CortexM3\ARM_GCC_541\Debug\main.o (EE_oo_SetRelAlarm)
.\CortexM3\ARM_GCC_541\Debug\GasPedal.a(ErikaOS_1_ee_altick.o)
                              .\CortexM3\ARM_GCC_541\Debug\GasPedal.a(ErikaOS_1_ee_alsetrel.o) (EE_oo_counter_object_insert)
.\CortexM3\ARM_GCC_541\Debug\GasPedal.a(ErikaOS_1_ee_evclear.o)
                              .\CortexM3\ARM_GCC_541\Debug\tsk_control.o (EE_oo_ClearEvent)
.\CortexM3\ARM_GCC_541\Debug\GasPedal.a(ErikaOS_1_ee_evget.o)
                              .\CortexM3\ARM_GCC_541\Debug\tsk_control.o (EE_oo_GetEvent)
.\CortexM3\ARM_GCC_541\Debug\GasPedal.a(ErikaOS_1_ee_evset.o)
                              .\CortexM3\ARM_GCC_541\Debug\swc_gaspedal.o (EE_oo_SetEvent)
.\CortexM3\ARM_GCC_541\Debug\GasPedal.a(ErikaOS_1_ee_evwait.o)
                              .\CortexM3\ARM_GCC_541\Debug\tsk_control.o (EE_oo_WaitEvent)
.\CortexM3\ARM_GCC_541\Debug\GasPedal.a(ErikaOS_1_ee_irqendin.o)
                              .\CortexM3\ARM_GCC_541\Debug\main.o (EE_IRQ_end_post_stub)
.\CortexM3\ARM_GCC_541\Debug\GasPedal.a(ErikaOS_1_ee_lookup.o)
                              .\CortexM3\ARM_GCC_541\Debug\GasPedal.a(ErikaOS_1_ee_irqendin.o) (EE_oo_IRQ_disable_count)
.\CortexM3\ARM_GCC_541\Debug\GasPedal.a(ErikaOS_1_ee_rq_exchg.o)
                              .\CortexM3\ARM_GCC_541\Debug\GasPedal.a(ErikaOS_1_ee_activate.o) (EE_rq2stk_exchange)
.\CortexM3\ARM_GCC_541\Debug\GasPedal.a(ErikaOS_1_ee_rq_first.o)
                              .\CortexM3\ARM_GCC_541\Debug\GasPedal.a(ErikaOS_1_ee_activate.o) (EE_rq_queryfirst)
.\CortexM3\ARM_GCC_541\Debug\GasPedal.a(ErikaOS_1_ee_rq_inser.o)
                              .\CortexM3\ARM_GCC_541\Debug\GasPedal.a(ErikaOS_1_ee_activate.o) (EE_rq_insert)
.\CortexM3\ARM_GCC_541\Debug\GasPedal.a(ErikaOS_1_ee_shtdown.o)
                              .\CortexM3\ARM_GCC_541\Debug\tsk_io.o (EE_oo_ShutdownOS)
.\CortexM3\ARM_GCC_541\Debug\GasPedal.a(ErikaOS_1_ee_startos.o)
                              .\CortexM3\ARM_GCC_541\Debug\GasPedal.a(ErikaOS_1_ee_shtdown.o) (EE_oo_started)
.\CortexM3\ARM_GCC_541\Debug\GasPedal.a(ErikaOS_1_ee_terminat.o)
                              .\CortexM3\ARM_GCC_541\Debug\main.o (EE_oo_TerminateTask)
.\CortexM3\ARM_GCC_541\Debug\GasPedal.a(ErikaOS_1_cortex_mx_ee_utils.o)
                              .\CortexM3\ARM_GCC_541\Debug\main.o (EE_system_init)
.\CortexM3\ARM_GCC_541\Debug\GasPedal.a(ErikaOS_1_common_ee_hal_structs.o)
                              .\CortexM3\ARM_GCC_541\Debug\GasPedal.a(ErikaOS_1_ee_irqendin.o) (EE_std_endcycle_next_tid)
.\CortexM3\ARM_GCC_541\Debug\GasPedal.a(ErikaOS_1_eecfg.o)
                              .\CortexM3\ARM_GCC_541\Debug\GasPedal.a(ErikaOS_1_ee_startos.o) (EE_oo_autostart_task_data)
.\CortexM3\ARM_GCC_541\Debug\GasPedal.a(SEVEN_reg.o)
                              .\CortexM3\ARM_GCC_541\Debug\seven.o (SEVEN_reg_Write)
.\CortexM3\ARM_GCC_541\Debug\GasPedal.a(UART_LOG.o)
                              .\CortexM3\ARM_GCC_541\Debug\main.o (UART_LOG_Start)
.\CortexM3\ARM_GCC_541\Debug\GasPedal.a(RGB_PWM_blue.o)
                              .\CortexM3\ARM_GCC_541\Debug\led.o (RGB_PWM_blue_WriteCompare1)
.\CortexM3\ARM_GCC_541\Debug\GasPedal.a(RGB_PWM_green.o)
                              .\CortexM3\ARM_GCC_541\Debug\led.o (RGB_PWM_green_WriteCompare1)
.\CortexM3\ARM_GCC_541\Debug\GasPedal.a(RGB_PWM_red.o)
                              .\CortexM3\ARM_GCC_541\Debug\led.o (RGB_PWM_red_WriteCompare1)
.\CortexM3\ARM_GCC_541\Debug\GasPedal.a(LED_yellow.o)
                              .\CortexM3\ARM_GCC_541\Debug\led.o (LED_yellow_Write)
.\CortexM3\ARM_GCC_541\Debug\GasPedal.a(LED_green.o)
                              .\CortexM3\ARM_GCC_541\Debug\led.o (LED_green_Write)
.\CortexM3\ARM_GCC_541\Debug\GasPedal.a(LED_red.o)
                              .\CortexM3\ARM_GCC_541\Debug\led.o (LED_red_Write)
.\CortexM3\ARM_GCC_541\Debug\GasPedal.a(SEVEN_SELECT.o)
                              .\CortexM3\ARM_GCC_541\Debug\seven.o (SEVEN_SELECT_Write)
.\CortexM3\ARM_GCC_541\Debug\GasPedal.a(BUTTON_1.o)
                              .\CortexM3\ARM_GCC_541\Debug\button.o (BUTTON_1_Read)
.\CortexM3\ARM_GCC_541\Debug\GasPedal.a(BUTTON_2.o)
                              .\CortexM3\ARM_GCC_541\Debug\button.o (BUTTON_2_Read)
.\CortexM3\ARM_GCC_541\Debug\GasPedal.a(BUTTON_3.o)
                              .\CortexM3\ARM_GCC_541\Debug\button.o (BUTTON_3_Read)
.\CortexM3\ARM_GCC_541\Debug\GasPedal.a(BUTTON_4.o)
                              .\CortexM3\ARM_GCC_541\Debug\button.o (BUTTON_4_Read)
.\CortexM3\ARM_GCC_541\Debug\GasPedal.a(isr_Button.o)
[...]
Memory Configuration

Name             Origin             Length             Attributes
rom              0x00000000         0x00040000         xr
ram              0x1fff8000         0x00010000         xrw
*default*        0x00000000         0xffffffff

Linker script and memory map

LOAD c:/program files (x86)/cypress/psoc creator/4.4/psoc creator/import/gnu/arm/5.4.1/bin/../lib/gcc/arm-none-eabi/5.4.1/armv7-m/crti.o
LOAD c:/program files (x86)/cypress/psoc creator/4.4/psoc creator/import/gnu/arm/5.4.1/bin/../lib/gcc/arm-none-eabi/5.4.1/armv7-m/crtbegin.o
LOAD c:/program files (x86)/cypress/psoc creator/4.4/psoc creator/import/gnu/arm/5.4.1/bin/../lib/gcc/arm-none-eabi/5.4.1/../../../../arm-none-eabi/lib/armv7-m/crt0.o
START GROUP
LOAD .\CortexM3\ARM_GCC_541\Debug\main.o
LOAD .\CortexM3\ARM_GCC_541\Debug\swc_gaspedal.o
LOAD .\CortexM3\ARM_GCC_541\Debug\tsk_control.o
LOAD .\CortexM3\ARM_GCC_541\Debug\tsk_io.o
LOAD .\CortexM3\ARM_GCC_541\Debug\tsk_system.o
LOAD .\CortexM3\ARM_GCC_541\Debug\tsk_tft.o
LOAD .\CortexM3\ARM_GCC_541\Debug\button.o
LOAD .\CortexM3\ARM_GCC_541\Debug\joystick.o
LOAD .\CortexM3\ARM_GCC_541\Debug\led.o
LOAD .\CortexM3\ARM_GCC_541\Debug\seven.o
LOAD .\CortexM3\ARM_GCC_541\Debug\watchdog.o
LOAD .\CortexM3\ARM_GCC_541\Debug\logging.o
LOAD .\CortexM3\ARM_GCC_541\Debug\tft.o
LOAD .\CortexM3\ARM_GCC_541\Debug\rte.o
LOAD .\CortexM3\ARM_GCC_541\Debug\sc_breaklight.o
LOAD .\CortexM3\ARM_GCC_541\Debug\sc_breaklight_type.o
LOAD .\CortexM3\ARM_GCC_541\Debug\sc_breakpedal.o
LOAD .\CortexM3\ARM_GCC_541\Debug\sc_breakpedal_type.o
LOAD .\CortexM3\ARM_GCC_541\Debug\sc_engine.o
LOAD .\CortexM3\ARM_GCC_541\Debug\sc_engine_type.o
LOAD .\CortexM3\ARM_GCC_541\Debug\sc_joystick.o
LOAD .\CortexM3\ARM_GCC_541\Debug\sc_joystick_type.o
LOAD .\CortexM3\ARM_GCC_541\Debug\sc_screen.o
LOAD .\CortexM3\ARM_GCC_541\Debug\sc_screen_type.o
LOAD .\CortexM3\ARM_GCC_541\Debug\sc_speed.o
LOAD .\CortexM3\ARM_GCC_541\Debug\sc_speed_type.o
LOAD .\CortexM3\ARM_GCC_541\Debug\sp_common.o
LOAD .\CortexM3\ARM_GCC_541\Debug\cyfitter_cfg.o
LOAD .\CortexM3\ARM_GCC_541\Debug\cymetadata.o
LOAD .\CortexM3\ARM_GCC_541\Debug\Cm3Start.o
LOAD .\CortexM3\ARM_GCC_541\Debug\GasPedal.a
LOAD C:\Program Files (x86)\Cypress\PSoC Creator\4.4\PSoC Creator\psoc\content\cycomponentlibrary\CyComponentLibrary.cylib\CortexM3\ARM_GCC_541\Debug\CyComponentLibrary.a
END GROUP
START GROUP
LOAD c:/program files (x86)/cypress/psoc creator/4.4/psoc creator/import/gnu/arm/5.4.1/bin/../lib/gcc/arm-none-eabi/5.4.1/armv7-m\libgcc.a
LOAD c:/program files (x86)/cypress/psoc creator/4.4/psoc creator/import/gnu/arm/5.4.1/bin/../lib/gcc/arm-none-eabi/5.4.1/../../../../arm-none-eabi/lib/armv7-m\libg_nano.a
LOAD c:/program files (x86)/cypress/psoc creator/4.4/psoc creator/import/gnu/arm/5.4.1/bin/../lib/gcc/arm-none-eabi/5.4.1/../../../../arm-none-eabi/lib/armv7-m\libc_nano.a
END GROUP
START GROUP
LOAD c:/program files (x86)/cypress/psoc creator/4.4/psoc creator/import/gnu/arm/5.4.1/bin/../lib/gcc/arm-none-eabi/5.4.1/armv7-m\libgcc.a
LOAD c:/program files (x86)/cypress/psoc creator/4.4/psoc creator/import/gnu/arm/5.4.1/bin/../lib/gcc/arm-none-eabi/5.4.1/../../../../arm-none-eabi/lib/armv7-m\libc_nano.a
END GROUP
LOAD c:/program files (x86)/cypress/psoc creator/4.4/psoc creator/import/gnu/arm/5.4.1/bin/../lib/gcc/arm-none-eabi/5.4.1/armv7-m/crtend.o
LOAD c:/program files (x86)/cypress/psoc creator/4.4/psoc creator/import/gnu/arm/5.4.1/bin/../lib/gcc/arm-none-eabi/5.4.1/armv7-m/crtn.o
START GROUP
LOAD c:/program files (x86)/cypress/psoc creator/4.4/psoc creator/import/gnu/arm/5.4.1/bin/../lib/gcc/arm-none-eabi/5.4.1/armv7-m\libgcc.a
LOAD c:/program files (x86)/cypress/psoc creator/4.4/psoc creator/import/gnu/arm/5.4.1/bin/../lib/gcc/arm-none-eabi/5.4.1/../../../../arm-none-eabi/lib/armv7-m\libc.a
LOAD c:/program files (x86)/cypress/psoc creator/4.4/psoc creator/import/gnu/arm/5.4.1/bin/../lib/gcc/arm-none-eabi/5.4.1/../../../../arm-none-eabi/lib/armv7-m\libnosys.a
END GROUP
                0x00000000                CY_APPL_ORIGIN = 0x0
                0x00000100                CY_FLASH_ROW_SIZE = 0x100
                0x00000020                CY_ECC_ROW_SIZE = 0x20
                0x00000000                CY_EE_IN_BTLDR = 0x0
                0x00000000                CY_APPL_LOADABLE = 0x0
                0x00000800                CY_EE_SIZE = 0x800
                0x00000001                CY_APPL_NUM = 0x1
                0x00000001                CY_APPL_MAX = 0x1
                0x00000040                CY_METADATA_SIZE = 0x40
                0x00000000                CY_APPL_LOADABLE = 0x0
                0x00000000                CY_CHECKSUM_EXCLUDE_SIZE = ALIGN (0x0, CY_FLASH_ROW_SIZE)
                [!provide]                PROVIDE (__cy_heap_start, _end)
                0x00000001                PROVIDE (__cy_region_num, ((__cy_regions_end - __cy_regions) / 0x10))
                0x20008000                PROVIDE (__cy_stack, (ORIGIN (ram) + LENGTH (ram)))
                [!provide]                PROVIDE (__cy_heap_end, (__cy_stack - 0x800))

.cybootloader   0x00000000        0x0
 *(.cybootloader)
                0x00000000                appl1_start = CY_APPL_ORIGIN?CY_APPL_ORIGIN:ALIGN (CY_FLASH_ROW_SIZE)
                0x0001ff00                appl2_start = (appl1_start + ALIGN ((((LENGTH (rom) - appl1_start) - (0x2 * CY_FLASH_ROW_SIZE)) / 0x2), CY_FLASH_ROW_SIZE))
                0x00000000                appl_start = (CY_APPL_NUM == 0x1)?appl1_start:appl2_start
                0x00000000                ecc_offset = ((appl_start / CY_FLASH_ROW_SIZE) * CY_ECC_ROW_SIZE)
                0x00000000                ee_offset = (CY_APPL_LOADABLE && ! (CY_EE_IN_BTLDR))?((CY_EE_SIZE / CY_APPL_MAX) * (CY_APPL_NUM - 0x1)):0x0
                0x00000800                ee_size = (CY_APPL_LOADABLE && ! (CY_EE_IN_BTLDR))?(CY_EE_SIZE / CY_APPL_MAX):CY_EE_SIZE
                [!provide]                PROVIDE (CY_ECC_OFFSET, ecc_offset)

.text           0x00000000     0x2b1e
 CREATE_OBJECT_SYMBOLS
                0x00000000                PROVIDE (__cy_interrupt_vector, RomVectors)
 *(.romvectors)
 .romvectors    0x00000000       0x10 .\CortexM3\ARM_GCC_541\Debug\Cm3Start.o
                0x00000000                RomVectors
                0x00000001                ASSERT ((. != __cy_interrupt_vector), No interrupt vector)
                0x00000001                ASSERT (CY_APPL_ORIGIN?(SIZEOF (.cybootloader) <= CY_APPL_ORIGIN):0x1, Wrong image location)
                0x00000010                PROVIDE (__cy_reset, Reset)
 *(.text.Reset)
 .text.Reset    0x00000010       0x18 .\CortexM3\ARM_GCC_541\Debug\Cm3Start.o
                0x00000010                Reset
                0x00000001                ASSERT ((. != __cy_reset), No reset code)
 *(.dma_init)
                0x00000001                ASSERT ((((appl_start + .) <= 0x10000) || 0x1), DMA Init must be within the first 64k of flash)
 *(.text .text.* .gnu.linkonce.t.*)
 .text          0x00000028       0x5c c:/program files (x86)/cypress/psoc creator/4.4/psoc creator/import/gnu/arm/5.4.1/bin/../lib/gcc/arm-none-eabi/5.4.1/armv7-m/crtbegin.o
 .text.ISR2_systick_handler
                0x00000084        0xc .\CortexM3\ARM_GCC_541\Debug\main.o
                0x00000084                ISR2_systick_handler
 .text.systick_handler
                0x00000090       0x98 .\CortexM3\ARM_GCC_541\Debug\main.o
                0x00000090                systick_handler
 .text.main     0x00000128       0x28 .\CortexM3\ARM_GCC_541\Debug\main.o
                0x00000128                main
 .text.hardware_init
                0x00000150       0x14 .\CortexM3\ARM_GCC_541\Debug\main.o
                0x00000150                hardware_init
 .text.Functsk_init
                0x00000164       0x74 .\CortexM3\ARM_GCC_541\Debug\main.o
                0x00000164                Functsk_init
 .text.Functsk_background
                0x000001d8        0x8 .\CortexM3\ARM_GCC_541\Debug\main.o
                0x000001d8                Functsk_background
 .text.GASPEDAL_readJoystick_run
                0x000001e0       0x94 .\CortexM3\ARM_GCC_541\Debug\swc_gaspedal.o
                0x000001e0                GASPEDAL_readJoystick_run
 .text.GASPEDAL_calcControl_run
                0x00000274       0x7c .\CortexM3\ARM_GCC_541\Debug\swc_gaspedal.o
                0x00000274                GASPEDAL_calcControl_run
 .text.GASPEDAL_setEngine_run
                0x000002f0       0x70 .\CortexM3\ARM_GCC_541\Debug\swc_gaspedal.o
                0x000002f0                GASPEDAL_setEngine_run
 .text.GASPEDAL_setBrakeLight_run
                0x00000360       0x78 .\CortexM3\ARM_GCC_541\Debug\swc_gaspedal.o
                0x00000360                GASPEDAL_setBrakeLight_run
 .text.GASPEDAL_HMI_run
                0x000003d8        0xc .\CortexM3\ARM_GCC_541\Debug\swc_gaspedal.o
                0x000003d8                GASPEDAL_HMI_run
 .text.Functsk_control
                0x000003e4       0x2c .\CortexM3\ARM_GCC_541\Debug\tsk_control.o
                0x000003e4                Functsk_control
 .text.Functsk_io
                0x00000410       0x4c .\CortexM3\ARM_GCC_541\Debug\tsk_io.o
                0x00000410                Functsk_io
 .text.ISR2_isr_Button
                0x0000045c       0x14 .\CortexM3\ARM_GCC_541\Debug\tsk_io.o
                0x0000045c                ISR2_isr_Button
 .text.isr_Button
                0x00000470       0x98 .\CortexM3\ARM_GCC_541\Debug\tsk_io.o
                0x00000470                isr_Button
 .text.Functsk_system
                0x00000508       0x10 .\CortexM3\ARM_GCC_541\Debug\tsk_system.o
                0x00000508                Functsk_system
 .text.Functsk_tft
                0x00000518       0x2c .\CortexM3\ARM_GCC_541\Debug\tsk_tft.o
                0x00000518                Functsk_tft
 .text.BUTTON_IsPressed
                0x00000544       0x54 .\CortexM3\ARM_GCC_541\Debug\button.o
                0x00000544                BUTTON_IsPressed
 .text.JOYSTICK_Init
                0x00000598       0x10 .\CortexM3\ARM_GCC_541\Debug\joystick.o
                0x00000598                JOYSTICK_Init
 .text.JOYSTICK_ReadPosition
                0x000005a8       0x3c .\CortexM3\ARM_GCC_541\Debug\joystick.o
                0x000005a8                JOYSTICK_ReadPosition
 .text.LED_Set  0x000005e4       0x60 .\CortexM3\ARM_GCC_541\Debug\led.o
                0x000005e4                LED_Set
 .text.LED_Init
                0x00000644       0x34 .\CortexM3\ARM_GCC_541\Debug\led.o
                0x00000644                LED_Init
 .text.LED_RGB_Set
                0x00000678       0x28 .\CortexM3\ARM_GCC_541\Debug\led.o
                0x00000678                LED_RGB_Set
 .text.WD_Start
                0x000006a0        0xc .\CortexM3\ARM_GCC_541\Debug\watchdog.o
                0x000006a0                WD_Start
 .text.WD_Trigger
                0x000006ac       0x20 .\CortexM3\ARM_GCC_541\Debug\watchdog.o
                0x000006ac                WD_Trigger
 .text.WD_Alive
                0x000006cc       0x18 .\CortexM3\ARM_GCC_541\Debug\watchdog.o
                0x000006cc                WD_Alive
 .text.WD_CheckResetBit
                0x000006e4       0x18 .\CortexM3\ARM_GCC_541\Debug\watchdog.o
                0x000006e4                WD_CheckResetBit
 .text.LOG_send
                0x000006fc       0x2c .\CortexM3\ARM_GCC_541\Debug\logging.o
                0x000006fc                LOG_send
 .text.__TFT_SPI_TX_ISR
                0x00000728       0x58 .\CortexM3\ARM_GCC_541\Debug\tft.o
                0x00000728                __TFT_SPI_TX_ISR
 .text.TFT_send
                0x00000780       0x84 .\CortexM3\ARM_GCC_541\Debug\tft.o
 .text.setAddrWindow
                0x00000804       0x88 .\CortexM3\ARM_GCC_541\Debug\tft.o
 .text.TFT_fillRect
                0x0000088c       0x8c .\CortexM3\ARM_GCC_541\Debug\tft.o
                0x0000088c                TFT_fillRect
 .text.TFT_drawPixel
                0x00000918       0x50 .\CortexM3\ARM_GCC_541\Debug\tft.o
                0x00000918                TFT_drawPixel
 .text.TFT_fastVLine
                0x00000968       0x64 .\CortexM3\ARM_GCC_541\Debug\tft.o
                0x00000968                TFT_fastVLine
 .text.TFT_drawChar
                0x000009cc      0x21c .\CortexM3\ARM_GCC_541\Debug\tft.o
                0x000009cc                TFT_drawChar
 .text.TFT_write
                0x00000be8      0x144 .\CortexM3\ARM_GCC_541\Debug\tft.o
                0x00000be8                TFT_write
 .text.TFT_print
                0x00000d2c       0x14 .\CortexM3\ARM_GCC_541\Debug\tft.o
                0x00000d2c                TFT_print
 .text.RTE_ProcessCyclicTable
                0x00000d40       0x30 .\CortexM3\ARM_GCC_541\Debug\rte.o
                0x00000d40                RTE_ProcessCyclicTable
 .text.RTE_ProcessEventTable
                0x00000d70       0x28 .\CortexM3\ARM_GCC_541\Debug\rte.o
                0x00000d70                RTE_ProcessEventTable
 .text.SC_BREAKLIGHT_driverOut
                0x00000d98        0xc .\CortexM3\ARM_GCC_541\Debug\sc_breaklight_type.o
                0x00000d98                SC_BREAKLIGHT_driverOut
 .text.SC_BREAKPEDAL_driverIn
                0x00000da4        0x4 .\CortexM3\ARM_GCC_541\Debug\sc_breakpedal_type.o
                0x00000da4                SC_BREAKPEDAL_driverIn
 .text.SC_ENGINE_driverOut
                0x00000da8       0x20 .\CortexM3\ARM_GCC_541\Debug\sc_engine_type.o
                0x00000da8                SC_ENGINE_driverOut
 .text.SC_JOYSTICK_driverIn
                0x00000dc8       0x24 .\CortexM3\ARM_GCC_541\Debug\sc_joystick_type.o
                0x00000dc8                SC_JOYSTICK_driverIn
 .text.SC_SCREEN_driverOut
                0x00000dec       0x10 .\CortexM3\ARM_GCC_541\Debug\sc_screen_type.o
                0x00000dec                SC_SCREEN_driverOut
 .text.RTE_timertick_sp_common_tick
                0x00000dfc       0x68 .\CortexM3\ARM_GCC_541\Debug\sp_common.o
                0x00000dfc                RTE_timertick_sp_common_tick
 .text.CyClockStartupError
                0x00000e64        0x4 .\CortexM3\ARM_GCC_541\Debug\cyfitter_cfg.o
 .text.cfg_write_bytes32
                0x00000e68       0x34 .\CortexM3\ARM_GCC_541\Debug\cyfitter_cfg.o
 .text.CYMEMZERO
                0x00000e9c        0xc .\CortexM3\ARM_GCC_541\Debug\cyfitter_cfg.o
 .text.ClockSetup
                0x00000ea8       0xe4 .\CortexM3\ARM_GCC_541\Debug\cyfitter_cfg.o
 .text.AnalogSetDefault
                0x00000f8c       0x7c .\CortexM3\ARM_GCC_541\Debug\cyfitter_cfg.o
 .text.CYCONFIGCPY
                0x00001008        0x8 .\CortexM3\ARM_GCC_541\Debug\cyfitter_cfg.o
 .text.cyfitter_cfg
                0x00001010      0x160 .\CortexM3\ARM_GCC_541\Debug\cyfitter_cfg.o
                0x00001010                cyfitter_cfg
 .text.IntDefaultHandler
                0x00001170       0x10 .\CortexM3\ARM_GCC_541\Debug\Cm3Start.o
                0x00001170                IntDefaultHandler
 .text.Start_c  0x00001180       0x4c .\CortexM3\ARM_GCC_541\Debug\Cm3Start.o
                0x00001180                Start_c
 .text.initialize_psoc
                0x000011cc       0x6c .\CortexM3\ARM_GCC_541\Debug\Cm3Start.o
                0x000011cc                initialize_psoc
 .text.EE_oo_ActivateTask
                0x00001238       0xe8 .\CortexM3\ARM_GCC_541\Debug\GasPedal.a(ErikaOS_1_ee_activate.o)
                0x00001238                EE_oo_ActivateTask
 .text.EE_oo_SetRelAlarm
                0x00001320       0x80 .\CortexM3\ARM_GCC_541\Debug\GasPedal.a(ErikaOS_1_ee_alsetrel.o)
                0x00001320                EE_oo_SetRelAlarm
 .text.EE_oo_handle_action_callback
                0x000013a0        0xc .\CortexM3\ARM_GCC_541\Debug\GasPedal.a(ErikaOS_1_ee_altick.o)
 .text.EE_oo_handle_action_task
                0x000013ac       0x4c .\CortexM3\ARM_GCC_541\Debug\GasPedal.a(ErikaOS_1_ee_altick.o)
 .text.EE_oo_handle_action_event
                0x000013f8       0x60 .\CortexM3\ARM_GCC_541\Debug\GasPedal.a(ErikaOS_1_ee_altick.o)
 .text.EE_oo_handle_action
                0x00001458       0x28 .\CortexM3\ARM_GCC_541\Debug\GasPedal.a(ErikaOS_1_ee_altick.o)
 .text.EE_oo_counter_object_insert
                0x00001480       0x9c .\CortexM3\ARM_GCC_541\Debug\GasPedal.a(ErikaOS_1_ee_altick.o)
                0x00001480                EE_oo_counter_object_insert
 .text.EE_oo_IncrementCounterImplementation
                0x0000151c      0x100 .\CortexM3\ARM_GCC_541\Debug\GasPedal.a(ErikaOS_1_ee_altick.o)
                0x0000151c                EE_oo_IncrementCounterImplementation
 .text.EE_oo_IncrementCounter
                0x0000161c       0xb0 .\CortexM3\ARM_GCC_541\Debug\GasPedal.a(ErikaOS_1_ee_altick.o)
                0x0000161c                EE_oo_IncrementCounter
 .text.EE_oo_ClearEvent
                0x000016cc       0x5c .\CortexM3\ARM_GCC_541\Debug\GasPedal.a(ErikaOS_1_ee_evclear.o)
                0x000016cc                EE_oo_ClearEvent
 .text.EE_oo_GetEvent
                0x00001728       0x40 .\CortexM3\ARM_GCC_541\Debug\GasPedal.a(ErikaOS_1_ee_evget.o)
                0x00001728                EE_oo_GetEvent
 .text.EE_oo_SetEvent
                0x00001768      0x100 .\CortexM3\ARM_GCC_541\Debug\GasPedal.a(ErikaOS_1_ee_evset.o)
                0x00001768                EE_oo_SetEvent
 .text.EE_oo_WaitEvent
                0x00001868      0x110 .\CortexM3\ARM_GCC_541\Debug\GasPedal.a(ErikaOS_1_ee_evwait.o)
                0x00001868                EE_oo_WaitEvent
 .text.EE_IRQ_run_next_task
                0x00001978       0x30 .\CortexM3\ARM_GCC_541\Debug\GasPedal.a(ErikaOS_1_ee_irqendin.o)
 .text.EE_IRQ_end_instance
                0x000019a8       0x68 .\CortexM3\ARM_GCC_541\Debug\GasPedal.a(ErikaOS_1_ee_irqendin.o)
                0x000019a8                EE_IRQ_end_instance
 .text.EE_IRQ_end_post_stub
                0x00001a10       0x14 .\CortexM3\ARM_GCC_541\Debug\GasPedal.a(ErikaOS_1_ee_irqendin.o)
                0x00001a10                EE_IRQ_end_post_stub
 .text.EE_rq2stk_exchange
                0x00001a24       0x88 .\CortexM3\ARM_GCC_541\Debug\GasPedal.a(ErikaOS_1_ee_rq_exchg.o)
                0x00001a24                EE_rq2stk_exchange
 .text.EE_rq_queryfirst
                0x00001aac       0x44 .\CortexM3\ARM_GCC_541\Debug\GasPedal.a(ErikaOS_1_ee_rq_first.o)
                0x00001aac                EE_rq_queryfirst
 .text.EE_rq_insert
                0x00001af0       0x74 .\CortexM3\ARM_GCC_541\Debug\GasPedal.a(ErikaOS_1_ee_rq_inser.o)
                0x00001af0                EE_rq_insert
 .text.EE_oo_shutdown
                0x00001b64        0xc .\CortexM3\ARM_GCC_541\Debug\GasPedal.a(ErikaOS_1_ee_shtdown.o)
 .text.EE_oo_ShutdownOS_internal
                0x00001b70        0x8 .\CortexM3\ARM_GCC_541\Debug\GasPedal.a(ErikaOS_1_ee_shtdown.o)
                0x00001b70                EE_oo_ShutdownOS_internal
 .text.EE_oo_ShutdownOS
                0x00001b78        0x8 .\CortexM3\ARM_GCC_541\Debug\GasPedal.a(ErikaOS_1_ee_shtdown.o)
                0x00001b78                EE_oo_ShutdownOS
 .text.compute_task_tid
                0x00001b80       0x10 .\CortexM3\ARM_GCC_541\Debug\GasPedal.a(ErikaOS_1_ee_startos.o)
 .text.EE_oo_start_os
                0x00001b90        0xc .\CortexM3\ARM_GCC_541\Debug\GasPedal.a(ErikaOS_1_ee_startos.o)
 .text.EE_oo_autostart_tasks
                0x00001b9c       0x60 .\CortexM3\ARM_GCC_541\Debug\GasPedal.a(ErikaOS_1_ee_startos.o)
 .text.EE_oo_autostart_os
                0x00001bfc        0xc .\CortexM3\ARM_GCC_541\Debug\GasPedal.a(ErikaOS_1_ee_startos.o)
 .text.EE_oo_StartOS
                0x00001c08       0x8c .\CortexM3\ARM_GCC_541\Debug\GasPedal.a(ErikaOS_1_ee_startos.o)
                0x00001c08                EE_oo_StartOS
 .text.EE_oo_TerminateTask
                0x00001c94       0x3c .\CortexM3\ARM_GCC_541\Debug\GasPedal.a(ErikaOS_1_ee_terminat.o)
                0x00001c94                EE_oo_TerminateTask
 .text.EE_system_init
                0x00001cd0       0x48 .\CortexM3\ARM_GCC_541\Debug\GasPedal.a(ErikaOS_1_cortex_mx_ee_utils.o)
                0x00001cd0                EE_system_init
 .text.UART_LOG_Init
                0x00001d18       0x24 .\CortexM3\ARM_GCC_541\Debug\GasPedal.a(UART_LOG.o)
                0x00001d18                UART_LOG_Init
 .text.UART_LOG_Enable
                0x00001d3c       0x38 .\CortexM3\ARM_GCC_541\Debug\GasPedal.a(UART_LOG.o)
                0x00001d3c                UART_LOG_Enable
 .text.UART_LOG_Start
                0x00001d74       0x1c .\CortexM3\ARM_GCC_541\Debug\GasPedal.a(UART_LOG.o)
                0x00001d74                UART_LOG_Start
 .text.UART_LOG_PutChar
                0x00001d90       0x18 .\CortexM3\ARM_GCC_541\Debug\GasPedal.a(UART_LOG.o)
                0x00001d90                UART_LOG_PutChar
 .text.UART_LOG_PutString
                0x00001da8       0x24 .\CortexM3\ARM_GCC_541\Debug\GasPedal.a(UART_LOG.o)
                0x00001da8                UART_LOG_PutString
 .text.RGB_PWM_blue_Enable
                0x00001dcc       0x10 .\CortexM3\ARM_GCC_541\Debug\GasPedal.a(RGB_PWM_blue.o)
                0x00001dcc                RGB_PWM_blue_Enable
 .text.RGB_PWM_blue_WriteCounter
                0x00001ddc        0xc .\CortexM3\ARM_GCC_541\Debug\GasPedal.a(RGB_PWM_blue.o)
                0x00001ddc                RGB_PWM_blue_WriteCounter
 .text.RGB_PWM_blue_WritePeriod
                0x00001de8        0xc .\CortexM3\ARM_GCC_541\Debug\GasPedal.a(RGB_PWM_blue.o)
                0x00001de8                RGB_PWM_blue_WritePeriod
 .text.RGB_PWM_blue_WriteCompare1
                0x00001df4        0xc .\CortexM3\ARM_GCC_541\Debug\GasPedal.a(RGB_PWM_blue.o)
                0x00001df4                RGB_PWM_blue_WriteCompare1
 .text.RGB_PWM_blue_WriteCompare2
                0x00001e00        0xc .\CortexM3\ARM_GCC_541\Debug\GasPedal.a(RGB_PWM_blue.o)
                0x00001e00                RGB_PWM_blue_WriteCompare2
 .text.RGB_PWM_blue_SetInterruptMode
                0x00001e0c        0xc .\CortexM3\ARM_GCC_541\Debug\GasPedal.a(RGB_PWM_blue.o)
                0x00001e0c                RGB_PWM_blue_SetInterruptMode
 .text.RGB_PWM_blue_ReadStatusRegister
                0x00001e18        0xc .\CortexM3\ARM_GCC_541\Debug\GasPedal.a(RGB_PWM_blue.o)
                0x00001e18                RGB_PWM_blue_ReadStatusRegister
 .text.RGB_PWM_blue_ReadCapture
                0x00001e24        0xc .\CortexM3\ARM_GCC_541\Debug\GasPedal.a(RGB_PWM_blue.o)
                0x00001e24                RGB_PWM_blue_ReadCapture
 .text.RGB_PWM_blue_ClearFIFO
                0x00001e30       0x14 .\CortexM3\ARM_GCC_541\Debug\GasPedal.a(RGB_PWM_blue.o)
                0x00001e30                RGB_PWM_blue_ClearFIFO
 .text.RGB_PWM_blue_Init
                0x00001e44       0x64 .\CortexM3\ARM_GCC_541\Debug\GasPedal.a(RGB_PWM_blue.o)
                0x00001e44                RGB_PWM_blue_Init
 .text.RGB_PWM_blue_Start
                0x00001ea8       0x1c .\CortexM3\ARM_GCC_541\Debug\GasPedal.a(RGB_PWM_blue.o)
                0x00001ea8                RGB_PWM_blue_Start
 .text.RGB_PWM_green_Enable
                0x00001ec4       0x10 .\CortexM3\ARM_GCC_541\Debug\GasPedal.a(RGB_PWM_green.o)
                0x00001ec4                RGB_PWM_green_Enable
 .text.RGB_PWM_green_WriteCounter
                0x00001ed4        0xc .\CortexM3\ARM_GCC_541\Debug\GasPedal.a(RGB_PWM_green.o)
                0x00001ed4                RGB_PWM_green_WriteCounter
 .text.RGB_PWM_green_WritePeriod
                0x00001ee0        0xc .\CortexM3\ARM_GCC_541\Debug\GasPedal.a(RGB_PWM_green.o)
                0x00001ee0                RGB_PWM_green_WritePeriod
 .text.RGB_PWM_green_WriteCompare1
                0x00001eec        0xc .\CortexM3\ARM_GCC_541\Debug\GasPedal.a(RGB_PWM_green.o)
                0x00001eec                RGB_PWM_green_WriteCompare1
 .text.RGB_PWM_green_WriteCompare2
                0x00001ef8        0xc .\CortexM3\ARM_GCC_541\Debug\GasPedal.a(RGB_PWM_green.o)
                0x00001ef8                RGB_PWM_green_WriteCompare2
 .text.RGB_PWM_green_SetInterruptMode
                0x00001f04        0xc .\CortexM3\ARM_GCC_541\Debug\GasPedal.a(RGB_PWM_green.o)
                0x00001f04                RGB_PWM_green_SetInterruptMode
 .text.RGB_PWM_green_ReadStatusRegister
                0x00001f10        0xc .\CortexM3\ARM_GCC_541\Debug\GasPedal.a(RGB_PWM_green.o)
                0x00001f10                RGB_PWM_green_ReadStatusRegister
 .text.RGB_PWM_green_ReadCapture
                0x00001f1c        0xc .\CortexM3\ARM_GCC_541\Debug\GasPedal.a(RGB_PWM_green.o)
                0x00001f1c                RGB_PWM_green_ReadCapture
 .text.RGB_PWM_green_ClearFIFO
                0x00001f28       0x14 .\CortexM3\ARM_GCC_541\Debug\GasPedal.a(RGB_PWM_green.o)
                0x00001f28                RGB_PWM_green_ClearFIFO
 .text.RGB_PWM_green_Init
                0x00001f3c       0x60 .\CortexM3\ARM_GCC_541\Debug\GasPedal.a(RGB_PWM_green.o)
                0x00001f3c                RGB_PWM_green_Init
 .text.RGB_PWM_green_Start
                0x00001f9c       0x1c .\CortexM3\ARM_GCC_541\Debug\GasPedal.a(RGB_PWM_green.o)
                0x00001f9c                RGB_PWM_green_Start
 .text.RGB_PWM_red_Enable
                0x00001fb8       0x10 .\CortexM3\ARM_GCC_541\Debug\GasPedal.a(RGB_PWM_red.o)
                0x00001fb8                RGB_PWM_red_Enable
 .text.RGB_PWM_red_WriteCounter
                0x00001fc8        0xc .\CortexM3\ARM_GCC_541\Debug\GasPedal.a(RGB_PWM_red.o)
                0x00001fc8                RGB_PWM_red_WriteCounter
 .text.RGB_PWM_red_WritePeriod
                0x00001fd4        0xc .\CortexM3\ARM_GCC_541\Debug\GasPedal.a(RGB_PWM_red.o)
                0x00001fd4                RGB_PWM_red_WritePeriod
 .text.RGB_PWM_red_WriteCompare1
                0x00001fe0        0xc .\CortexM3\ARM_GCC_541\Debug\GasPedal.a(RGB_PWM_red.o)
                0x00001fe0                RGB_PWM_red_WriteCompare1
 .text.RGB_PWM_red_WriteCompare2
                0x00001fec        0xc .\CortexM3\ARM_GCC_541\Debug\GasPedal.a(RGB_PWM_red.o)
                0x00001fec                RGB_PWM_red_WriteCompare2
 .text.RGB_PWM_red_SetInterruptMode
                0x00001ff8        0xc .\CortexM3\ARM_GCC_541\Debug\GasPedal.a(RGB_PWM_red.o)
                0x00001ff8                RGB_PWM_red_SetInterruptMode
 .text.RGB_PWM_red_ReadStatusRegister
                0x00002004        0xc .\CortexM3\ARM_GCC_541\Debug\GasPedal.a(RGB_PWM_red.o)
                0x00002004                RGB_PWM_red_ReadStatusRegister
 .text.RGB_PWM_red_ReadCapture
                0x00002010        0xc .\CortexM3\ARM_GCC_541\Debug\GasPedal.a(RGB_PWM_red.o)
                0x00002010                RGB_PWM_red_ReadCapture
 .text.RGB_PWM_red_ClearFIFO
                0x0000201c       0x14 .\CortexM3\ARM_GCC_541\Debug\GasPedal.a(RGB_PWM_red.o)
                0x0000201c                RGB_PWM_red_ClearFIFO
 .text.RGB_PWM_red_Init
                0x00002030       0x60 .\CortexM3\ARM_GCC_541\Debug\GasPedal.a(RGB_PWM_red.o)
                0x00002030                RGB_PWM_red_Init
 .text.RGB_PWM_red_Start
                0x00002090       0x1c .\CortexM3\ARM_GCC_541\Debug\GasPedal.a(RGB_PWM_red.o)
                0x00002090                RGB_PWM_red_Start
 .text.LED_yellow_Write
                0x000020ac       0x18 .\CortexM3\ARM_GCC_541\Debug\GasPedal.a(LED_yellow.o)
                0x000020ac                LED_yellow_Write
 .text.LED_green_Write
                0x000020c4       0x18 .\CortexM3\ARM_GCC_541\Debug\GasPedal.a(LED_green.o)
                0x000020c4                LED_green_Write
 .text.LED_red_Write
                0x000020dc       0x18 .\CortexM3\ARM_GCC_541\Debug\GasPedal.a(LED_red.o)
                0x000020dc                LED_red_Write
 .text.BUTTON_1_Read
                0x000020f4       0x10 .\CortexM3\ARM_GCC_541\Debug\GasPedal.a(BUTTON_1.o)
                0x000020f4                BUTTON_1_Read
 .text.BUTTON_2_Read
                0x00002104       0x10 .\CortexM3\ARM_GCC_541\Debug\GasPedal.a(BUTTON_2.o)
                0x00002104                BUTTON_2_Read
 .text.BUTTON_3_Read
                0x00002114       0x10 .\CortexM3\ARM_GCC_541\Debug\GasPedal.a(BUTTON_3.o)
                0x00002114                BUTTON_3_Read
 .text.BUTTON_4_Read
                0x00002124       0x10 .\CortexM3\ARM_GCC_541\Debug\GasPedal.a(BUTTON_4.o)
                0x00002124                BUTTON_4_Read
 .text.JOYSTICK_ADC_XY_Init
                0x00002134       0x3c .\CortexM3\ARM_GCC_541\Debug\GasPedal.a(JOYSTICK_ADC_XY.o)
                0x00002134                JOYSTICK_ADC_XY_Init
 .text.JOYSTICK_ADC_XY_Enable
                0x00002170       0xcc .\CortexM3\ARM_GCC_541\Debug\GasPedal.a(JOYSTICK_ADC_XY.o)
                0x00002170                JOYSTICK_ADC_XY_Enable
 .text.JOYSTICK_ADC_XY_Start
                0x0000223c       0x28 .\CortexM3\ARM_GCC_541\Debug\GasPedal.a(JOYSTICK_ADC_XY.o)
                0x0000223c                JOYSTICK_ADC_XY_Start
 .text.JOYSTICK_ADC_XY_StartConvert
                0x00002264        0x8 .\CortexM3\ARM_GCC_541\Debug\GasPedal.a(JOYSTICK_ADC_XY.o)
                0x00002264                JOYSTICK_ADC_XY_StartConvert
 .text.JOYSTICK_ADC_XY_IsEndConversion
                0x0000226c       0x18 .\CortexM3\ARM_GCC_541\Debug\GasPedal.a(JOYSTICK_ADC_XY.o)
                0x0000226c                JOYSTICK_ADC_XY_IsEndConversion
 .text.JOYSTICK_ADC_XY_GetResult16
                0x00002284       0x1c .\CortexM3\ARM_GCC_541\Debug\GasPedal.a(JOYSTICK_ADC_XY.o)
                0x00002284                JOYSTICK_ADC_XY_GetResult16
 .text.JOYSTICK_ADC_XY_ISR
                0x000022a0        0x4 .\CortexM3\ARM_GCC_541\Debug\GasPedal.a(JOYSTICK_ADC_XY_INT.o)
                0x000022a0                JOYSTICK_ADC_XY_ISR
 .text.TFT_DC_Write
                0x000022a4       0x18 .\CortexM3\ARM_GCC_541\Debug\GasPedal.a(TFT_DC.o)
                0x000022a4                TFT_DC_Write
 .text.TFT_SPI_WriteTxData
                0x000022bc       0x18 .\CortexM3\ARM_GCC_541\Debug\GasPedal.a(TFT_SPI.o)
                0x000022bc                TFT_SPI_WriteTxData
 .text.UART_LOG_IntClock_Start
                0x000022d4       0x1c .\CortexM3\ARM_GCC_541\Debug\GasPedal.a(UART_LOG_IntClock.o)
                0x000022d4                UART_LOG_IntClock_Start
 .text.JOYSTICK_ADC_XY_SAR_CalcGain
                0x000022f0       0x64 .\CortexM3\ARM_GCC_541\Debug\GasPedal.a(JOYSTICK_ADC_XY_SAR.o)
 .text.JOYSTICK_ADC_XY_SAR_Enable
                0x00002354       0x78 .\CortexM3\ARM_GCC_541\Debug\GasPedal.a(JOYSTICK_ADC_XY_SAR.o)
                0x00002354                JOYSTICK_ADC_XY_SAR_Enable
 .text.JOYSTICK_ADC_XY_SAR_SetResolution
                0x000023cc       0x38 .\CortexM3\ARM_GCC_541\Debug\GasPedal.a(JOYSTICK_ADC_XY_SAR.o)
                0x000023cc                JOYSTICK_ADC_XY_SAR_SetResolution
 .text.JOYSTICK_ADC_XY_SAR_Init
                0x00002404       0x24 .\CortexM3\ARM_GCC_541\Debug\GasPedal.a(JOYSTICK_ADC_XY_SAR.o)
                0x00002404                JOYSTICK_ADC_XY_SAR_Init
 .text.JOYSTICK_ADC_XY_SAR_Start
                0x00002428       0x1c .\CortexM3\ARM_GCC_541\Debug\GasPedal.a(JOYSTICK_ADC_XY_SAR.o)
                0x00002428                JOYSTICK_ADC_XY_SAR_Start
 .text.JOYSTICK_ADC_XY_SAR_StartConvert
                0x00002444       0x10 .\CortexM3\ARM_GCC_541\Debug\GasPedal.a(JOYSTICK_ADC_XY_SAR.o)
                0x00002444                JOYSTICK_ADC_XY_SAR_StartConvert
 .text.JOYSTICK_ADC_XY_TempBuf_DmaInitialize
                0x00002454       0x3c .\CortexM3\ARM_GCC_541\Debug\GasPedal.a(JOYSTICK_ADC_XY_TempBuf_dma.o)
                0x00002454                JOYSTICK_ADC_XY_TempBuf_DmaInitialize
 .text.JOYSTICK_ADC_XY_FinalBuf_DmaInitialize
                0x00002490       0x3c .\CortexM3\ARM_GCC_541\Debug\GasPedal.a(JOYSTICK_ADC_XY_FinalBuf_dma.o)
                0x00002490                JOYSTICK_ADC_XY_FinalBuf_DmaInitialize
 .text.JOYSTICK_ADC_XY_IRQ_SetVector
                0x000024cc        0xc .\CortexM3\ARM_GCC_541\Debug\GasPedal.a(JOYSTICK_ADC_XY_IRQ.o)
                0x000024cc                JOYSTICK_ADC_XY_IRQ_SetVector
 .text.JOYSTICK_ADC_XY_IRQ_SetPriority
                0x000024d8       0x10 .\CortexM3\ARM_GCC_541\Debug\GasPedal.a(JOYSTICK_ADC_XY_IRQ.o)
                0x000024d8                JOYSTICK_ADC_XY_IRQ_SetPriority
 .text.CyDmacConfigure
                0x000024e8       0x34 .\CortexM3\ARM_GCC_541\Debug\GasPedal.a(CyDmac.o)
                0x000024e8                CyDmacConfigure
 .text.CyDmaChEnable
                0x0000251c       0x38 .\CortexM3\ARM_GCC_541\Debug\GasPedal.a(CyDmac.o)
                0x0000251c                CyDmaChEnable
 .text.CyDmaClearPendingDrq
                0x00002554       0x28 .\CortexM3\ARM_GCC_541\Debug\GasPedal.a(CyDmac.o)
                0x00002554                CyDmaClearPendingDrq
 .text.CyDmaChPriority
                0x0000257c       0x24 .\CortexM3\ARM_GCC_541\Debug\GasPedal.a(CyDmac.o)
                0x0000257c                CyDmaChPriority
 .text.CyDmaChSetExtendedAddress
                0x000025a0       0x34 .\CortexM3\ARM_GCC_541\Debug\GasPedal.a(CyDmac.o)
                0x000025a0                CyDmaChSetExtendedAddress
 .text.CyDmaChSetInitialTd
                0x000025d4       0x18 .\CortexM3\ARM_GCC_541\Debug\GasPedal.a(CyDmac.o)
                0x000025d4                CyDmaChSetInitialTd
 .text.CyDmaChSetConfiguration
                0x000025ec       0x44 .\CortexM3\ARM_GCC_541\Debug\GasPedal.a(CyDmac.o)
                0x000025ec                CyDmaChSetConfiguration
 .text.CyDmaTdAllocate
                0x00002630       0x34 .\CortexM3\ARM_GCC_541\Debug\GasPedal.a(CyDmac.o)
                0x00002630                CyDmaTdAllocate
 .text.CyDmaTdSetConfiguration
                0x00002664       0x28 .\CortexM3\ARM_GCC_541\Debug\GasPedal.a(CyDmac.o)
                0x00002664                CyDmaTdSetConfiguration
 .text.CyDmaTdSetAddress
                0x0000268c       0x1c .\CortexM3\ARM_GCC_541\Debug\GasPedal.a(CyDmac.o)
                0x0000268c                CyDmaTdSetAddress
 .text.CyHalt   0x000026a8        0x4 .\CortexM3\ARM_GCC_541\Debug\GasPedal.a(CyLib.o)
                0x000026a8                CyHalt
 .text.CyDelayUs
                0x000026ac       0x14 .\CortexM3\ARM_GCC_541\Debug\GasPedal.a(CyLib.o)
                0x000026ac                CyDelayUs
 .text.CyWdtStart
                0x000026c0       0x40 .\CortexM3\ARM_GCC_541\Debug\GasPedal.a(CyLib.o)
                0x000026c0                CyWdtStart
 .text.CyWdtClear
                0x00002700        0xc .\CortexM3\ARM_GCC_541\Debug\GasPedal.a(CyLib.o)
                0x00002700                CyWdtClear
 .text.CyIntSetPriority
                0x0000270c       0x30 .\CortexM3\ARM_GCC_541\Debug\GasPedal.a(CyLib.o)
                0x0000270c                CyIntSetPriority
 .text          0x0000273c       0x7c .\CortexM3\ARM_GCC_541\Debug\GasPedal.a(ErikaOS_1_ee_gnu_change_context_isr.o)
                0x0000273c                EE_set_switch_context_pri
                0x00002756                EE_switch_context
                0x00002760                EE_cortex_mx_pendsv_ISR
                0x0000279c                EE_cortex_mx_svc_ISR
 .text          0x000027b8       0x24 .\CortexM3\ARM_GCC_541\Debug\GasPedal.a(ErikaOS_1_ee_gnu_irq_stack.o)
                0x000027b8                EE_cortex_mx_change_IRQ_stack
                0x000027ca                EE_cortex_mx_change_IRQ_stack_back
 .text          0x000027dc       0x68 .\CortexM3\ARM_GCC_541\Debug\GasPedal.a(ErikaOS_1_ee_gnu_multi_context.o)
                0x000027dc                EE_cortex_mx_change_context
 .text          0x00002844       0x80 .\CortexM3\ARM_GCC_541\Debug\GasPedal.a(ErikaOS_1_ee_gnu_oo.o)
                0x00002844                EE_hal_terminate_savestk
                0x0000288e                EE_hal_terminate_task
 *fill*         0x000028c4        0x4 
 .text          0x000028c8       0x20 .\CortexM3\ARM_GCC_541\Debug\GasPedal.a(CyBootAsmGnu.o)
                0x000028c8                CyDelayCycles
                0x000028d8                CyEnterCriticalSection
                0x000028e0                CyExitCriticalSection
 .text.EE_thread_not_terminated
                0x000028e8       0x10 .\CortexM3\ARM_GCC_541\Debug\GasPedal.a(ErikaOS_1_ee_tnterm.o)
                0x000028e8                EE_thread_not_terminated
 .text.EE_oo_thread_stub
                0x000028f8       0x10 .\CortexM3\ARM_GCC_541\Debug\GasPedal.a(ErikaOS_1_ee_tstub.o)
                0x000028f8                EE_oo_thread_stub
 .text.EE_std_run_task_code
                0x00002908       0x18 .\CortexM3\ARM_GCC_541\Debug\GasPedal.a(ErikaOS_1_cortex_mx_ee_context.o)
                0x00002908                EE_std_run_task_code
 .text.EE_std_need_context_change
                0x00002920       0x28 .\CortexM3\ARM_GCC_541\Debug\GasPedal.a(ErikaOS_1_cortex_mx_ee_context.o)
                0x00002920                EE_std_need_context_change
 .text.EE_thread_rnact_max
                0x00002948       0x20 .\CortexM3\ARM_GCC_541\Debug\GasPedal.a(ErikaOS_1_ee_thendin.o)
 .text.EE_thread_endcycle_next
                0x00002968       0x30 .\CortexM3\ARM_GCC_541\Debug\GasPedal.a(ErikaOS_1_ee_thendin.o)
 .text.EE_thread_end_instance
                0x00002998      0x108 .\CortexM3\ARM_GCC_541\Debug\GasPedal.a(ErikaOS_1_ee_thendin.o)
                0x00002998                EE_thread_end_instance
 .text.__errno  0x00002aa0        0xc c:/program files (x86)/cypress/psoc creator/4.4/psoc creator/import/gnu/arm/5.4.1/bin/../lib/gcc/arm-none-eabi/5.4.1/../../../../arm-none-eabi/lib/armv7-m\libg_nano.a(lib_a-errno.o)
                0x00002aa0                __errno
 .text.__libc_init_array
                0x00002aac       0x4c c:/program files (x86)/cypress/psoc creator/4.4/psoc creator/import/gnu/arm/5.4.1/bin/../lib/gcc/arm-none-eabi/5.4.1/../../../../arm-none-eabi/lib/armv7-m\libg_nano.a(lib_a-init.o)
                0x00002aac                __libc_init_array
 .text.memcpy   0x00002af8       0x16 c:/program files (x86)/cypress/psoc creator/4.4/psoc creator/import/gnu/arm/5.4.1/bin/../lib/gcc/arm-none-eabi/5.4.1/../../../../arm-none-eabi/lib/armv7-m\libg_nano.a(lib_a-memcpy-stub.o)
                0x00002af8                memcpy
 .text.memset   0x00002b0e       0x10 c:/program files (x86)/cypress/psoc creator/4.4/psoc creator/import/gnu/arm/5.4.1/bin/../lib/gcc/arm-none-eabi/5.4.1/../../../../arm-none-eabi/lib/armv7-m\libg_nano.a(lib_a-memset.o)
                0x00002b0e                memset
 *(.plt)
 *(.gnu.warning)
 *(.glue_7t)
 .glue_7t       0x00002b1e        0x0 linker stubs
 *(.glue_7)
 .glue_7        0x00002b1e        0x0 linker stubs
 *(.vfp11_veneer)
 .vfp11_veneer  0x00002b1e        0x0 linker stubs
 *(.bootloader)
 *(.ARM.extab* .gnu.linkonce.armextab.*)
 *(.gcc_except_table)

.v4_bx          0x00002b20        0x0
 .v4_bx         0x00002b20        0x0 linker stubs

.iplt           0x00002b20        0x0
 .iplt          0x00002b20        0x0 c:/program files (x86)/cypress/psoc creator/4.4/psoc creator/import/gnu/arm/5.4.1/bin/../lib/gcc/arm-none-eabi/5.4.1/armv7-m/crtbegin.o

.eh_frame_hdr
 *(.eh_frame_hdr)

.eh_frame       0x00002b20        0x4
 *(.eh_frame)
 .eh_frame      0x00002b20        0x0 c:/program files (x86)/cypress/psoc creator/4.4/psoc creator/import/gnu/arm/5.4.1/bin/../lib/gcc/arm-none-eabi/5.4.1/armv7-m/crtbegin.o
 .eh_frame      0x00002b20        0x4 c:/program files (x86)/cypress/psoc creator/4.4/psoc creator/import/gnu/arm/5.4.1/bin/../lib/gcc/arm-none-eabi/5.4.1/armv7-m/crtend.o
                [!provide]                PROVIDE (__exidx_start, .)

.ARM.exidx
 *(.ARM.exidx* .gnu.linkonce.armexidx.*)
                0x00002b24                __exidx_end = .

.rodata         0x00002b24      0xc94
 *(.rodata .rodata.* .gnu.linkonce.r.*)
 .rodata.str1.4
                0x00002b24       0x8a .\CortexM3\ARM_GCC_541\Debug\main.o
 *fill*         0x00002bae        0x2 
 .rodata        0x00002bb0       0x1a .\CortexM3\ARM_GCC_541\Debug\tsk_control.o
                0x00002bb0                RTE_eventActivationTable_tsk_control
                0x00002bc8                RTE_eventActivation_tsk_control_size
 *fill*         0x00002bca        0x2 
 .rodata        0x00002bcc       0x1c .\CortexM3\ARM_GCC_541\Debug\tsk_io.o
                0x00002bcc                RTE_cyclicActivationTable_tsk_io
                0x00002bdc                RTE_eventActivationTable_tsk_io
                0x00002be4                RTE_eventActivation_tsk_io_size
                0x00002be6                RTE_cyclicActivation_tsk_io_size
 .rodata        0x00002be8        0xa .\CortexM3\ARM_GCC_541\Debug\tsk_tft.o
                0x00002be8                RTE_eventActivationTable_tsk_tft
                0x00002bf0                RTE_eventActivation_tsk_tft_size
 *fill*         0x00002bf2        0x2 
 .rodata        0x00002bf4      0x200 .\CortexM3\ARM_GCC_541\Debug\led.o
 .rodata.str1.4
                0x00002df4       0x14 .\CortexM3\ARM_GCC_541\Debug\logging.o
                                 0x18 (size before relaxing)
 .rodata        0x00002e08      0x558 .\CortexM3\ARM_GCC_541\Debug\tft.o
 .rodata.str1.4
                0x00003360       0x14 .\CortexM3\ARM_GCC_541\Debug\tft.o
 .rodata.str1.4
                0x00003374        0xd .\CortexM3\ARM_GCC_541\Debug\sc_screen_type.o
 *fill*         0x00003381        0x3 
 .rodata        0x00003384      0x108 .\CortexM3\ARM_GCC_541\Debug\sp_common.o
                0x000033ac                so_screen_updTasks
                0x00003404                so_breakPedal_updTasks
                0x0000345c                so_speed_updTasks
                0x00003488                so_joystick_updTasks
 .rodata        0x0000348c       0x44 .\CortexM3\ARM_GCC_541\Debug\cyfitter_cfg.o
 .rodata        0x000034d0      0x100 .\CortexM3\ARM_GCC_541\Debug\GasPedal.a(ErikaOS_1_ee_lookup.o)
                0x000034d0                EE_rq_lookup
 .rodata        0x000035d0      0x100 .\CortexM3\ARM_GCC_541\Debug\GasPedal.a(ErikaOS_1_eecfg.o)
                0x000035d0                EE_oo_autostart_task_data
                0x000035dc                EE_oo_action_ROM
                0x000035f0                EE_oo_counter_object_ROM
                0x000035fc                EE_ALARM_ID
                0x00003600                EE_alarm_ROM
                0x00003604                EE_counter_ROM
                0x00003610                EE_th_is_extended
                0x00003628                EE_th_rnact_max
                0x00003640                EE_th_dispatch_prio
                0x00003658                EE_EVENT_ID
                0x0000366c                EE_th_ready_prio
                0x00003684                EE_terminate_real_th_body
                0x0000369c                EE_hal_thread_body
                0x000036b4                EE_std_thread_tos
 .rodata.str1.4
                0x000036d0       0xac .\CortexM3\ARM_GCC_541\Debug\GasPedal.a(ErikaOS_1_eecfg.o)
 .rodata.str1.1
                0x0000377c        0x2 c:/program files (x86)/cypress/psoc creator/4.4/psoc creator/import/gnu/arm/5.4.1/bin/../lib/gcc/arm-none-eabi/5.4.1/../../../../arm-none-eabi/lib/armv7-m\libg_nano.a(lib_a-impure.o)
                0x00003780                . = ALIGN (0x4)
 *fill*         0x0000377e        0x2 
 *(.init)
 .init          0x00003780        0x4 c:/program files (x86)/cypress/psoc creator/4.4/psoc creator/import/gnu/arm/5.4.1/bin/../lib/gcc/arm-none-eabi/5.4.1/armv7-m/crti.o
                0x00003780                _init
 .init          0x00003784        0x8 c:/program files (x86)/cypress/psoc creator/4.4/psoc creator/import/gnu/arm/5.4.1/bin/../lib/gcc/arm-none-eabi/5.4.1/armv7-m/crtn.o
                0x0000378c                . = ALIGN (0x4)
                0x0000378c                __preinit_array_start = .
 *(.preinit_array)
                0x0000378c                __preinit_array_end = .
                0x0000378c                . = ALIGN (0x4)
                0x0000378c                __init_array_start = .
 *(SORT(.init_array.*))
 *(.init_array)
 .init_array    0x0000378c        0x4 c:/program files (x86)/cypress/psoc creator/4.4/psoc creator/import/gnu/arm/5.4.1/bin/../lib/gcc/arm-none-eabi/5.4.1/armv7-m/crtbegin.o
 .init_array    0x00003790        0x4 .\CortexM3\ARM_GCC_541\Debug\Cm3Start.o
                0x00003794                __init_array_end = .
                0x00003794                . = ALIGN (0x4)
 *(.fini)
 .fini          0x00003794        0x4 c:/program files (x86)/cypress/psoc creator/4.4/psoc creator/import/gnu/arm/5.4.1/bin/../lib/gcc/arm-none-eabi/5.4.1/armv7-m/crti.o
                0x00003794                _fini
 .fini          0x00003798        0x8 c:/program files (x86)/cypress/psoc creator/4.4/psoc creator/import/gnu/arm/5.4.1/bin/../lib/gcc/arm-none-eabi/5.4.1/armv7-m/crtn.o
                0x000037a0                . = ALIGN (0x4)
                0x000037a0                __fini_array_start = .
 *(.fini_array)
 .fini_array    0x000037a0        0x4 c:/program files (x86)/cypress/psoc creator/4.4/psoc creator/import/gnu/arm/5.4.1/bin/../lib/gcc/arm-none-eabi/5.4.1/armv7-m/crtbegin.o
 *(SORT(.fini_array.*))
                0x000037a4                __fini_array_end = .
                0x000037a4                . = ALIGN (0x4)
 *crtbegin.o(.ctors)
 *(EXCLUDE_FILE(*crtend.o) .ctors)
 *(SORT(.ctors.*))
 *crtend.o(.ctors)
                0x000037a4                . = ALIGN (0x4)
 *crtbegin.o(.dtors)
 *(EXCLUDE_FILE(*crtend.o) .dtors)
 *(SORT(.dtors.*))
 *crtend.o(.dtors)
                0x000037a4                . = ALIGN (0x4)
                0x000037a4                __cy_regions = .
                0x000037a4        0x4 LONG 0x37b8 __cy_region_init_ram
                0x000037a8        0x4 LONG 0x1fff80c8 __cy_region_start_data
                0x000037ac        0x4 LONG 0x230 __cy_region_init_size_ram
                0x000037b0        0x4 LONG 0x2708 __cy_region_zero_size_ram
                0x000037b4                __cy_regions_end = .
                0x000037b8                . = ALIGN (0x8)
 *fill*         0x000037b4        0x4 
                0x000037b8                _etext = .

.cy_checksum_exclude
                0x000037b8        0x0
 *(.cy_checksum_exclude)

.ramvectors     0x1fff8000       0xc0
                0x1fff8000                __cy_region_start_ram = .
 *(.ramvectors)
 .ramvectors    0x1fff8000       0xc0 .\CortexM3\ARM_GCC_541\Debug\Cm3Start.o
                0x1fff8000                CyRamVectors

.noinit         0x1fff80c0        0x1
 *(.noinit)
 .noinit        0x1fff80c0        0x1 .\CortexM3\ARM_GCC_541\Debug\GasPedal.a(CyLib.o)
                0x1fff80c0                CyResetStatus

.data           0x1fff80c8      0x230 load address 0x000037b8
                0x1fff80c8                __cy_region_start_data = .
 *(.jcr)
 .jcr           0x1fff80c8        0x0 c:/program files (x86)/cypress/psoc creator/4.4/psoc creator/import/gnu/arm/5.4.1/bin/../lib/gcc/arm-none-eabi/5.4.1/armv7-m/crtbegin.o
 .jcr           0x1fff80c8        0x4 c:/program files (x86)/cypress/psoc creator/4.4/psoc creator/import/gnu/arm/5.4.1/bin/../lib/gcc/arm-none-eabi/5.4.1/armv7-m/crtend.o
 *(.got.plt)
 *(.got)
 *(.shdata)
 *(.data .data.* .gnu.linkonce.d.*)
 .data          0x1fff80cc       0x48 .\CortexM3\ARM_GCC_541\Debug\sp_common.o
                0x1fff80cc                SO_JOYSTICK_signal
                0x1fff80d8                SO_SPEED_signal
                0x1fff80e4                SO_ENGINE_signal
                0x1fff80f0                SO_BREAKPEDAL_signal
                0x1fff80fc                SO_BREAKLIGHT_signal
                0x1fff8108                SO_SCREEN_signal
 .data          0x1fff8114      0x160 .\CortexM3\ARM_GCC_541\Debug\GasPedal.a(ErikaOS_1_eecfg.o)
                0x1fff8114                EE_ALARM_NAME
                0x1fff8118                EE_counter_RAM
                0x1fff8120                EE_th_terminate_nextask
                0x1fff8138                EE_rq_pairs_next
                0x1fff8150                EE_rq_link
                0x1fff8168                EE_th_rnact
                0x1fff8180                EE_rq_queues_tail
                0x1fff81c0                EE_rq_queues_head
                0x1fff8200                EE_stkfirst
                0x1fff8204                EE_th_next
                0x1fff821c                EE_th_status
                0x1fff8234                EE_EVENT_NAME
                0x1fff8248                EE_TASK_NAME
                0x1fff8260                EE_cortex_mx_IRQ_tos
                0x1fff8264                EE_cortex_mx_system_tos
 .data          0x1fff8274        0x2 .\CortexM3\ARM_GCC_541\Debug\GasPedal.a(JOYSTICK_ADC_XY.o)
 .data          0x1fff8276        0x1 .\CortexM3\ARM_GCC_541\Debug\GasPedal.a(JOYSTICK_ADC_XY_TempBuf_dma.o)
                0x1fff8276                JOYSTICK_ADC_XY_TempBuf_DmaHandle
 .data          0x1fff8277        0x1 .\CortexM3\ARM_GCC_541\Debug\GasPedal.a(JOYSTICK_ADC_XY_FinalBuf_dma.o)
                0x1fff8277                JOYSTICK_ADC_XY_FinalBuf_DmaHandle
 .data          0x1fff8278        0x8 .\CortexM3\ARM_GCC_541\Debug\GasPedal.a(CyDmac.o)
 .data          0x1fff8280       0x10 .\CortexM3\ARM_GCC_541\Debug\GasPedal.a(CyLib.o)
                0x1fff8280                cydelay_32k_ms
                0x1fff8284                cydelay_freq_khz
                0x1fff8288                cydelay_freq_mhz
                0x1fff828c                cydelay_freq_hz
 .data          0x1fff8290        0x4 .\CortexM3\ARM_GCC_541\Debug\GasPedal.a(ErikaOS_1_ee_gnu_irq_stack.o)
 .data.impure_data
                0x1fff8294       0x60 c:/program files (x86)/cypress/psoc creator/4.4/psoc creator/import/gnu/arm/5.4.1/bin/../lib/gcc/arm-none-eabi/5.4.1/../../../../arm-none-eabi/lib/armv7-m\libg_nano.a(lib_a-impure.o)
 .data._impure_ptr
                0x1fff82f4        0x4 c:/program files (x86)/cypress/psoc creator/4.4/psoc creator/import/gnu/arm/5.4.1/bin/../lib/gcc/arm-none-eabi/5.4.1/../../../../arm-none-eabi/lib/armv7-m\libg_nano.a(lib_a-impure.o)
                0x1fff82f4                _impure_ptr
                0x1fff82f8                . = ALIGN (0x8)
 *(.ram)
                0x1fff82f8                _edata = .

.igot.plt       0x1fff82f8        0x0 load address 0x000039e8
 .igot.plt      0x1fff82f8        0x0 c:/program files (x86)/cypress/psoc creator/4.4/psoc creator/import/gnu/arm/5.4.1/bin/../lib/gcc/arm-none-eabi/5.4.1/armv7-m/crtbegin.o

.bss            0x1fff82f8     0x2708 load address 0x000039e8
                0x1fff82f8                PROVIDE (__bss_start__, .)
 *(.shbss)
 *(.bss .bss.* .gnu.linkonce.b.*)
 .bss           0x1fff82f8       0x1c c:/program files (x86)/cypress/psoc creator/4.4/psoc creator/import/gnu/arm/5.4.1/bin/../lib/gcc/arm-none-eabi/5.4.1/armv7-m/crtbegin.o
 .bss           0x1fff8314        0x3 .\CortexM3\ARM_GCC_541\Debug\led.o
 .bss           0x1fff8317        0x1 .\CortexM3\ARM_GCC_541\Debug\watchdog.o
 .bss           0x1fff8318       0xe6 .\CortexM3\ARM_GCC_541\Debug\tft.o
 *fill*         0x1fff83fe        0x2 
 .bss           0x1fff8400       0x58 .\CortexM3\ARM_GCC_541\Debug\GasPedal.a(ErikaOS_1_eecfg.o)
                0x1fff8400                EE_th_waswaiting
                0x1fff8418                EE_th_event_waitmask
                0x1fff8430                EE_th_event_active
                0x1fff8448                EE_rq_free
                0x1fff844c                EE_rq_bitmask
                0x1fff8450                EE_sys_ceiling
                0x1fff8454                EE_cortex_mx_active_tos
 .bss           0x1fff8458        0x2 .\CortexM3\ARM_GCC_541\Debug\GasPedal.a(UART_LOG.o)
                0x1fff8458                UART_LOG_initVar
 .bss           0x1fff845a        0x1 .\CortexM3\ARM_GCC_541\Debug\GasPedal.a(RGB_PWM_blue.o)
                0x1fff845a                RGB_PWM_blue_initVar
 .bss           0x1fff845b        0x1 .\CortexM3\ARM_GCC_541\Debug\GasPedal.a(RGB_PWM_green.o)
                0x1fff845b                RGB_PWM_green_initVar
 .bss           0x1fff845c        0x1 .\CortexM3\ARM_GCC_541\Debug\GasPedal.a(RGB_PWM_red.o)
                0x1fff845c                RGB_PWM_red_initVar
 *fill*         0x1fff845d        0x3 
 .bss           0x1fff8460        0xc .\CortexM3\ARM_GCC_541\Debug\GasPedal.a(JOYSTICK_ADC_XY.o)
                0x1fff8468                JOYSTICK_ADC_XY_initVar
 .bss           0x1fff846c        0x1 .\CortexM3\ARM_GCC_541\Debug\GasPedal.a(JOYSTICK_ADC_XY_SAR.o)
                0x1fff846c                JOYSTICK_ADC_XY_SAR_initVar
 *(COMMON)
 *fill*         0x1fff846d        0x3 
 COMMON         0x1fff8470        0x8 .\CortexM3\ARM_GCC_541\Debug\GasPedal.a(ErikaOS_1_ee_lookup.o)
                0x1fff8470                EE_oo_IRQ_disable_count
                0x1fff8474                EE_oo_IRQ_suspend_status
 COMMON         0x1fff8478        0x4 .\CortexM3\ARM_GCC_541\Debug\GasPedal.a(ErikaOS_1_ee_startos.o)
                0x1fff8478                EE_oo_started
 COMMON         0x1fff847c        0x8 .\CortexM3\ARM_GCC_541\Debug\GasPedal.a(ErikaOS_1_common_ee_hal_structs.o)
                0x1fff847c                EE_IRQ_nesting_level
                0x1fff8480                EE_std_endcycle_next_tid
 COMMON         0x1fff8484     0x256c .\CortexM3\ARM_GCC_541\Debug\GasPedal.a(ErikaOS_1_eecfg.o)
                0x1fff8484                EE_cortex_mx_stack_3
                0x1fff9424                EE_rq_pairs_tid
                0x1fff943c                EE_terminate_data
                0x1fff9454                EE_oo_counter_object_RAM
                0x1fff9464                EE_ApplicationMode
                0x1fff9468                EE_cortex_mx_stack_4
                0x1fffa020                EE_cortex_mx_stack_9
                0x1fffa220                EE_cortex_mx_stack_6
 COMMON         0x1fffa9f0        0x4 .\CortexM3\ARM_GCC_541\Debug\GasPedal.a(JOYSTICK_ADC_XY.o)
                0x1fffa9f0                JOYSTICK_ADC_XY_finalArray
 COMMON         0x1fffa9f4        0xc .\CortexM3\ARM_GCC_541\Debug\GasPedal.a(JOYSTICK_ADC_XY_SAR.o)
                0x1fffa9f4                JOYSTICK_ADC_XY_SAR_offset
                0x1fffa9f6                JOYSTICK_ADC_XY_SAR_countsPerVolt
                0x1fffa9f8                JOYSTICK_ADC_XY_SAR_shift
                0x1fffa9fc                JOYSTICK_ADC_XY_SAR_countsPer10Volt
                0x1fffaa00                . = ALIGN (0x8)
 *(.ram.b)
                0x1fffaa00                _end = .
                0x1fffaa00                __end = .
                0x1fffaa00                PROVIDE (end, .)
                0x1fffaa00                PROVIDE (__bss_end__, .)
                0x000037b8                __cy_region_init_ram = LOADADDR (.data)
                0x00000230                __cy_region_init_size_ram = (_edata - ADDR (.data))
                0x00002708                __cy_region_zero_size_ram = (_end - _edata)

.heap           0x1fffaa00       0x80 load address 0x000039e8
                0x1fffaa00                . = _end
                0x1fffaa80                . = (. + 0x80)
 *fill*         0x1fffaa00       0x80 
                0x1fffaa80                __cy_heap_limit = .

.stack          0x20007800      0x800
                0x20007800                __cy_stack_limit = .
                0x20008000                . = (. + 0x800)
 *fill*         0x20007800      0x800 
                0x00000001                ASSERT ((__cy_stack_limit >= __cy_heap_limit), region RAM overflowed with stack)
                0x00000000                cy_checksum_exclude_size = (CY_APPL_LOADABLE == 0x1)?SIZEOF (.cy_checksum_exclude):0x0
                0x00000001                ASSERT ((cy_checksum_exclude_size <= CY_CHECKSUM_EXCLUDE_SIZE), CY_BOOT: Section .cy_checksum_exclude size exceedes specified limit.)

.cyloadermeta
 *(.cyloadermeta)

.cyloadablemeta
 *(.cyloadablemeta)

.cyconfigecc    0x80000000      0xe78
 *(.cyconfigecc)
 .cyconfigecc   0x80000000      0xe78 .\CortexM3\ARM_GCC_541\Debug\cymetadata.o
                0x80000000                cy_meta_configecc

.cycustnvl      0x90000000        0x4
 *(.cycustnvl)
 .cycustnvl     0x90000000        0x4 .\CortexM3\ARM_GCC_541\Debug\cymetadata.o
                0x90000000                cy_meta_custnvl

.cywolatch      0x90100000        0x4
 *(.cywolatch)
 .cywolatch     0x90100000        0x4 .\CortexM3\ARM_GCC_541\Debug\cymetadata.o
                0x90100000                cy_meta_wonvl

.cyeeprom       0x90200000        0x0
 *(.cyeeprom)
                0x00000001                ASSERT ((. <= ((0x90200000 + ee_offset) + ee_size)), .cyeeprom data will not fit in EEPROM)

.cyflashprotect
                0x90400000      0x100
 *(.cyflashprotect)
 .cyflashprotect
                0x90400000      0x100 .\CortexM3\ARM_GCC_541\Debug\cymetadata.o
                0x90400000                cy_meta_flashprotect

.cymeta         0x90500000        0xc
 *(.cymeta)
 .cymeta        0x90500000        0xc .\CortexM3\ARM_GCC_541\Debug\cymetadata.o
                0x90500000                cy_metadata

.rel.dyn        0x000039e8        0x0 load address 0x9050000c
 .rel.iplt      0x000039e8        0x0 c:/program files (x86)/cypress/psoc creator/4.4/psoc creator/import/gnu/arm/5.4.1/bin/../lib/gcc/arm-none-eabi/5.4.1/armv7-m/crtbegin.o

.stab
 *(.stab)

.stabstr
 *(.stabstr)

.debug
 *(.debug)

.line
 *(.line)

.debug_srcinfo
 *(.debug_srcinfo)

.debug_sfnames
 *(.debug_sfnames)

.debug_aranges  0x00000000     0x18a8
 *(.debug_aranges)
 .debug_aranges
                0x00000000       0x50 .\CortexM3\ARM_GCC_541\Debug\main.o
 .debug_aranges
                0x00000050       0x40 .\CortexM3\ARM_GCC_541\Debug\swc_gaspedal.o
 .debug_aranges
                0x00000090       0x20 .\CortexM3\ARM_GCC_541\Debug\tsk_control.o
 .debug_aranges
                0x000000b0       0x30 .\CortexM3\ARM_GCC_541\Debug\tsk_io.o
 .debug_aranges
                0x000000e0       0x20 .\CortexM3\ARM_GCC_541\Debug\tsk_system.o
 .debug_aranges
                0x00000100       0x20 .\CortexM3\ARM_GCC_541\Debug\tsk_tft.o
 .debug_aranges
                0x00000120       0x28 .\CortexM3\ARM_GCC_541\Debug\button.o
 .debug_aranges
                0x00000148       0x28 .\CortexM3\ARM_GCC_541\Debug\joystick.o
 .debug_aranges
                0x00000170       0x38 .\CortexM3\ARM_GCC_541\Debug\led.o
 .debug_aranges
                0x000001a8       0x50 .\CortexM3\ARM_GCC_541\Debug\seven.o
 .debug_aranges
                0x000001f8       0x38 .\CortexM3\ARM_GCC_541\Debug\watchdog.o
 .debug_aranges
                0x00000230       0x28 .\CortexM3\ARM_GCC_541\Debug\logging.o
 .debug_aranges
                0x00000258      0x178 .\CortexM3\ARM_GCC_541\Debug\tft.o
 .debug_aranges
                0x000003d0       0x28 .\CortexM3\ARM_GCC_541\Debug\rte.o
 .debug_aranges
                0x000003f8       0x20 .\CortexM3\ARM_GCC_541\Debug\sc_breaklight_type.o
 .debug_aranges
                0x00000418       0x20 .\CortexM3\ARM_GCC_541\Debug\sc_breakpedal_type.o
 .debug_aranges
                0x00000438       0x20 .\CortexM3\ARM_GCC_541\Debug\sc_engine_type.o
 .debug_aranges
                0x00000458       0x20 .\CortexM3\ARM_GCC_541\Debug\sc_joystick_type.o
 .debug_aranges
                0x00000478       0x20 .\CortexM3\ARM_GCC_541\Debug\sc_screen_type.o
 .debug_aranges
                0x00000498       0x18 .\CortexM3\ARM_GCC_541\Debug\sc_speed_type.o
 .debug_aranges
                0x000004b0       0x28 .\CortexM3\ARM_GCC_541\Debug\sp_common.o
 .debug_aranges
                0x000004d8       0x58 .\CortexM3\ARM_GCC_541\Debug\cyfitter_cfg.o
 .debug_aranges
                0x00000530       0x18 .\CortexM3\ARM_GCC_541\Debug\cymetadata.o
 .debug_aranges
                0x00000548       0x48 .\CortexM3\ARM_GCC_541\Debug\Cm3Start.o
 .debug_aranges
                0x00000590       0x20 .\CortexM3\ARM_GCC_541\Debug\GasPedal.a(ErikaOS_1_ee_activate.o)
 .debug_aranges
                0x000005b0       0x20 .\CortexM3\ARM_GCC_541\Debug\GasPedal.a(ErikaOS_1_ee_alsetrel.o)
 .debug_aranges
                0x000005d0       0x58 .\CortexM3\ARM_GCC_541\Debug\GasPedal.a(ErikaOS_1_ee_altick.o)
 .debug_aranges
                0x00000628       0x20 .\CortexM3\ARM_GCC_541\Debug\GasPedal.a(ErikaOS_1_ee_evclear.o)
 .debug_aranges
                0x00000648       0x20 .\CortexM3\ARM_GCC_541\Debug\GasPedal.a(ErikaOS_1_ee_evget.o)
 .debug_aranges
                0x00000668       0x20 .\CortexM3\ARM_GCC_541\Debug\GasPedal.a(ErikaOS_1_ee_evset.o)
 .debug_aranges
                0x00000688       0x20 .\CortexM3\ARM_GCC_541\Debug\GasPedal.a(ErikaOS_1_ee_evwait.o)
 .debug_aranges
                0x000006a8       0x30 .\CortexM3\ARM_GCC_541\Debug\GasPedal.a(ErikaOS_1_ee_irqendin.o)
 .debug_aranges
                0x000006d8       0x18 .\CortexM3\ARM_GCC_541\Debug\GasPedal.a(ErikaOS_1_ee_lookup.o)
 .debug_aranges
                0x000006f0       0x20 .\CortexM3\ARM_GCC_541\Debug\GasPedal.a(ErikaOS_1_ee_rq_exchg.o)
 .debug_aranges
                0x00000710       0x20 .\CortexM3\ARM_GCC_541\Debug\GasPedal.a(ErikaOS_1_ee_rq_first.o)
 .debug_aranges
                0x00000730       0x20 .\CortexM3\ARM_GCC_541\Debug\GasPedal.a(ErikaOS_1_ee_rq_inser.o)
 .debug_aranges
                0x00000750       0x30 .\CortexM3\ARM_GCC_541\Debug\GasPedal.a(ErikaOS_1_ee_shtdown.o)
 .debug_aranges
                0x00000780       0x40 .\CortexM3\ARM_GCC_541\Debug\GasPedal.a(ErikaOS_1_ee_startos.o)
 .debug_aranges
                0x000007c0       0x20 .\CortexM3\ARM_GCC_541\Debug\GasPedal.a(ErikaOS_1_ee_terminat.o)
 .debug_aranges
                0x000007e0       0x20 .\CortexM3\ARM_GCC_541\Debug\GasPedal.a(ErikaOS_1_cortex_mx_ee_utils.o)
 .debug_aranges
                0x00000800       0x18 .\CortexM3\ARM_GCC_541\Debug\GasPedal.a(ErikaOS_1_common_ee_hal_structs.o)
 .debug_aranges
                0x00000818       0x18 .\CortexM3\ARM_GCC_541\Debug\GasPedal.a(ErikaOS_1_eecfg.o)
 .debug_aranges
                0x00000830       0x28 .\CortexM3\ARM_GCC_541\Debug\GasPedal.a(SEVEN_reg.o)
 .debug_aranges
                0x00000858       0xf0 .\CortexM3\ARM_GCC_541\Debug\GasPedal.a(UART_LOG.o)
 .debug_aranges
                0x00000948       0xa8 .\CortexM3\ARM_GCC_541\Debug\GasPedal.a(RGB_PWM_blue.o)
 .debug_aranges
                0x000009f0       0xa8 .\CortexM3\ARM_GCC_541\Debug\GasPedal.a(RGB_PWM_green.o)
 .debug_aranges
                0x00000a98       0xa8 .\CortexM3\ARM_GCC_541\Debug\GasPedal.a(RGB_PWM_red.o)
 .debug_aranges
                0x00000b40       0x38 .\CortexM3\ARM_GCC_541\Debug\GasPedal.a(LED_yellow.o)
 .debug_aranges
                0x00000b78       0x38 .\CortexM3\ARM_GCC_541\Debug\GasPedal.a(LED_green.o)
 .debug_aranges
                0x00000bb0       0x38 .\CortexM3\ARM_GCC_541\Debug\GasPedal.a(LED_red.o)
 .debug_aranges
                0x00000be8       0x38 .\CortexM3\ARM_GCC_541\Debug\GasPedal.a(SEVEN_SELECT.o)
 .debug_aranges
                0x00000c20       0x38 .\CortexM3\ARM_GCC_541\Debug\GasPedal.a(BUTTON_1.o)
 .debug_aranges
                0x00000c58       0x38 .\CortexM3\ARM_GCC_541\Debug\GasPedal.a(BUTTON_2.o)
 .debug_aranges
                0x00000c90       0x38 .\CortexM3\ARM_GCC_541\Debug\GasPedal.a(BUTTON_3.o)
 .debug_aranges
                0x00000cc8       0x38 .\CortexM3\ARM_GCC_541\Debug\GasPedal.a(BUTTON_4.o)
 .debug_aranges
                0x00000d00       0x80 .\CortexM3\ARM_GCC_541\Debug\GasPedal.a(isr_Button.o)
 .debug_aranges
                0x00000d80       0xa0 .\CortexM3\ARM_GCC_541\Debug\GasPedal.a(JOYSTICK_ADC_XY.o)
 .debug_aranges
                0x00000e20       0x20 .\CortexM3\ARM_GCC_541\Debug\GasPedal.a(JOYSTICK_ADC_XY_INT.o)
 .debug_aranges
                0x00000e40       0x38 .\CortexM3\ARM_GCC_541\Debug\GasPedal.a(TFT_RES.o)
 .debug_aranges
                0x00000e78       0x38 .\CortexM3\ARM_GCC_541\Debug\GasPedal.a(TFT_DC.o)
 .debug_aranges
                0x00000eb0       0xd8 .\CortexM3\ARM_GCC_541\Debug\GasPedal.a(TFT_SPI.o)
 .debug_aranges
                0x00000f88       0x78 .\CortexM3\ARM_GCC_541\Debug\GasPedal.a(TFT_BackLight.o)
 .debug_aranges
                0x00001000       0x70 .\CortexM3\ARM_GCC_541\Debug\GasPedal.a(UART_LOG_IntClock.o)
 .debug_aranges
                0x00001070       0xa8 .\CortexM3\ARM_GCC_541\Debug\GasPedal.a(JOYSTICK_ADC_XY_SAR.o)
 .debug_aranges
                0x00001118       0x28 .\CortexM3\ARM_GCC_541\Debug\GasPedal.a(JOYSTICK_ADC_XY_TempBuf_dma.o)
 .debug_aranges
                0x00001140       0x28 .\CortexM3\ARM_GCC_541\Debug\GasPedal.a(JOYSTICK_ADC_XY_FinalBuf_dma.o)
 .debug_aranges
                0x00001168       0x80 .\CortexM3\ARM_GCC_541\Debug\GasPedal.a(JOYSTICK_ADC_XY_IRQ.o)
 .debug_aranges
                0x000011e8       0x70 .\CortexM3\ARM_GCC_541\Debug\GasPedal.a(TFT_SPI_IntClock.o)
 .debug_aranges
                0x00001258       0xd8 .\CortexM3\ARM_GCC_541\Debug\GasPedal.a(CyDmac.o)
 .debug_aranges
                0x00001330      0x2a0 .\CortexM3\ARM_GCC_541\Debug\GasPedal.a(CyLib.o)
 .debug_aranges
                0x000015d0       0x98 .\CortexM3\ARM_GCC_541\Debug\GasPedal.a(cyPm.o)
 .debug_aranges
                0x00001668       0x20 .\CortexM3\ARM_GCC_541\Debug\GasPedal.a(ErikaOS_1_ee_gnu_change_context_isr.o)
 .debug_aranges
                0x00001688       0x20 .\CortexM3\ARM_GCC_541\Debug\GasPedal.a(ErikaOS_1_ee_gnu_irq_stack.o)
 .debug_aranges
                0x000016a8       0x20 .\CortexM3\ARM_GCC_541\Debug\GasPedal.a(ErikaOS_1_ee_gnu_multi_context.o)
 .debug_aranges
                0x000016c8       0x20 .\CortexM3\ARM_GCC_541\Debug\GasPedal.a(ErikaOS_1_ee_gnu_oo.o)
 .debug_aranges
                0x000016e8       0x20 .\CortexM3\ARM_GCC_541\Debug\GasPedal.a(CyBootAsmGnu.o)
 .debug_aranges
                0x00001708       0x20 .\CortexM3\ARM_GCC_541\Debug\GasPedal.a(ErikaOS_1_ee_tnterm.o)
 .debug_aranges
                0x00001728       0x20 .\CortexM3\ARM_GCC_541\Debug\GasPedal.a(ErikaOS_1_ee_tstub.o)
 .debug_aranges
                0x00001748       0x28 .\CortexM3\ARM_GCC_541\Debug\GasPedal.a(ErikaOS_1_cortex_mx_ee_context.o)
 .debug_aranges
                0x00001770       0x88 .\CortexM3\ARM_GCC_541\Debug\GasPedal.a(CyFlash.o)
 .debug_aranges
                0x000017f8       0x80 .\CortexM3\ARM_GCC_541\Debug\GasPedal.a(CySpc.o)
 .debug_aranges
                0x00001878       0x30 .\CortexM3\ARM_GCC_541\Debug\GasPedal.a(ErikaOS_1_ee_thendin.o)

.debug_pubnames
 *(.debug_pubnames)

.debug_info     0x00000000    0x1a053
 *(.debug_info .gnu.linkonce.wi.*)
 .debug_info    0x00000000      0x63d .\CortexM3\ARM_GCC_541\Debug\main.o
 .debug_info    0x0000063d     0x107c .\CortexM3\ARM_GCC_541\Debug\swc_gaspedal.o
 .debug_info    0x000016b9      0x279 .\CortexM3\ARM_GCC_541\Debug\tsk_control.o
 .debug_info    0x00001932      0x5e8 .\CortexM3\ARM_GCC_541\Debug\tsk_io.o
 .debug_info    0x00001f1a      0x17d .\CortexM3\ARM_GCC_541\Debug\tsk_system.o
 .debug_info    0x00002097      0x279 .\CortexM3\ARM_GCC_541\Debug\tsk_tft.o
 .debug_info    0x00002310      0x2f7 .\CortexM3\ARM_GCC_541\Debug\button.o
 .debug_info    0x00002607      0x2de .\CortexM3\ARM_GCC_541\Debug\joystick.o
 .debug_info    0x000028e5      0x58b .\CortexM3\ARM_GCC_541\Debug\led.o
 .debug_info    0x00002e70      0x550 .\CortexM3\ARM_GCC_541\Debug\seven.o
 .debug_info    0x000033c0      0x30b .\CortexM3\ARM_GCC_541\Debug\watchdog.o
 .debug_info    0x000036cb      0x3b5 .\CortexM3\ARM_GCC_541\Debug\logging.o
 .debug_info    0x00003a80     0x2733 .\CortexM3\ARM_GCC_541\Debug\tft.o
 .debug_info    0x000061b3      0x375 .\CortexM3\ARM_GCC_541\Debug\rte.o
 .debug_info    0x00006528      0x2a6 .\CortexM3\ARM_GCC_541\Debug\sc_breaklight_type.o
 .debug_info    0x000067ce      0x237 .\CortexM3\ARM_GCC_541\Debug\sc_breakpedal_type.o
 .debug_info    0x00006a05      0x283 .\CortexM3\ARM_GCC_541\Debug\sc_engine_type.o
 .debug_info    0x00006c88      0x28d .\CortexM3\ARM_GCC_541\Debug\sc_joystick_type.o
 .debug_info    0x00006f15      0x275 .\CortexM3\ARM_GCC_541\Debug\sc_screen_type.o
 .debug_info    0x0000718a      0x11c .\CortexM3\ARM_GCC_541\Debug\sc_speed_type.o
 .debug_info    0x000072a6     0x10c6 .\CortexM3\ARM_GCC_541\Debug\sp_common.o
 .debug_info    0x0000836c      0x692 .\CortexM3\ARM_GCC_541\Debug\cyfitter_cfg.o
 .debug_info    0x000089fe      0x139 .\CortexM3\ARM_GCC_541\Debug\cymetadata.o
 .debug_info    0x00008b37      0x3cf .\CortexM3\ARM_GCC_541\Debug\Cm3Start.o
 .debug_info    0x00008f06      0x80d .\CortexM3\ARM_GCC_541\Debug\GasPedal.a(ErikaOS_1_ee_activate.o)
 .debug_info    0x00009713      0x5e5 .\CortexM3\ARM_GCC_541\Debug\GasPedal.a(ErikaOS_1_ee_alsetrel.o)
 .debug_info    0x00009cf8      0xc3b .\CortexM3\ARM_GCC_541\Debug\GasPedal.a(ErikaOS_1_ee_altick.o)
 .debug_info    0x0000a933      0x5a7 .\CortexM3\ARM_GCC_541\Debug\GasPedal.a(ErikaOS_1_ee_evclear.o)
 .debug_info    0x0000aeda      0x4ca .\CortexM3\ARM_GCC_541\Debug\GasPedal.a(ErikaOS_1_ee_evget.o)
 .debug_info    0x0000b3a4      0x7c3 .\CortexM3\ARM_GCC_541\Debug\GasPedal.a(ErikaOS_1_ee_evset.o)
 .debug_info    0x0000bb67      0x84e .\CortexM3\ARM_GCC_541\Debug\GasPedal.a(ErikaOS_1_ee_evwait.o)
 .debug_info    0x0000c3b5      0x5cb .\CortexM3\ARM_GCC_541\Debug\GasPedal.a(ErikaOS_1_ee_irqendin.o)
 .debug_info    0x0000c980      0x3d0 .\CortexM3\ARM_GCC_541\Debug\GasPedal.a(ErikaOS_1_ee_lookup.o)
 .debug_info    0x0000cd50      0x46f .\CortexM3\ARM_GCC_541\Debug\GasPedal.a(ErikaOS_1_ee_rq_exchg.o)
 .debug_info    0x0000d1bf      0x421 .\CortexM3\ARM_GCC_541\Debug\GasPedal.a(ErikaOS_1_ee_rq_first.o)
 .debug_info    0x0000d5e0      0x475 .\CortexM3\ARM_GCC_541\Debug\GasPedal.a(ErikaOS_1_ee_rq_inser.o)
 .debug_info    0x0000da55      0x4f5 .\CortexM3\ARM_GCC_541\Debug\GasPedal.a(ErikaOS_1_ee_shtdown.o)
 .debug_info    0x0000df4a     0x2040 .\CortexM3\ARM_GCC_541\Debug\GasPedal.a(ErikaOS_1_ee_startos.o)
 .debug_info    0x0000ff8a      0x589 .\CortexM3\ARM_GCC_541\Debug\GasPedal.a(ErikaOS_1_ee_terminat.o)
 .debug_info    0x00010513      0x513 .\CortexM3\ARM_GCC_541\Debug\GasPedal.a(ErikaOS_1_cortex_mx_ee_utils.o)
 .debug_info    0x00010a26      0x3cb .\CortexM3\ARM_GCC_541\Debug\GasPedal.a(ErikaOS_1_common_ee_hal_structs.o)
 .debug_info    0x00010df1      0x8fb .\CortexM3\ARM_GCC_541\Debug\GasPedal.a(ErikaOS_1_eecfg.o)
 .debug_info    0x000116ec       0xd6 .\CortexM3\ARM_GCC_541\Debug\GasPedal.a(SEVEN_reg.o)
 .debug_info    0x000117c2      0x60c .\CortexM3\ARM_GCC_541\Debug\GasPedal.a(UART_LOG.o)
 .debug_info    0x00011dce      0x3a0 .\CortexM3\ARM_GCC_541\Debug\GasPedal.a(RGB_PWM_blue.o)
 .debug_info    0x0001216e      0x3a0 .\CortexM3\ARM_GCC_541\Debug\GasPedal.a(RGB_PWM_green.o)
 .debug_info    0x0001250e      0x3a0 .\CortexM3\ARM_GCC_541\Debug\GasPedal.a(RGB_PWM_red.o)
 .debug_info    0x000128ae      0x11f .\CortexM3\ARM_GCC_541\Debug\GasPedal.a(LED_yellow.o)
 .debug_info    0x000129cd      0x11f .\CortexM3\ARM_GCC_541\Debug\GasPedal.a(LED_green.o)
 .debug_info    0x00012aec      0x11f .\CortexM3\ARM_GCC_541\Debug\GasPedal.a(LED_red.o)
 .debug_info    0x00012c0b      0x11f .\CortexM3\ARM_GCC_541\Debug\GasPedal.a(SEVEN_SELECT.o)
 .debug_info    0x00012d2a      0x11f .\CortexM3\ARM_GCC_541\Debug\GasPedal.a(BUTTON_1.o)
 .debug_info    0x00012e49      0x11f .\CortexM3\ARM_GCC_541\Debug\GasPedal.a(BUTTON_2.o)
 .debug_info    0x00012f68      0x11f .\CortexM3\ARM_GCC_541\Debug\GasPedal.a(BUTTON_3.o)
 .debug_info    0x00013087      0x11f .\CortexM3\ARM_GCC_541\Debug\GasPedal.a(BUTTON_4.o)
 .debug_info    0x000131a6      0x2d2 .\CortexM3\ARM_GCC_541\Debug\GasPedal.a(isr_Button.o)
 .debug_info    0x00013478      0x6f2 .\CortexM3\ARM_GCC_541\Debug\GasPedal.a(JOYSTICK_ADC_XY.o)
 .debug_info    0x00013b6a       0xa0 .\CortexM3\ARM_GCC_541\Debug\GasPedal.a(JOYSTICK_ADC_XY_INT.o)
 .debug_info    0x00013c0a      0x11f .\CortexM3\ARM_GCC_541\Debug\GasPedal.a(TFT_RES.o)
 .debug_info    0x00013d29      0x11f .\CortexM3\ARM_GCC_541\Debug\GasPedal.a(TFT_DC.o)
 .debug_info    0x00013e48      0x4bb .\CortexM3\ARM_GCC_541\Debug\GasPedal.a(TFT_SPI.o)
 .debug_info    0x00014303      0x27e .\CortexM3\ARM_GCC_541\Debug\GasPedal.a(TFT_BackLight.o)
 .debug_info    0x00014581      0x283 .\CortexM3\ARM_GCC_541\Debug\GasPedal.a(UART_LOG_IntClock.o)
 .debug_info    0x00014804      0x544 .\CortexM3\ARM_GCC_541\Debug\GasPedal.a(JOYSTICK_ADC_XY_SAR.o)
 .debug_info    0x00014d48      0x1a8 .\CortexM3\ARM_GCC_541\Debug\GasPedal.a(JOYSTICK_ADC_XY_TempBuf_dma.o)
 .debug_info    0x00014ef0      0x1aa .\CortexM3\ARM_GCC_541\Debug\GasPedal.a(JOYSTICK_ADC_XY_FinalBuf_dma.o)
 .debug_info    0x0001509a      0x2d2 .\CortexM3\ARM_GCC_541\Debug\GasPedal.a(JOYSTICK_ADC_XY_IRQ.o)
 .debug_info    0x0001536c      0x283 .\CortexM3\ARM_GCC_541\Debug\GasPedal.a(TFT_SPI_IntClock.o)
 .debug_info    0x000155ef      0x94e .\CortexM3\ARM_GCC_541\Debug\GasPedal.a(CyDmac.o)
 .debug_info    0x00015f3d     0x1374 .\CortexM3\ARM_GCC_541\Debug\GasPedal.a(CyLib.o)
 .debug_info    0x000172b1      0xa2a .\CortexM3\ARM_GCC_541\Debug\GasPedal.a(cyPm.o)
 .debug_info    0x00017cdb       0xaa .\CortexM3\ARM_GCC_541\Debug\GasPedal.a(ErikaOS_1_ee_gnu_change_context_isr.o)
 .debug_info    0x00017d85       0xa1 .\CortexM3\ARM_GCC_541\Debug\GasPedal.a(ErikaOS_1_ee_gnu_irq_stack.o)
 .debug_info    0x00017e26       0xa5 .\CortexM3\ARM_GCC_541\Debug\GasPedal.a(ErikaOS_1_ee_gnu_multi_context.o)
 .debug_info    0x00017ecb       0x9a .\CortexM3\ARM_GCC_541\Debug\GasPedal.a(ErikaOS_1_ee_gnu_oo.o)
 .debug_info    0x00017f65       0x93 .\CortexM3\ARM_GCC_541\Debug\GasPedal.a(CyBootAsmGnu.o)
 .debug_info    0x00017ff8      0x43d .\CortexM3\ARM_GCC_541\Debug\GasPedal.a(ErikaOS_1_ee_tnterm.o)
 .debug_info    0x00018435      0x487 .\CortexM3\ARM_GCC_541\Debug\GasPedal.a(ErikaOS_1_ee_tstub.o)
 .debug_info    0x000188bc      0x501 .\CortexM3\ARM_GCC_541\Debug\GasPedal.a(ErikaOS_1_cortex_mx_ee_context.o)
 .debug_info    0x00018dbd      0x64d .\CortexM3\ARM_GCC_541\Debug\GasPedal.a(CyFlash.o)
 .debug_info    0x0001940a      0x550 .\CortexM3\ARM_GCC_541\Debug\GasPedal.a(CySpc.o)
 .debug_info    0x0001995a      0x6f9 .\CortexM3\ARM_GCC_541\Debug\GasPedal.a(ErikaOS_1_ee_thendin.o)

.debug_abbrev   0x00000000     0x6b25
 *(.debug_abbrev)
 .debug_abbrev  0x00000000      0x22e .\CortexM3\ARM_GCC_541\Debug\main.o
 .debug_abbrev  0x0000022e      0x275 .\CortexM3\ARM_GCC_541\Debug\swc_gaspedal.o
 .debug_abbrev  0x000004a3      0x158 .\CortexM3\ARM_GCC_541\Debug\tsk_control.o
 .debug_abbrev  0x000005fb      0x251 .\CortexM3\ARM_GCC_541\Debug\tsk_io.o
 .debug_abbrev  0x0000084c       0xc7 .\CortexM3\ARM_GCC_541\Debug\tsk_system.o
 .debug_abbrev  0x00000913      0x158 .\CortexM3\ARM_GCC_541\Debug\tsk_tft.o
 .debug_abbrev  0x00000a6b      0x11c .\CortexM3\ARM_GCC_541\Debug\button.o
 .debug_abbrev  0x00000b87      0x11e .\CortexM3\ARM_GCC_541\Debug\joystick.o
 .debug_abbrev  0x00000ca5      0x1c5 .\CortexM3\ARM_GCC_541\Debug\led.o
 .debug_abbrev  0x00000e6a      0x17a .\CortexM3\ARM_GCC_541\Debug\seven.o
 .debug_abbrev  0x00000fe4      0x12d .\CortexM3\ARM_GCC_541\Debug\watchdog.o
 .debug_abbrev  0x00001111      0x14a .\CortexM3\ARM_GCC_541\Debug\logging.o
 .debug_abbrev  0x0000125b      0x2bf .\CortexM3\ARM_GCC_541\Debug\tft.o
 .debug_abbrev  0x0000151a      0x16b .\CortexM3\ARM_GCC_541\Debug\rte.o
 .debug_abbrev  0x00001685      0x12f .\CortexM3\ARM_GCC_541\Debug\sc_breaklight_type.o
 .debug_abbrev  0x000017b4       0xd8 .\CortexM3\ARM_GCC_541\Debug\sc_breakpedal_type.o
 .debug_abbrev  0x0000188c      0x10d .\CortexM3\ARM_GCC_541\Debug\sc_engine_type.o
 .debug_abbrev  0x00001999      0x10f .\CortexM3\ARM_GCC_541\Debug\sc_joystick_type.o
 .debug_abbrev  0x00001aa8      0x10f .\CortexM3\ARM_GCC_541\Debug\sc_screen_type.o
 .debug_abbrev  0x00001bb7       0x5c .\CortexM3\ARM_GCC_541\Debug\sc_speed_type.o
 .debug_abbrev  0x00001c13      0x1ff .\CortexM3\ARM_GCC_541\Debug\sp_common.o
 .debug_abbrev  0x00001e12      0x20d .\CortexM3\ARM_GCC_541\Debug\cyfitter_cfg.o
 .debug_abbrev  0x0000201f       0x77 .\CortexM3\ARM_GCC_541\Debug\cymetadata.o
 .debug_abbrev  0x00002096      0x1e8 .\CortexM3\ARM_GCC_541\Debug\Cm3Start.o
 .debug_abbrev  0x0000227e      0x284 .\CortexM3\ARM_GCC_541\Debug\GasPedal.a(ErikaOS_1_ee_activate.o)
 .debug_abbrev  0x00002502      0x1f7 .\CortexM3\ARM_GCC_541\Debug\GasPedal.a(ErikaOS_1_ee_alsetrel.o)
 .debug_abbrev  0x000026f9      0x362 .\CortexM3\ARM_GCC_541\Debug\GasPedal.a(ErikaOS_1_ee_altick.o)
 .debug_abbrev  0x00002a5b      0x1e0 .\CortexM3\ARM_GCC_541\Debug\GasPedal.a(ErikaOS_1_ee_evclear.o)
 .debug_abbrev  0x00002c3b      0x150 .\CortexM3\ARM_GCC_541\Debug\GasPedal.a(ErikaOS_1_ee_evget.o)
 .debug_abbrev  0x00002d8b      0x27f .\CortexM3\ARM_GCC_541\Debug\GasPedal.a(ErikaOS_1_ee_evset.o)
 .debug_abbrev  0x0000300a      0x25d .\CortexM3\ARM_GCC_541\Debug\GasPedal.a(ErikaOS_1_ee_evwait.o)
 .debug_abbrev  0x00003267      0x1da .\CortexM3\ARM_GCC_541\Debug\GasPedal.a(ErikaOS_1_ee_irqendin.o)
 .debug_abbrev  0x00003441       0xcf .\CortexM3\ARM_GCC_541\Debug\GasPedal.a(ErikaOS_1_ee_lookup.o)
 .debug_abbrev  0x00003510       0xfc .\CortexM3\ARM_GCC_541\Debug\GasPedal.a(ErikaOS_1_ee_rq_exchg.o)
 .debug_abbrev  0x0000360c       0xed .\CortexM3\ARM_GCC_541\Debug\GasPedal.a(ErikaOS_1_ee_rq_first.o)
 .debug_abbrev  0x000036f9      0x109 .\CortexM3\ARM_GCC_541\Debug\GasPedal.a(ErikaOS_1_ee_rq_inser.o)
 .debug_abbrev  0x00003802      0x193 .\CortexM3\ARM_GCC_541\Debug\GasPedal.a(ErikaOS_1_ee_shtdown.o)
 .debug_abbrev  0x00003995      0x4a7 .\CortexM3\ARM_GCC_541\Debug\GasPedal.a(ErikaOS_1_ee_startos.o)
 .debug_abbrev  0x00003e3c      0x1de .\CortexM3\ARM_GCC_541\Debug\GasPedal.a(ErikaOS_1_ee_terminat.o)
 .debug_abbrev  0x0000401a      0x1e3 .\CortexM3\ARM_GCC_541\Debug\GasPedal.a(ErikaOS_1_cortex_mx_ee_utils.o)
 .debug_abbrev  0x000041fd       0xcf .\CortexM3\ARM_GCC_541\Debug\GasPedal.a(ErikaOS_1_common_ee_hal_structs.o)
 .debug_abbrev  0x000042cc      0x130 .\CortexM3\ARM_GCC_541\Debug\GasPedal.a(ErikaOS_1_eecfg.o)
 .debug_abbrev  0x000043fc       0x81 .\CortexM3\ARM_GCC_541\Debug\GasPedal.a(SEVEN_reg.o)
 .debug_abbrev  0x0000447d      0x175 .\CortexM3\ARM_GCC_541\Debug\GasPedal.a(UART_LOG.o)
 .debug_abbrev  0x000045f2      0x133 .\CortexM3\ARM_GCC_541\Debug\GasPedal.a(RGB_PWM_blue.o)
 .debug_abbrev  0x00004725      0x133 .\CortexM3\ARM_GCC_541\Debug\GasPedal.a(RGB_PWM_green.o)
 .debug_abbrev  0x00004858      0x133 .\CortexM3\ARM_GCC_541\Debug\GasPedal.a(RGB_PWM_red.o)
 .debug_abbrev  0x0000498b       0x90 .\CortexM3\ARM_GCC_541\Debug\GasPedal.a(LED_yellow.o)
 .debug_abbrev  0x00004a1b       0x90 .\CortexM3\ARM_GCC_541\Debug\GasPedal.a(LED_green.o)
 .debug_abbrev  0x00004aab       0x90 .\CortexM3\ARM_GCC_541\Debug\GasPedal.a(LED_red.o)
 .debug_abbrev  0x00004b3b       0x90 .\CortexM3\ARM_GCC_541\Debug\GasPedal.a(SEVEN_SELECT.o)
 .debug_abbrev  0x00004bcb       0x90 .\CortexM3\ARM_GCC_541\Debug\GasPedal.a(BUTTON_1.o)
 .debug_abbrev  0x00004c5b       0x90 .\CortexM3\ARM_GCC_541\Debug\GasPedal.a(BUTTON_2.o)
 .debug_abbrev  0x00004ceb       0x90 .\CortexM3\ARM_GCC_541\Debug\GasPedal.a(BUTTON_3.o)
 .debug_abbrev  0x00004d7b       0x90 .\CortexM3\ARM_GCC_541\Debug\GasPedal.a(BUTTON_4.o)
 .debug_abbrev  0x00004e0b      0x173 .\CortexM3\ARM_GCC_541\Debug\GasPedal.a(isr_Button.o)
 .debug_abbrev  0x00004f7e      0x13e .\CortexM3\ARM_GCC_541\Debug\GasPedal.a(JOYSTICK_ADC_XY.o)
 .debug_abbrev  0x000050bc       0x42 .\CortexM3\ARM_GCC_541\Debug\GasPedal.a(JOYSTICK_ADC_XY_INT.o)
 .debug_abbrev  0x000050fe       0x90 .\CortexM3\ARM_GCC_541\Debug\GasPedal.a(TFT_RES.o)
 .debug_abbrev  0x0000518e       0x90 .\CortexM3\ARM_GCC_541\Debug\GasPedal.a(TFT_DC.o)
 .debug_abbrev  0x0000521e      0x146 .\CortexM3\ARM_GCC_541\Debug\GasPedal.a(TFT_SPI.o)
 .debug_abbrev  0x00005364      0x12d .\CortexM3\ARM_GCC_541\Debug\GasPedal.a(TFT_BackLight.o)
 .debug_abbrev  0x00005491      0x139 .\CortexM3\ARM_GCC_541\Debug\GasPedal.a(UART_LOG_IntClock.o)
 .debug_abbrev  0x000055ca      0x1ac .\CortexM3\ARM_GCC_541\Debug\GasPedal.a(JOYSTICK_ADC_XY_SAR.o)
 .debug_abbrev  0x00005776       0xcd .\CortexM3\ARM_GCC_541\Debug\GasPedal.a(JOYSTICK_ADC_XY_TempBuf_dma.o)
 .debug_abbrev  0x00005843       0xcd .\CortexM3\ARM_GCC_541\Debug\GasPedal.a(JOYSTICK_ADC_XY_FinalBuf_dma.o)
 .debug_abbrev  0x00005910      0x173 .\CortexM3\ARM_GCC_541\Debug\GasPedal.a(JOYSTICK_ADC_XY_IRQ.o)
 .debug_abbrev  0x00005a83      0x139 .\CortexM3\ARM_GCC_541\Debug\GasPedal.a(TFT_SPI_IntClock.o)
 .debug_abbrev  0x00005bbc      0x1b2 .\CortexM3\ARM_GCC_541\Debug\GasPedal.a(CyDmac.o)
 .debug_abbrev  0x00005d6e      0x254 .\CortexM3\ARM_GCC_541\Debug\GasPedal.a(CyLib.o)
 .debug_abbrev  0x00005fc2      0x1ab .\CortexM3\ARM_GCC_541\Debug\GasPedal.a(cyPm.o)
 .debug_abbrev  0x0000616d       0x14 .\CortexM3\ARM_GCC_541\Debug\GasPedal.a(ErikaOS_1_ee_gnu_change_context_isr.o)
 .debug_abbrev  0x00006181       0x14 .\CortexM3\ARM_GCC_541\Debug\GasPedal.a(ErikaOS_1_ee_gnu_irq_stack.o)
 .debug_abbrev  0x00006195       0x14 .\CortexM3\ARM_GCC_541\Debug\GasPedal.a(ErikaOS_1_ee_gnu_multi_context.o)
 .debug_abbrev  0x000061a9       0x14 .\CortexM3\ARM_GCC_541\Debug\GasPedal.a(ErikaOS_1_ee_gnu_oo.o)
 .debug_abbrev  0x000061bd       0x14 .\CortexM3\ARM_GCC_541\Debug\GasPedal.a(CyBootAsmGnu.o)
 .debug_abbrev  0x000061d1      0x157 .\CortexM3\ARM_GCC_541\Debug\GasPedal.a(ErikaOS_1_ee_tnterm.o)
 .debug_abbrev  0x00006328      0x143 .\CortexM3\ARM_GCC_541\Debug\GasPedal.a(ErikaOS_1_ee_tstub.o)
 .debug_abbrev  0x0000646b      0x156 .\CortexM3\ARM_GCC_541\Debug\GasPedal.a(ErikaOS_1_cortex_mx_ee_context.o)
 .debug_abbrev  0x000065c1      0x1a7 .\CortexM3\ARM_GCC_541\Debug\GasPedal.a(CyFlash.o)
 .debug_abbrev  0x00006768      0x194 .\CortexM3\ARM_GCC_541\Debug\GasPedal.a(CySpc.o)
 .debug_abbrev  0x000068fc      0x229 .\CortexM3\ARM_GCC_541\Debug\GasPedal.a(ErikaOS_1_ee_thendin.o)

.debug_line     0x00000000     0x9f5b
 *(.debug_line)
 .debug_line    0x00000000      0x43b .\CortexM3\ARM_GCC_541\Debug\main.o
 .debug_line    0x0000043b      0x4c4 .\CortexM3\ARM_GCC_541\Debug\swc_gaspedal.o
 .debug_line    0x000008ff      0x287 .\CortexM3\ARM_GCC_541\Debug\tsk_control.o
 .debug_line    0x00000b86      0x3cd .\CortexM3\ARM_GCC_541\Debug\tsk_io.o
 .debug_line    0x00000f53      0x232 .\CortexM3\ARM_GCC_541\Debug\tsk_system.o
 .debug_line    0x00001185      0x283 .\CortexM3\ARM_GCC_541\Debug\tsk_tft.o
 .debug_line    0x00001408      0x2ae .\CortexM3\ARM_GCC_541\Debug\button.o
 .debug_line    0x000016b6      0x257 .\CortexM3\ARM_GCC_541\Debug\joystick.o
 .debug_line    0x0000190d      0x364 .\CortexM3\ARM_GCC_541\Debug\led.o
 .debug_line    0x00001c71      0x2fe .\CortexM3\ARM_GCC_541\Debug\seven.o
 .debug_line    0x00001f6f      0x28b .\CortexM3\ARM_GCC_541\Debug\watchdog.o
 .debug_line    0x000021fa      0x25d .\CortexM3\ARM_GCC_541\Debug\logging.o
 .debug_line    0x00002457      0x8ab .\CortexM3\ARM_GCC_541\Debug\tft.o
 .debug_line    0x00002d02      0x289 .\CortexM3\ARM_GCC_541\Debug\rte.o
 .debug_line    0x00002f8b        0x0 .\CortexM3\ARM_GCC_541\Debug\sc_breaklight.o
 .debug_line    0x00002f8b      0x262 .\CortexM3\ARM_GCC_541\Debug\sc_breaklight_type.o
 .debug_line    0x000031ed        0x0 .\CortexM3\ARM_GCC_541\Debug\sc_breakpedal.o
 .debug_line    0x000031ed      0x249 .\CortexM3\ARM_GCC_541\Debug\sc_breakpedal_type.o
 .debug_line    0x00003436        0x0 .\CortexM3\ARM_GCC_541\Debug\sc_engine.o
 .debug_line    0x00003436      0x25c .\CortexM3\ARM_GCC_541\Debug\sc_engine_type.o
 .debug_line    0x00003692        0x0 .\CortexM3\ARM_GCC_541\Debug\sc_joystick.o
 .debug_line    0x00003692      0x263 .\CortexM3\ARM_GCC_541\Debug\sc_joystick_type.o
 .debug_line    0x000038f5        0x0 .\CortexM3\ARM_GCC_541\Debug\sc_screen.o
 .debug_line    0x000038f5      0x253 .\CortexM3\ARM_GCC_541\Debug\sc_screen_type.o
 .debug_line    0x00003b48        0x0 .\CortexM3\ARM_GCC_541\Debug\sc_speed.o
 .debug_line    0x00003b48      0x1ed .\CortexM3\ARM_GCC_541\Debug\sc_speed_type.o
 .debug_line    0x00003d35      0x40e .\CortexM3\ARM_GCC_541\Debug\sp_common.o
 .debug_line    0x00004143      0x20c .\CortexM3\ARM_GCC_541\Debug\cyfitter_cfg.o
 .debug_line    0x0000434f      0x141 .\CortexM3\ARM_GCC_541\Debug\cymetadata.o
 .debug_line    0x00004490      0x241 .\CortexM3\ARM_GCC_541\Debug\Cm3Start.o
 .debug_line    0x000046d1      0x1fa .\CortexM3\ARM_GCC_541\Debug\GasPedal.a(ErikaOS_1_ee_activate.o)
 .debug_line    0x000048cb      0x1d1 .\CortexM3\ARM_GCC_541\Debug\GasPedal.a(ErikaOS_1_ee_alsetrel.o)
 .debug_line    0x00004a9c      0x305 .\CortexM3\ARM_GCC_541\Debug\GasPedal.a(ErikaOS_1_ee_altick.o)
 .debug_line    0x00004da1      0x1d5 .\CortexM3\ARM_GCC_541\Debug\GasPedal.a(ErikaOS_1_ee_evclear.o)
 .debug_line    0x00004f76      0x15b .\CortexM3\ARM_GCC_541\Debug\GasPedal.a(ErikaOS_1_ee_evget.o)
 .debug_line    0x000050d1      0x1f7 .\CortexM3\ARM_GCC_541\Debug\GasPedal.a(ErikaOS_1_ee_evset.o)
 .debug_line    0x000052c8      0x203 .\CortexM3\ARM_GCC_541\Debug\GasPedal.a(ErikaOS_1_ee_evwait.o)
 .debug_line    0x000054cb      0x1a0 .\CortexM3\ARM_GCC_541\Debug\GasPedal.a(ErikaOS_1_ee_irqendin.o)
 .debug_line    0x0000566b      0x119 .\CortexM3\ARM_GCC_541\Debug\GasPedal.a(ErikaOS_1_ee_lookup.o)
 .debug_line    0x00005784      0x15b .\CortexM3\ARM_GCC_541\Debug\GasPedal.a(ErikaOS_1_ee_rq_exchg.o)
 .debug_line    0x000058df      0x152 .\CortexM3\ARM_GCC_541\Debug\GasPedal.a(ErikaOS_1_ee_rq_first.o)
 .debug_line    0x00005a31      0x156 .\CortexM3\ARM_GCC_541\Debug\GasPedal.a(ErikaOS_1_ee_rq_inser.o)
 .debug_line    0x00005b87      0x179 .\CortexM3\ARM_GCC_541\Debug\GasPedal.a(ErikaOS_1_ee_shtdown.o)
 .debug_line    0x00005d00      0x3fa .\CortexM3\ARM_GCC_541\Debug\GasPedal.a(ErikaOS_1_ee_startos.o)
 .debug_line    0x000060fa      0x1c0 .\CortexM3\ARM_GCC_541\Debug\GasPedal.a(ErikaOS_1_ee_terminat.o)
 .debug_line    0x000062ba      0x184 .\CortexM3\ARM_GCC_541\Debug\GasPedal.a(ErikaOS_1_cortex_mx_ee_utils.o)
 .debug_line    0x0000643e       0xf9 .\CortexM3\ARM_GCC_541\Debug\GasPedal.a(ErikaOS_1_common_ee_hal_structs.o)
 .debug_line    0x00006537      0x13c .\CortexM3\ARM_GCC_541\Debug\GasPedal.a(ErikaOS_1_eecfg.o)
 .debug_line    0x00006673       0x71 .\CortexM3\ARM_GCC_541\Debug\GasPedal.a(SEVEN_reg.o)
 .debug_line    0x000066e4      0x2c4 .\CortexM3\ARM_GCC_541\Debug\GasPedal.a(UART_LOG.o)
 .debug_line    0x000069a8      0x1b3 .\CortexM3\ARM_GCC_541\Debug\GasPedal.a(RGB_PWM_blue.o)
 .debug_line    0x00006b5b      0x1b4 .\CortexM3\ARM_GCC_541\Debug\GasPedal.a(RGB_PWM_green.o)
 .debug_line    0x00006d0f      0x1b2 .\CortexM3\ARM_GCC_541\Debug\GasPedal.a(RGB_PWM_red.o)
 .debug_line    0x00006ec1       0x97 .\CortexM3\ARM_GCC_541\Debug\GasPedal.a(LED_yellow.o)
 .debug_line    0x00006f58       0x96 .\CortexM3\ARM_GCC_541\Debug\GasPedal.a(LED_green.o)
 .debug_line    0x00006fee       0x94 .\CortexM3\ARM_GCC_541\Debug\GasPedal.a(LED_red.o)
 .debug_line    0x00007082       0x99 .\CortexM3\ARM_GCC_541\Debug\GasPedal.a(SEVEN_SELECT.o)
 .debug_line    0x0000711b       0x95 .\CortexM3\ARM_GCC_541\Debug\GasPedal.a(BUTTON_1.o)
 .debug_line    0x000071b0       0x95 .\CortexM3\ARM_GCC_541\Debug\GasPedal.a(BUTTON_2.o)
 .debug_line    0x00007245       0x95 .\CortexM3\ARM_GCC_541\Debug\GasPedal.a(BUTTON_3.o)
 .debug_line    0x000072da       0x95 .\CortexM3\ARM_GCC_541\Debug\GasPedal.a(BUTTON_4.o)
 .debug_line    0x0000736f      0x137 .\CortexM3\ARM_GCC_541\Debug\GasPedal.a(isr_Button.o)
 .debug_line    0x000074a6      0x23e .\CortexM3\ARM_GCC_541\Debug\GasPedal.a(JOYSTICK_ADC_XY.o)
 .debug_line    0x000076e4       0x5c .\CortexM3\ARM_GCC_541\Debug\GasPedal.a(JOYSTICK_ADC_XY_INT.o)
 .debug_line    0x00007740       0x94 .\CortexM3\ARM_GCC_541\Debug\GasPedal.a(TFT_RES.o)
 .debug_line    0x000077d4       0x93 .\CortexM3\ARM_GCC_541\Debug\GasPedal.a(TFT_DC.o)
 .debug_line    0x00007867      0x249 .\CortexM3\ARM_GCC_541\Debug\GasPedal.a(TFT_SPI.o)
 .debug_line    0x00007ab0      0x13b .\CortexM3\ARM_GCC_541\Debug\GasPedal.a(TFT_BackLight.o)
 .debug_line    0x00007beb      0x180 .\CortexM3\ARM_GCC_541\Debug\GasPedal.a(UART_LOG_IntClock.o)
 .debug_line    0x00007d6b      0x20f .\CortexM3\ARM_GCC_541\Debug\GasPedal.a(JOYSTICK_ADC_XY_SAR.o)
 .debug_line    0x00007f7a       0x94 .\CortexM3\ARM_GCC_541\Debug\GasPedal.a(JOYSTICK_ADC_XY_TempBuf_dma.o)
 .debug_line    0x0000800e       0x95 .\CortexM3\ARM_GCC_541\Debug\GasPedal.a(JOYSTICK_ADC_XY_FinalBuf_dma.o)
 .debug_line    0x000080a3      0x140 .\CortexM3\ARM_GCC_541\Debug\GasPedal.a(JOYSTICK_ADC_XY_IRQ.o)
 .debug_line    0x000081e3      0x17f .\CortexM3\ARM_GCC_541\Debug\GasPedal.a(TFT_SPI_IntClock.o)
 .debug_line    0x00008362      0x2e4 .\CortexM3\ARM_GCC_541\Debug\GasPedal.a(CyDmac.o)
 .debug_line    0x00008646      0x816 .\CortexM3\ARM_GCC_541\Debug\GasPedal.a(CyLib.o)
 .debug_line    0x00008e5c      0x367 .\CortexM3\ARM_GCC_541\Debug\GasPedal.a(cyPm.o)
 .debug_line    0x000091c3       0xae .\CortexM3\ARM_GCC_541\Debug\GasPedal.a(ErikaOS_1_ee_gnu_change_context_isr.o)
 .debug_line    0x00009271       0x74 .\CortexM3\ARM_GCC_541\Debug\GasPedal.a(ErikaOS_1_ee_gnu_irq_stack.o)
 .debug_line    0x000092e5       0x9d .\CortexM3\ARM_GCC_541\Debug\GasPedal.a(ErikaOS_1_ee_gnu_multi_context.o)
 .debug_line    0x00009382       0x99 .\CortexM3\ARM_GCC_541\Debug\GasPedal.a(ErikaOS_1_ee_gnu_oo.o)
 .debug_line    0x0000941b       0x66 .\CortexM3\ARM_GCC_541\Debug\GasPedal.a(CyBootAsmGnu.o)
 .debug_line    0x00009481      0x17b .\CortexM3\ARM_GCC_541\Debug\GasPedal.a(ErikaOS_1_ee_tnterm.o)
 .debug_line    0x000095fc      0x172 .\CortexM3\ARM_GCC_541\Debug\GasPedal.a(ErikaOS_1_ee_tstub.o)
 .debug_line    0x0000976e      0x1ac .\CortexM3\ARM_GCC_541\Debug\GasPedal.a(ErikaOS_1_cortex_mx_ee_context.o)
 .debug_line    0x0000991a      0x21a .\CortexM3\ARM_GCC_541\Debug\GasPedal.a(CyFlash.o)
 .debug_line    0x00009b34      0x260 .\CortexM3\ARM_GCC_541\Debug\GasPedal.a(CySpc.o)
 .debug_line    0x00009d94      0x1c7 .\CortexM3\ARM_GCC_541\Debug\GasPedal.a(ErikaOS_1_ee_thendin.o)

.debug_frame    0x00000000     0x3778
 *(.debug_frame)
 .debug_frame   0x00000000       0xdc .\CortexM3\ARM_GCC_541\Debug\main.o
 .debug_frame   0x000000dc       0xc8 .\CortexM3\ARM_GCC_541\Debug\swc_gaspedal.o
 .debug_frame   0x000001a4       0x2c .\CortexM3\ARM_GCC_541\Debug\tsk_control.o
 .debug_frame   0x000001d0       0x78 .\CortexM3\ARM_GCC_541\Debug\tsk_io.o
 .debug_frame   0x00000248       0x2c .\CortexM3\ARM_GCC_541\Debug\tsk_system.o
 .debug_frame   0x00000274       0x2c .\CortexM3\ARM_GCC_541\Debug\tsk_tft.o
 .debug_frame   0x000002a0       0x4c .\CortexM3\ARM_GCC_541\Debug\button.o
 .debug_frame   0x000002ec       0x4c .\CortexM3\ARM_GCC_541\Debug\joystick.o
 .debug_frame   0x00000338       0x8c .\CortexM3\ARM_GCC_541\Debug\led.o
 .debug_frame   0x000003c4       0xf0 .\CortexM3\ARM_GCC_541\Debug\seven.o
 .debug_frame   0x000004b4       0x68 .\CortexM3\ARM_GCC_541\Debug\watchdog.o
 .debug_frame   0x0000051c       0x48 .\CortexM3\ARM_GCC_541\Debug\logging.o
 .debug_frame   0x00000564      0x5bc .\CortexM3\ARM_GCC_541\Debug\tft.o
 .debug_frame   0x00000b20       0x60 .\CortexM3\ARM_GCC_541\Debug\rte.o
 .debug_frame   0x00000b80       0x2c .\CortexM3\ARM_GCC_541\Debug\sc_breaklight_type.o
 .debug_frame   0x00000bac       0x20 .\CortexM3\ARM_GCC_541\Debug\sc_breakpedal_type.o
 .debug_frame   0x00000bcc       0x2c .\CortexM3\ARM_GCC_541\Debug\sc_engine_type.o
 .debug_frame   0x00000bf8       0x30 .\CortexM3\ARM_GCC_541\Debug\sc_joystick_type.o
 .debug_frame   0x00000c28       0x2c .\CortexM3\ARM_GCC_541\Debug\sc_screen_type.o
 .debug_frame   0x00000c54       0x30 .\CortexM3\ARM_GCC_541\Debug\sp_common.o
 .debug_frame   0x00000c84       0xfc .\CortexM3\ARM_GCC_541\Debug\cyfitter_cfg.o
 .debug_frame   0x00000d80       0xb8 .\CortexM3\ARM_GCC_541\Debug\Cm3Start.o
 .debug_frame   0x00000e38       0x30 .\CortexM3\ARM_GCC_541\Debug\GasPedal.a(ErikaOS_1_ee_activate.o)
 .debug_frame   0x00000e68       0x38 .\CortexM3\ARM_GCC_541\Debug\GasPedal.a(ErikaOS_1_ee_alsetrel.o)
 .debug_frame   0x00000ea0      0x10c .\CortexM3\ARM_GCC_541\Debug\GasPedal.a(ErikaOS_1_ee_altick.o)
 .debug_frame   0x00000fac       0x38 .\CortexM3\ARM_GCC_541\Debug\GasPedal.a(ErikaOS_1_ee_evclear.o)
 .debug_frame   0x00000fe4       0x20 .\CortexM3\ARM_GCC_541\Debug\GasPedal.a(ErikaOS_1_ee_evget.o)
 .debug_frame   0x00001004       0x30 .\CortexM3\ARM_GCC_541\Debug\GasPedal.a(ErikaOS_1_ee_evset.o)
 .debug_frame   0x00001034       0x30 .\CortexM3\ARM_GCC_541\Debug\GasPedal.a(ErikaOS_1_ee_evwait.o)
 .debug_frame   0x00001064       0x58 .\CortexM3\ARM_GCC_541\Debug\GasPedal.a(ErikaOS_1_ee_irqendin.o)
 .debug_frame   0x000010bc       0x3c .\CortexM3\ARM_GCC_541\Debug\GasPedal.a(ErikaOS_1_ee_rq_exchg.o)
 .debug_frame   0x000010f8       0x20 .\CortexM3\ARM_GCC_541\Debug\GasPedal.a(ErikaOS_1_ee_rq_first.o)
 .debug_frame   0x00001118       0x30 .\CortexM3\ARM_GCC_541\Debug\GasPedal.a(ErikaOS_1_ee_rq_inser.o)
 .debug_frame   0x00001148       0x58 .\CortexM3\ARM_GCC_541\Debug\GasPedal.a(ErikaOS_1_ee_shtdown.o)
 .debug_frame   0x000011a0       0x90 .\CortexM3\ARM_GCC_541\Debug\GasPedal.a(ErikaOS_1_ee_startos.o)
 .debug_frame   0x00001230       0x2c .\CortexM3\ARM_GCC_541\Debug\GasPedal.a(ErikaOS_1_ee_terminat.o)
 .debug_frame   0x0000125c       0x30 .\CortexM3\ARM_GCC_541\Debug\GasPedal.a(ErikaOS_1_cortex_mx_ee_utils.o)
 .debug_frame   0x0000128c       0x30 .\CortexM3\ARM_GCC_541\Debug\GasPedal.a(SEVEN_reg.o)
 .debug_frame   0x000012bc      0x250 .\CortexM3\ARM_GCC_541\Debug\GasPedal.a(UART_LOG.o)
 .debug_frame   0x0000150c      0x154 .\CortexM3\ARM_GCC_541\Debug\GasPedal.a(RGB_PWM_blue.o)
 .debug_frame   0x00001660      0x154 .\CortexM3\ARM_GCC_541\Debug\GasPedal.a(RGB_PWM_green.o)
 .debug_frame   0x000017b4      0x154 .\CortexM3\ARM_GCC_541\Debug\GasPedal.a(RGB_PWM_red.o)
 .debug_frame   0x00001908       0x50 .\CortexM3\ARM_GCC_541\Debug\GasPedal.a(LED_yellow.o)
 .debug_frame   0x00001958       0x50 .\CortexM3\ARM_GCC_541\Debug\GasPedal.a(LED_green.o)
 .debug_frame   0x000019a8       0x50 .\CortexM3\ARM_GCC_541\Debug\GasPedal.a(LED_red.o)
 .debug_frame   0x000019f8       0x50 .\CortexM3\ARM_GCC_541\Debug\GasPedal.a(SEVEN_SELECT.o)
 .debug_frame   0x00001a48       0x50 .\CortexM3\ARM_GCC_541\Debug\GasPedal.a(BUTTON_1.o)
 .debug_frame   0x00001a98       0x50 .\CortexM3\ARM_GCC_541\Debug\GasPedal.a(BUTTON_2.o)
 .debug_frame   0x00001ae8       0x50 .\CortexM3\ARM_GCC_541\Debug\GasPedal.a(BUTTON_3.o)